<?xml version="1.0" encoding="ISO-8859-1" ?>
<link_info>
   <banner>MSP430 Linker PC v18.12.2.LTS</banner>
   <copyright>Copyright (c) 2003-2018 Texas Instruments Incorporated</copyright>
   <link_time>0x5d80a5f1</link_time>
   <link_errors>0x0</link_errors>
   <output_file>IMU BackChannel.out</output_file>
   <entry_point>
      <name>_c_int00_noargs</name>
      <address>0x45d8</address>
   </entry_point>
   <input_file_list>
      <input_file id="fl-2">
         <path>.\</path>
         <kind>object</kind>
         <file>BCUart.obj</file>
         <name>BCUart.obj</name>
      </input_file>
      <input_file id="fl-3">
         <path>.\</path>
         <kind>object</kind>
         <file>LSM6DS0.obj</file>
         <name>LSM6DS0.obj</name>
      </input_file>
      <input_file id="fl-4">
         <path>.\</path>
         <kind>object</kind>
         <file>hal.obj</file>
         <name>hal.obj</name>
      </input_file>
      <input_file id="fl-5">
         <path>.\</path>
         <kind>object</kind>
         <file>main.obj</file>
         <name>main.obj</name>
      </input_file>
      <input_file id="fl-6">
         <path>.\</path>
         <kind>object</kind>
         <file>system_pre_init.obj</file>
         <name>system_pre_init.obj</name>
      </input_file>
      <input_file id="fl-7">
         <path>.\USB_API\USB_CDC_API\</path>
         <kind>object</kind>
         <file>UsbCdc.obj</file>
         <name>UsbCdc.obj</name>
      </input_file>
      <input_file id="fl-8">
         <path>.\USB_API\USB_Common\</path>
         <kind>object</kind>
         <file>usb.obj</file>
         <name>usb.obj</name>
      </input_file>
      <input_file id="fl-9">
         <path>.\USB_API\USB_Common\</path>
         <kind>object</kind>
         <file>usbdma.obj</file>
         <name>usbdma.obj</name>
      </input_file>
      <input_file id="fl-a">
         <path>.\USB_API\USB_HID_API\</path>
         <kind>object</kind>
         <file>UsbHid.obj</file>
         <name>UsbHid.obj</name>
      </input_file>
      <input_file id="fl-b">
         <path>.\USB_API\USB_HID_API\</path>
         <kind>object</kind>
         <file>UsbHidReq.obj</file>
         <name>UsbHidReq.obj</name>
      </input_file>
      <input_file id="fl-c">
         <path>.\USB_API\USB_MSC_API\</path>
         <kind>object</kind>
         <file>UsbMscReq.obj</file>
         <name>UsbMscReq.obj</name>
      </input_file>
      <input_file id="fl-d">
         <path>.\USB_API\USB_MSC_API\</path>
         <kind>object</kind>
         <file>UsbMscScsi.obj</file>
         <name>UsbMscScsi.obj</name>
      </input_file>
      <input_file id="fl-e">
         <path>.\USB_API\USB_MSC_API\</path>
         <kind>object</kind>
         <file>UsbMscStateMachine.obj</file>
         <name>UsbMscStateMachine.obj</name>
      </input_file>
      <input_file id="fl-f">
         <path>.\USB_API\USB_PHDC_API\</path>
         <kind>object</kind>
         <file>UsbPHDC.obj</file>
         <name>UsbPHDC.obj</name>
      </input_file>
      <input_file id="fl-10">
         <path>.\USB_app\</path>
         <kind>object</kind>
         <file>usbConstructs.obj</file>
         <name>usbConstructs.obj</name>
      </input_file>
      <input_file id="fl-11">
         <path>.\USB_app\</path>
         <kind>object</kind>
         <file>usbEventHandling.obj</file>
         <name>usbEventHandling.obj</name>
      </input_file>
      <input_file id="fl-12">
         <path>.\USB_config\</path>
         <kind>object</kind>
         <file>UsbIsr.obj</file>
         <name>UsbIsr.obj</name>
      </input_file>
      <input_file id="fl-13">
         <path>.\USB_config\</path>
         <kind>object</kind>
         <file>descriptors.obj</file>
         <name>descriptors.obj</name>
      </input_file>
      <input_file id="fl-14">
         <path>.\driverlib\MSP430F5xx_6xx\</path>
         <kind>object</kind>
         <file>adc10_a.obj</file>
         <name>adc10_a.obj</name>
      </input_file>
      <input_file id="fl-15">
         <path>.\driverlib\MSP430F5xx_6xx\</path>
         <kind>object</kind>
         <file>adc12_a.obj</file>
         <name>adc12_a.obj</name>
      </input_file>
      <input_file id="fl-16">
         <path>.\driverlib\MSP430F5xx_6xx\</path>
         <kind>object</kind>
         <file>aes.obj</file>
         <name>aes.obj</name>
      </input_file>
      <input_file id="fl-17">
         <path>.\driverlib\MSP430F5xx_6xx\</path>
         <kind>object</kind>
         <file>battbak.obj</file>
         <name>battbak.obj</name>
      </input_file>
      <input_file id="fl-18">
         <path>.\driverlib\MSP430F5xx_6xx\</path>
         <kind>object</kind>
         <file>comp_b.obj</file>
         <name>comp_b.obj</name>
      </input_file>
      <input_file id="fl-19">
         <path>.\driverlib\MSP430F5xx_6xx\</path>
         <kind>object</kind>
         <file>crc.obj</file>
         <name>crc.obj</name>
      </input_file>
      <input_file id="fl-1a">
         <path>.\driverlib\MSP430F5xx_6xx\</path>
         <kind>object</kind>
         <file>dac12_a.obj</file>
         <name>dac12_a.obj</name>
      </input_file>
      <input_file id="fl-1b">
         <path>.\driverlib\MSP430F5xx_6xx\</path>
         <kind>object</kind>
         <file>dma.obj</file>
         <name>dma.obj</name>
      </input_file>
      <input_file id="fl-1c">
         <path>.\driverlib\MSP430F5xx_6xx\</path>
         <kind>object</kind>
         <file>eusci_a_spi.obj</file>
         <name>eusci_a_spi.obj</name>
      </input_file>
      <input_file id="fl-1d">
         <path>.\driverlib\MSP430F5xx_6xx\</path>
         <kind>object</kind>
         <file>eusci_a_uart.obj</file>
         <name>eusci_a_uart.obj</name>
      </input_file>
      <input_file id="fl-1e">
         <path>.\driverlib\MSP430F5xx_6xx\</path>
         <kind>object</kind>
         <file>eusci_b_i2c.obj</file>
         <name>eusci_b_i2c.obj</name>
      </input_file>
      <input_file id="fl-1f">
         <path>.\driverlib\MSP430F5xx_6xx\</path>
         <kind>object</kind>
         <file>eusci_b_spi.obj</file>
         <name>eusci_b_spi.obj</name>
      </input_file>
      <input_file id="fl-20">
         <path>.\driverlib\MSP430F5xx_6xx\</path>
         <kind>object</kind>
         <file>flashctl.obj</file>
         <name>flashctl.obj</name>
      </input_file>
      <input_file id="fl-21">
         <path>.\driverlib\MSP430F5xx_6xx\</path>
         <kind>object</kind>
         <file>gpio.obj</file>
         <name>gpio.obj</name>
      </input_file>
      <input_file id="fl-22">
         <path>.\driverlib\MSP430F5xx_6xx\</path>
         <kind>object</kind>
         <file>ldopwr.obj</file>
         <name>ldopwr.obj</name>
      </input_file>
      <input_file id="fl-23">
         <path>.\driverlib\MSP430F5xx_6xx\</path>
         <kind>object</kind>
         <file>mpy32.obj</file>
         <name>mpy32.obj</name>
      </input_file>
      <input_file id="fl-24">
         <path>.\driverlib\MSP430F5xx_6xx\</path>
         <kind>object</kind>
         <file>pmap.obj</file>
         <name>pmap.obj</name>
      </input_file>
      <input_file id="fl-25">
         <path>.\driverlib\MSP430F5xx_6xx\</path>
         <kind>object</kind>
         <file>pmm.obj</file>
         <name>pmm.obj</name>
      </input_file>
      <input_file id="fl-26">
         <path>.\driverlib\MSP430F5xx_6xx\</path>
         <kind>object</kind>
         <file>ram.obj</file>
         <name>ram.obj</name>
      </input_file>
      <input_file id="fl-27">
         <path>.\driverlib\MSP430F5xx_6xx\</path>
         <kind>object</kind>
         <file>ref.obj</file>
         <name>ref.obj</name>
      </input_file>
      <input_file id="fl-28">
         <path>.\driverlib\MSP430F5xx_6xx\</path>
         <kind>object</kind>
         <file>rtc_a.obj</file>
         <name>rtc_a.obj</name>
      </input_file>
      <input_file id="fl-29">
         <path>.\driverlib\MSP430F5xx_6xx\</path>
         <kind>object</kind>
         <file>rtc_b.obj</file>
         <name>rtc_b.obj</name>
      </input_file>
      <input_file id="fl-2a">
         <path>.\driverlib\MSP430F5xx_6xx\</path>
         <kind>object</kind>
         <file>rtc_c.obj</file>
         <name>rtc_c.obj</name>
      </input_file>
      <input_file id="fl-2b">
         <path>.\driverlib\MSP430F5xx_6xx\</path>
         <kind>object</kind>
         <file>sd24_b.obj</file>
         <name>sd24_b.obj</name>
      </input_file>
      <input_file id="fl-2c">
         <path>.\driverlib\MSP430F5xx_6xx\</path>
         <kind>object</kind>
         <file>sfr.obj</file>
         <name>sfr.obj</name>
      </input_file>
      <input_file id="fl-2d">
         <path>.\driverlib\MSP430F5xx_6xx\</path>
         <kind>object</kind>
         <file>sysctl.obj</file>
         <name>sysctl.obj</name>
      </input_file>
      <input_file id="fl-2e">
         <path>.\driverlib\MSP430F5xx_6xx\</path>
         <kind>object</kind>
         <file>tec.obj</file>
         <name>tec.obj</name>
      </input_file>
      <input_file id="fl-2f">
         <path>.\driverlib\MSP430F5xx_6xx\</path>
         <kind>object</kind>
         <file>timer_a.obj</file>
         <name>timer_a.obj</name>
      </input_file>
      <input_file id="fl-30">
         <path>.\driverlib\MSP430F5xx_6xx\</path>
         <kind>object</kind>
         <file>timer_b.obj</file>
         <name>timer_b.obj</name>
      </input_file>
      <input_file id="fl-31">
         <path>.\driverlib\MSP430F5xx_6xx\</path>
         <kind>object</kind>
         <file>timer_d.obj</file>
         <name>timer_d.obj</name>
      </input_file>
      <input_file id="fl-32">
         <path>.\driverlib\MSP430F5xx_6xx\</path>
         <kind>object</kind>
         <file>tlv.obj</file>
         <name>tlv.obj</name>
      </input_file>
      <input_file id="fl-33">
         <path>.\driverlib\MSP430F5xx_6xx\</path>
         <kind>object</kind>
         <file>ucs.obj</file>
         <name>ucs.obj</name>
      </input_file>
      <input_file id="fl-34">
         <path>.\driverlib\MSP430F5xx_6xx\</path>
         <kind>object</kind>
         <file>usci_a_spi.obj</file>
         <name>usci_a_spi.obj</name>
      </input_file>
      <input_file id="fl-35">
         <path>.\driverlib\MSP430F5xx_6xx\</path>
         <kind>object</kind>
         <file>usci_a_uart.obj</file>
         <name>usci_a_uart.obj</name>
      </input_file>
      <input_file id="fl-36">
         <path>.\driverlib\MSP430F5xx_6xx\</path>
         <kind>object</kind>
         <file>usci_b_i2c.obj</file>
         <name>usci_b_i2c.obj</name>
      </input_file>
      <input_file id="fl-37">
         <path>.\driverlib\MSP430F5xx_6xx\</path>
         <kind>object</kind>
         <file>usci_b_spi.obj</file>
         <name>usci_b_spi.obj</name>
      </input_file>
      <input_file id="fl-38">
         <path>.\driverlib\MSP430F5xx_6xx\</path>
         <kind>object</kind>
         <file>wdt_a.obj</file>
         <name>wdt_a.obj</name>
      </input_file>
      <input_file id="fl-40">
         <kind>object</kind>
         <file>&lt;internal&gt;</file>
         <name>&lt;internal&gt;</name>
      </input_file>
      <input_file id="fl-5b">
         <path>E:\ti\ccs910\ccs\tools\compiler\ti-cgt-msp430_18.12.2.LTS\lib\</path>
         <kind>archive</kind>
         <file>rts430x_lc_rd_eabi.lib</file>
         <name>sprintf.c.obj</name>
      </input_file>
      <input_file id="fl-5c">
         <path>E:\ti\ccs910\ccs\tools\compiler\ti-cgt-msp430_18.12.2.LTS\lib\</path>
         <kind>archive</kind>
         <file>rts430x_lc_rd_eabi.lib</file>
         <name>div16s.asm.obj</name>
      </input_file>
      <input_file id="fl-5d">
         <path>E:\ti\ccs910\ccs\tools\compiler\ti-cgt-msp430_18.12.2.LTS\lib\</path>
         <kind>archive</kind>
         <file>rts430x_lc_rd_eabi.lib</file>
         <name>div16u.asm.obj</name>
      </input_file>
      <input_file id="fl-5e">
         <path>E:\ti\ccs910\ccs\tools\compiler\ti-cgt-msp430_18.12.2.LTS\lib\</path>
         <kind>archive</kind>
         <file>rts430x_lc_rd_eabi.lib</file>
         <name>div32s.asm.obj</name>
      </input_file>
      <input_file id="fl-5f">
         <path>E:\ti\ccs910\ccs\tools\compiler\ti-cgt-msp430_18.12.2.LTS\lib\</path>
         <kind>archive</kind>
         <file>rts430x_lc_rd_eabi.lib</file>
         <name>div32u.asm.obj</name>
      </input_file>
      <input_file id="fl-60">
         <path>E:\ti\ccs910\ccs\tools\compiler\ti-cgt-msp430_18.12.2.LTS\lib\</path>
         <kind>archive</kind>
         <file>rts430x_lc_rd_eabi.lib</file>
         <name>fs_add.asm.obj</name>
      </input_file>
      <input_file id="fl-61">
         <path>E:\ti\ccs910\ccs\tools\compiler\ti-cgt-msp430_18.12.2.LTS\lib\</path>
         <kind>archive</kind>
         <file>rts430x_lc_rd_eabi.lib</file>
         <name>fs_div.asm.obj</name>
      </input_file>
      <input_file id="fl-62">
         <path>E:\ti\ccs910\ccs\tools\compiler\ti-cgt-msp430_18.12.2.LTS\lib\</path>
         <kind>archive</kind>
         <file>rts430x_lc_rd_eabi.lib</file>
         <name>int41.asm.obj</name>
      </input_file>
      <input_file id="fl-63">
         <path>E:\ti\ccs910\ccs\tools\compiler\ti-cgt-msp430_18.12.2.LTS\lib\</path>
         <kind>archive</kind>
         <file>rts430x_lc_rd_eabi.lib</file>
         <name>int42.asm.obj</name>
      </input_file>
      <input_file id="fl-64">
         <path>E:\ti\ccs910\ccs\tools\compiler\ti-cgt-msp430_18.12.2.LTS\lib\</path>
         <kind>archive</kind>
         <file>rts430x_lc_rd_eabi.lib</file>
         <name>int43.asm.obj</name>
      </input_file>
      <input_file id="fl-65">
         <path>E:\ti\ccs910\ccs\tools\compiler\ti-cgt-msp430_18.12.2.LTS\lib\</path>
         <kind>archive</kind>
         <file>rts430x_lc_rd_eabi.lib</file>
         <name>int44.asm.obj</name>
      </input_file>
      <input_file id="fl-66">
         <path>E:\ti\ccs910\ccs\tools\compiler\ti-cgt-msp430_18.12.2.LTS\lib\</path>
         <kind>archive</kind>
         <file>rts430x_lc_rd_eabi.lib</file>
         <name>int45.asm.obj</name>
      </input_file>
      <input_file id="fl-67">
         <path>E:\ti\ccs910\ccs\tools\compiler\ti-cgt-msp430_18.12.2.LTS\lib\</path>
         <kind>archive</kind>
         <file>rts430x_lc_rd_eabi.lib</file>
         <name>int47.asm.obj</name>
      </input_file>
      <input_file id="fl-68">
         <path>E:\ti\ccs910\ccs\tools\compiler\ti-cgt-msp430_18.12.2.LTS\lib\</path>
         <kind>archive</kind>
         <file>rts430x_lc_rd_eabi.lib</file>
         <name>int48.asm.obj</name>
      </input_file>
      <input_file id="fl-69">
         <path>E:\ti\ccs910\ccs\tools\compiler\ti-cgt-msp430_18.12.2.LTS\lib\</path>
         <kind>archive</kind>
         <file>rts430x_lc_rd_eabi.lib</file>
         <name>int49.asm.obj</name>
      </input_file>
      <input_file id="fl-6a">
         <path>E:\ti\ccs910\ccs\tools\compiler\ti-cgt-msp430_18.12.2.LTS\lib\</path>
         <kind>archive</kind>
         <file>rts430x_lc_rd_eabi.lib</file>
         <name>int50.asm.obj</name>
      </input_file>
      <input_file id="fl-6b">
         <path>E:\ti\ccs910\ccs\tools\compiler\ti-cgt-msp430_18.12.2.LTS\lib\</path>
         <kind>archive</kind>
         <file>rts430x_lc_rd_eabi.lib</file>
         <name>int52.asm.obj</name>
      </input_file>
      <input_file id="fl-6c">
         <path>E:\ti\ccs910\ccs\tools\compiler\ti-cgt-msp430_18.12.2.LTS\lib\</path>
         <kind>archive</kind>
         <file>rts430x_lc_rd_eabi.lib</file>
         <name>int53.asm.obj</name>
      </input_file>
      <input_file id="fl-6d">
         <path>E:\ti\ccs910\ccs\tools\compiler\ti-cgt-msp430_18.12.2.LTS\lib\</path>
         <kind>archive</kind>
         <file>rts430x_lc_rd_eabi.lib</file>
         <name>int54.asm.obj</name>
      </input_file>
      <input_file id="fl-6e">
         <path>E:\ti\ccs910\ccs\tools\compiler\ti-cgt-msp430_18.12.2.LTS\lib\</path>
         <kind>archive</kind>
         <file>rts430x_lc_rd_eabi.lib</file>
         <name>int55.asm.obj</name>
      </input_file>
      <input_file id="fl-6f">
         <path>E:\ti\ccs910\ccs\tools\compiler\ti-cgt-msp430_18.12.2.LTS\lib\</path>
         <kind>archive</kind>
         <file>rts430x_lc_rd_eabi.lib</file>
         <name>int56.asm.obj</name>
      </input_file>
      <input_file id="fl-70">
         <path>E:\ti\ccs910\ccs\tools\compiler\ti-cgt-msp430_18.12.2.LTS\lib\</path>
         <kind>archive</kind>
         <file>rts430x_lc_rd_eabi.lib</file>
         <name>int57.asm.obj</name>
      </input_file>
      <input_file id="fl-71">
         <path>E:\ti\ccs910\ccs\tools\compiler\ti-cgt-msp430_18.12.2.LTS\lib\</path>
         <kind>archive</kind>
         <file>rts430x_lc_rd_eabi.lib</file>
         <name>int58.asm.obj</name>
      </input_file>
      <input_file id="fl-72">
         <path>E:\ti\ccs910\ccs\tools\compiler\ti-cgt-msp430_18.12.2.LTS\lib\</path>
         <kind>archive</kind>
         <file>rts430x_lc_rd_eabi.lib</file>
         <name>int59.asm.obj</name>
      </input_file>
      <input_file id="fl-73">
         <path>E:\ti\ccs910\ccs\tools\compiler\ti-cgt-msp430_18.12.2.LTS\lib\</path>
         <kind>archive</kind>
         <file>rts430x_lc_rd_eabi.lib</file>
         <name>int60.asm.obj</name>
      </input_file>
      <input_file id="fl-74">
         <path>E:\ti\ccs910\ccs\tools\compiler\ti-cgt-msp430_18.12.2.LTS\lib\</path>
         <kind>archive</kind>
         <file>rts430x_lc_rd_eabi.lib</file>
         <name>int61.asm.obj</name>
      </input_file>
      <input_file id="fl-75">
         <path>E:\ti\ccs910\ccs\tools\compiler\ti-cgt-msp430_18.12.2.LTS\lib\</path>
         <kind>archive</kind>
         <file>rts430x_lc_rd_eabi.lib</file>
         <name>int62.asm.obj</name>
      </input_file>
      <input_file id="fl-76">
         <path>E:\ti\ccs910\ccs\tools\compiler\ti-cgt-msp430_18.12.2.LTS\lib\</path>
         <kind>archive</kind>
         <file>rts430x_lc_rd_eabi.lib</file>
         <name>isr_trap.asm.obj</name>
      </input_file>
      <input_file id="fl-77">
         <path>E:\ti\ccs910\ccs\tools\compiler\ti-cgt-msp430_18.12.2.LTS\lib\</path>
         <kind>archive</kind>
         <file>rts430x_lc_rd_eabi.lib</file>
         <name>lsl16.asm.obj</name>
      </input_file>
      <input_file id="fl-78">
         <path>E:\ti\ccs910\ccs\tools\compiler\ti-cgt-msp430_18.12.2.LTS\lib\</path>
         <kind>archive</kind>
         <file>rts430x_lc_rd_eabi.lib</file>
         <name>lsl32.asm.obj</name>
      </input_file>
      <input_file id="fl-79">
         <path>E:\ti\ccs910\ccs\tools\compiler\ti-cgt-msp430_18.12.2.LTS\lib\</path>
         <kind>archive</kind>
         <file>rts430x_lc_rd_eabi.lib</file>
         <name>lsr16.asm.obj</name>
      </input_file>
      <input_file id="fl-7a">
         <path>E:\ti\ccs910\ccs\tools\compiler\ti-cgt-msp430_18.12.2.LTS\lib\</path>
         <kind>archive</kind>
         <file>rts430x_lc_rd_eabi.lib</file>
         <name>lsr32.asm.obj</name>
      </input_file>
      <input_file id="fl-7b">
         <path>E:\ti\ccs910\ccs\tools\compiler\ti-cgt-msp430_18.12.2.LTS\lib\</path>
         <kind>archive</kind>
         <file>rts430x_lc_rd_eabi.lib</file>
         <name>mult16.asm.obj</name>
      </input_file>
      <input_file id="fl-7c">
         <path>E:\ti\ccs910\ccs\tools\compiler\ti-cgt-msp430_18.12.2.LTS\lib\</path>
         <kind>archive</kind>
         <file>rts430x_lc_rd_eabi.lib</file>
         <name>mult16_f5hw.asm.obj</name>
      </input_file>
      <input_file id="fl-7d">
         <path>E:\ti\ccs910\ccs\tools\compiler\ti-cgt-msp430_18.12.2.LTS\lib\</path>
         <kind>archive</kind>
         <file>rts430x_lc_rd_eabi.lib</file>
         <name>mult1632_f5hw.asm.obj</name>
      </input_file>
      <input_file id="fl-7e">
         <path>E:\ti\ccs910\ccs\tools\compiler\ti-cgt-msp430_18.12.2.LTS\lib\</path>
         <kind>archive</kind>
         <file>rts430x_lc_rd_eabi.lib</file>
         <name>mult32.asm.obj</name>
      </input_file>
      <input_file id="fl-7f">
         <path>E:\ti\ccs910\ccs\tools\compiler\ti-cgt-msp430_18.12.2.LTS\lib\</path>
         <kind>archive</kind>
         <file>rts430x_lc_rd_eabi.lib</file>
         <name>mult32_f5hw.asm.obj</name>
      </input_file>
      <input_file id="fl-80">
         <path>E:\ti\ccs910\ccs\tools\compiler\ti-cgt-msp430_18.12.2.LTS\lib\</path>
         <kind>archive</kind>
         <file>rts430x_lc_rd_eabi.lib</file>
         <name>mult3264_f5hw.asm.obj</name>
      </input_file>
      <input_file id="fl-81">
         <path>E:\ti\ccs910\ccs\tools\compiler\ti-cgt-msp430_18.12.2.LTS\lib\</path>
         <kind>archive</kind>
         <file>rts430x_lc_rd_eabi.lib</file>
         <name>mult64_f5hw.asm.obj</name>
      </input_file>
      <input_file id="fl-82">
         <path>E:\ti\ccs910\ccs\tools\compiler\ti-cgt-msp430_18.12.2.LTS\lib\</path>
         <kind>archive</kind>
         <file>rts430x_lc_rd_eabi.lib</file>
         <name>boot.c.obj</name>
      </input_file>
      <input_file id="fl-83">
         <path>E:\ti\ccs910\ccs\tools\compiler\ti-cgt-msp430_18.12.2.LTS\lib\</path>
         <kind>archive</kind>
         <file>rts430x_lc_rd_eabi.lib</file>
         <name>autoinit.c.obj</name>
      </input_file>
      <input_file id="fl-84">
         <path>E:\ti\ccs910\ccs\tools\compiler\ti-cgt-msp430_18.12.2.LTS\lib\</path>
         <kind>archive</kind>
         <file>rts430x_lc_rd_eabi.lib</file>
         <name>copy_zero_init.c.obj</name>
      </input_file>
      <input_file id="fl-85">
         <path>E:\ti\ccs910\ccs\tools\compiler\ti-cgt-msp430_18.12.2.LTS\lib\</path>
         <kind>archive</kind>
         <file>rts430x_lc_rd_eabi.lib</file>
         <name>cpy_tbl.c.obj</name>
      </input_file>
      <input_file id="fl-86">
         <path>E:\ti\ccs910\ccs\tools\compiler\ti-cgt-msp430_18.12.2.LTS\lib\</path>
         <kind>archive</kind>
         <file>rts430x_lc_rd_eabi.lib</file>
         <name>mpu_init.c.obj</name>
      </input_file>
      <input_file id="fl-87">
         <path>E:\ti\ccs910\ccs\tools\compiler\ti-cgt-msp430_18.12.2.LTS\lib\</path>
         <kind>archive</kind>
         <file>rts430x_lc_rd_eabi.lib</file>
         <name>startup.c.obj</name>
      </input_file>
      <input_file id="fl-88">
         <path>E:\ti\ccs910\ccs\tools\compiler\ti-cgt-msp430_18.12.2.LTS\lib\</path>
         <kind>archive</kind>
         <file>rts430x_lc_rd_eabi.lib</file>
         <name>copy_decompress_none.c.obj</name>
      </input_file>
      <input_file id="fl-89">
         <path>E:\ti\ccs910\ccs\tools\compiler\ti-cgt-msp430_18.12.2.LTS\lib\</path>
         <kind>archive</kind>
         <file>rts430x_lc_rd_eabi.lib</file>
         <name>copy_decompress_lzss.c.obj</name>
      </input_file>
      <input_file id="fl-8a">
         <path>E:\ti\ccs910\ccs\tools\compiler\ti-cgt-msp430_18.12.2.LTS\lib\</path>
         <kind>archive</kind>
         <file>rts430x_lc_rd_eabi.lib</file>
         <name>cvtfd.c.obj</name>
      </input_file>
      <input_file id="fl-8b">
         <path>E:\ti\ccs910\ccs\tools\compiler\ti-cgt-msp430_18.12.2.LTS\lib\</path>
         <kind>archive</kind>
         <file>rts430x_lc_rd_eabi.lib</file>
         <name>divd.c.obj</name>
      </input_file>
      <input_file id="fl-8c">
         <path>E:\ti\ccs910\ccs\tools\compiler\ti-cgt-msp430_18.12.2.LTS\lib\</path>
         <kind>archive</kind>
         <file>rts430x_lc_rd_eabi.lib</file>
         <name>fltid.c.obj</name>
      </input_file>
      <input_file id="fl-8d">
         <path>E:\ti\ccs910\ccs\tools\compiler\ti-cgt-msp430_18.12.2.LTS\lib\</path>
         <kind>archive</kind>
         <file>rts430x_lc_rd_eabi.lib</file>
         <name>fltlid.c.obj</name>
      </input_file>
      <input_file id="fl-8e">
         <path>E:\ti\ccs910\ccs\tools\compiler\ti-cgt-msp430_18.12.2.LTS\lib\</path>
         <kind>archive</kind>
         <file>rts430x_lc_rd_eabi.lib</file>
         <name>frcdivd.c.obj</name>
      </input_file>
      <input_file id="fl-8f">
         <path>E:\ti\ccs910\ccs\tools\compiler\ti-cgt-msp430_18.12.2.LTS\lib\</path>
         <kind>archive</kind>
         <file>rts430x_lc_rd_eabi.lib</file>
         <name>mpyd.c.obj</name>
      </input_file>
      <input_file id="fl-90">
         <path>E:\ti\ccs910\ccs\tools\compiler\ti-cgt-msp430_18.12.2.LTS\lib\</path>
         <kind>archive</kind>
         <file>rts430x_lc_rd_eabi.lib</file>
         <name>cvtdf.c.obj</name>
      </input_file>
      <input_file id="fl-91">
         <path>E:\ti\ccs910\ccs\tools\compiler\ti-cgt-msp430_18.12.2.LTS\lib\</path>
         <kind>archive</kind>
         <file>rts430x_lc_rd_eabi.lib</file>
         <name>exit.c.obj</name>
      </input_file>
      <input_file id="fl-92">
         <path>E:\ti\ccs910\ccs\tools\compiler\ti-cgt-msp430_18.12.2.LTS\lib\</path>
         <kind>archive</kind>
         <file>rts430x_lc_rd_eabi.lib</file>
         <name>_lock.c.obj</name>
      </input_file>
      <input_file id="fl-93">
         <path>E:\ti\ccs910\ccs\tools\compiler\ti-cgt-msp430_18.12.2.LTS\lib\</path>
         <kind>archive</kind>
         <file>rts430x_lc_rd_eabi.lib</file>
         <name>args_main.c.obj</name>
      </input_file>
      <input_file id="fl-94">
         <path>E:\ti\ccs910\ccs\tools\compiler\ti-cgt-msp430_18.12.2.LTS\lib\</path>
         <kind>archive</kind>
         <file>rts430x_lc_rd_eabi.lib</file>
         <name>memcpy.c.obj</name>
      </input_file>
      <input_file id="fl-95">
         <path>E:\ti\ccs910\ccs\tools\compiler\ti-cgt-msp430_18.12.2.LTS\lib\</path>
         <kind>archive</kind>
         <file>rts430x_lc_rd_eabi.lib</file>
         <name>memset.c.obj</name>
      </input_file>
      <input_file id="fl-96">
         <path>E:\ti\ccs910\ccs\tools\compiler\ti-cgt-msp430_18.12.2.LTS\lib\</path>
         <kind>archive</kind>
         <file>rts430x_lc_rd_eabi.lib</file>
         <name>_printfi_min.c.obj</name>
      </input_file>
      <input_file id="fl-97">
         <path>E:\ti\ccs910\ccs\tools\compiler\ti-cgt-msp430_18.12.2.LTS\lib\</path>
         <kind>archive</kind>
         <file>rts430x_lc_rd_eabi.lib</file>
         <name>asr32.asm.obj</name>
      </input_file>
      <input_file id="fl-98">
         <path>E:\ti\ccs910\ccs\tools\compiler\ti-cgt-msp430_18.12.2.LTS\lib\</path>
         <kind>archive</kind>
         <file>rts430x_lc_rd_eabi.lib</file>
         <name>exit_gvars.c.obj</name>
      </input_file>
      <input_file id="fl-99">
         <path>E:\ti\ccs910\ccs\tools\compiler\ti-cgt-msp430_18.12.2.LTS\lib\</path>
         <kind>archive</kind>
         <file>rts430x_lc_rd_eabi.lib</file>
         <name>lsr64.c.obj</name>
      </input_file>
      <input_file id="fl-9a">
         <path>E:\ti\ccs910\ccs\tools\compiler\ti-cgt-msp430_18.12.2.LTS\lib\</path>
         <kind>archive</kind>
         <file>rts430x_lc_rd_eabi.lib</file>
         <name>frcmpyd.c.obj</name>
      </input_file>
      <input_file id="fl-9b">
         <path>E:\ti\ccs910\ccs\tools\compiler\ti-cgt-msp430_18.12.2.LTS\lib\</path>
         <kind>archive</kind>
         <file>rts430x_lc_rd_eabi.lib</file>
         <name>memccpy.c.obj</name>
      </input_file>
      <input_file id="fl-9c">
         <path>E:\ti\ccs910\ccs\tools\compiler\ti-cgt-msp430_18.12.2.LTS\lib\</path>
         <kind>archive</kind>
         <file>rts430x_lc_rd_eabi.lib</file>
         <name>strlen.c.obj</name>
      </input_file>
   </input_file_list>
   <object_component_list>
      <object_component id="oc-61b">
         <name>.bss:CdcControl</name>
         <uninitialized>true</uninitialized>
         <run_address>0x256c</run_address>
         <size>0x8</size>
         <input_file_ref idref="fl-7"/>
      </object_component>
      <object_component id="oc-53d">
         <name>.bss:CdcWriteCtrl</name>
         <uninitialized>true</uninitialized>
         <run_address>0x2554</run_address>
         <size>0xc</size>
         <input_file_ref idref="fl-7"/>
      </object_component>
      <object_component id="oc-54b">
         <name>.bss:CdcReadCtrl</name>
         <uninitialized>true</uninitialized>
         <run_address>0x2522</run_address>
         <size>0x1a</size>
         <input_file_ref idref="fl-7"/>
      </object_component>
      <object_component id="oc-51e">
         <name>.bss</name>
         <uninitialized>true</uninitialized>
         <run_address>0x2560</run_address>
         <size>0xb</size>
         <input_file_ref idref="fl-8"/>
      </object_component>
      <object_component id="oc-40b">
         <name>.common:bcUartRcvBuf</name>
         <uninitialized>true</uninitialized>
         <run_address>0x2400</run_address>
         <size>0x80</size>
      </object_component>
      <object_component id="oc-578">
         <name>.common:x_gyro</name>
         <uninitialized>true</uninitialized>
         <run_address>0x253c</run_address>
         <size>0x18</size>
      </object_component>
      <object_component id="oc-685">
         <name>.common:buf_usbToBcuart</name>
         <uninitialized>true</uninitialized>
         <run_address>0x2480</run_address>
         <size>0x80</size>
      </object_component>
      <object_component id="oc-521">
         <name>.common:wBytesRemainingOnIEP0</name>
         <uninitialized>true</uninitialized>
         <run_address>0x258c</run_address>
         <size>0x2</size>
      </object_component>
      <object_component id="oc-522">
         <name>.common:wBytesRemainingOnOEP0</name>
         <uninitialized>true</uninitialized>
         <run_address>0x258e</run_address>
         <size>0x2</size>
      </object_component>
      <object_component id="oc-4cc">
         <name>.common:abUsbRequestReturnData</name>
         <uninitialized>true</uninitialized>
         <run_address>0x257c</run_address>
         <size>0x8</size>
      </object_component>
      <object_component id="oc-615">
         <name>.common:abUsbRequestIncomingData</name>
         <uninitialized>true</uninitialized>
         <run_address>0x2574</run_address>
         <size>0x8</size>
      </object_component>
      <object_component id="oc-7fc">
         <name>.common:abramSerialStringDescriptor</name>
         <uninitialized>true</uninitialized>
         <run_address>0x2500</run_address>
         <size>0x22</size>
      </object_component>
      <object_component id="oc-4cb">
         <name>.common:bStatusAction</name>
         <uninitialized>true</uninitialized>
         <run_address>0x256b</run_address>
         <size>0x1</size>
      </object_component>
      <object_component id="oc-415">
         <name>.common:wUsbEventMask</name>
         <uninitialized>true</uninitialized>
         <run_address>0x2590</run_address>
         <size>0x2</size>
      </object_component>
      <object_component id="oc-546">
         <name>.common:USB_TX_memcpy</name>
         <uninitialized>true</uninitialized>
         <run_address>0x2588</run_address>
         <size>0x4</size>
      </object_component>
      <object_component id="oc-648">
         <name>.common:USB_RX_memcpy</name>
         <uninitialized>true</uninitialized>
         <run_address>0x2584</run_address>
         <size>0x4</size>
      </object_component>
      <object_component id="oc-408">
         <name>.data</name>
         <load_address>0x259e</load_address>
         <run_address>0x259e</run_address>
         <size>0x3</size>
         <input_file_ref idref="fl-2"/>
      </object_component>
      <object_component id="oc-591">
         <name>.data</name>
         <load_address>0x259a</load_address>
         <run_address>0x259a</run_address>
         <size>0x4</size>
         <input_file_ref idref="fl-5"/>
      </object_component>
      <object_component id="oc-505">
         <name>.data</name>
         <load_address>0x2592</load_address>
         <run_address>0x2592</run_address>
         <size>0x8</size>
         <input_file_ref idref="fl-8"/>
      </object_component>
      <object_component id="oc-38d">
         <name>.stack</name>
         <uninitialized>true</uninitialized>
         <run_address>0x4360</run_address>
         <size>0x4</size>
         <input_file_ref idref="fl-82"/>
      </object_component>
      <object_component id="oc-90c">
         <name>.stack</name>
         <uninitialized>true</uninitialized>
         <run_address>0x4360</run_address>
         <size>0x0</size>
      </object_component>
      <object_component id="oc-77c">
         <name>.text:__TI_frcdivd</name>
         <load_address>0x10000</load_address>
         <run_address>0x10000</run_address>
         <size>0x466</size>
         <input_file_ref idref="fl-8e"/>
      </object_component>
      <object_component id="oc-466">
         <name>.text:CdcToHostFromBuffer</name>
         <load_address>0x10466</load_address>
         <run_address>0x10466</run_address>
         <size>0x364</size>
         <input_file_ref idref="fl-7"/>
      </object_component>
      <object_component id="oc-47e">
         <name>.text:CdcToBufferFromHost</name>
         <load_address>0x107ca</load_address>
         <run_address>0x107ca</run_address>
         <size>0x2a6</size>
         <input_file_ref idref="fl-7"/>
      </object_component>
      <object_component id="oc-76f">
         <name>.text:__TI_frcmpyd</name>
         <load_address>0x10a70</load_address>
         <run_address>0x10a70</run_address>
         <size>0x280</size>
         <input_file_ref idref="fl-9a"/>
      </object_component>
      <object_component id="oc-665">
         <name>.text:__mspabi_mpyd</name>
         <load_address>0x10cf0</load_address>
         <run_address>0x10cf0</run_address>
         <size>0x266</size>
         <input_file_ref idref="fl-8f"/>
      </object_component>
      <object_component id="oc-66b">
         <name>.text:__mspabi_divd</name>
         <load_address>0x10f56</load_address>
         <run_address>0x10f56</run_address>
         <size>0x222</size>
         <input_file_ref idref="fl-8b"/>
      </object_component>
      <object_component id="oc-442">
         <name>.text:USB_reset</name>
         <load_address>0x11178</load_address>
         <run_address>0x11178</run_address>
         <size>0x1d8</size>
         <input_file_ref idref="fl-8"/>
      </object_component>
      <object_component id="oc-4f0">
         <name>.text:USB_determineFreq</name>
         <load_address>0x11350</load_address>
         <run_address>0x11350</run_address>
         <size>0x138</size>
         <input_file_ref idref="fl-8"/>
      </object_component>
      <object_component id="oc-55d">
         <name>.text:CopyUsbToBuff</name>
         <load_address>0x11488</load_address>
         <run_address>0x11488</run_address>
         <size>0x136</size>
         <input_file_ref idref="fl-7"/>
      </object_component>
      <object_component id="oc-839">
         <name>.text:_setfield</name>
         <load_address>0x115be</load_address>
         <run_address>0x115be</run_address>
         <size>0x132</size>
         <input_file_ref idref="fl-96"/>
      </object_component>
      <object_component id="oc-587">
         <name>.text</name>
         <load_address>0x116f0</load_address>
         <run_address>0x116f0</run_address>
         <size>0x132</size>
         <input_file_ref idref="fl-60"/>
      </object_component>
      <object_component id="oc-581">
         <name>.text:accelLoad</name>
         <load_address>0x11822</load_address>
         <run_address>0x11822</run_address>
         <size>0x126</size>
         <input_file_ref idref="fl-3"/>
      </object_component>
      <object_component id="oc-57b">
         <name>.text:gyroLoad</name>
         <load_address>0x11948</load_address>
         <run_address>0x11948</run_address>
         <size>0x11a</size>
         <input_file_ref idref="fl-3"/>
      </object_component>
      <object_component id="oc-4cd">
         <name>.text:usbDecodeAndProcessUsbRequest</name>
         <load_address>0x11a62</load_address>
         <run_address>0x11a62</run_address>
         <size>0xfc</size>
         <input_file_ref idref="fl-8"/>
      </object_component>
      <object_component id="oc-4f8">
         <name>.text:USB_enable</name>
         <load_address>0x11b5e</load_address>
         <run_address>0x11b5e</run_address>
         <size>0xfa</size>
         <input_file_ref idref="fl-8"/>
      </object_component>
      <object_component id="oc-472">
         <name>.text:USBCDC_getBytesInUSBBuffer</name>
         <load_address>0x11c58</load_address>
         <run_address>0x11c58</run_address>
         <size>0xe0</size>
         <input_file_ref idref="fl-7"/>
      </object_component>
      <object_component id="oc-79f">
         <name>.text:__TI_printfi_minimal</name>
         <load_address>0x11d38</load_address>
         <run_address>0x11d38</run_address>
         <size>0xdc</size>
         <input_file_ref idref="fl-96"/>
      </object_component>
      <object_component id="oc-878">
         <name>.text:_pproc_diouxp</name>
         <load_address>0x11e14</load_address>
         <run_address>0x11e14</run_address>
         <size>0xda</size>
         <input_file_ref idref="fl-96"/>
      </object_component>
      <object_component id="oc-70e">
         <name>.text:usbGetEndpointStatus</name>
         <load_address>0x11eee</load_address>
         <run_address>0x11eee</run_address>
         <size>0xa6</size>
         <input_file_ref idref="fl-8"/>
      </object_component>
      <object_component id="oc-768">
         <name>.text:__mspabi_fltlid</name>
         <load_address>0x11f94</load_address>
         <run_address>0x11f94</run_address>
         <size>0x9e</size>
         <input_file_ref idref="fl-8d"/>
      </object_component>
      <object_component id="oc-6c6">
         <name>.text:usbGetLineCoding</name>
         <load_address>0x12032</load_address>
         <run_address>0x12032</run_address>
         <size>0x9c</size>
         <input_file_ref idref="fl-7"/>
      </object_component>
      <object_component id="oc-58c">
         <name>.text</name>
         <load_address>0x120ce</load_address>
         <run_address>0x120ce</run_address>
         <size>0x90</size>
         <input_file_ref idref="fl-61"/>
      </object_component>
      <object_component id="oc-671">
         <name>.text:__mspabi_cvtdf</name>
         <load_address>0x1215e</load_address>
         <run_address>0x1215e</run_address>
         <size>0x8c</size>
         <input_file_ref idref="fl-90"/>
      </object_component>
      <object_component id="oc-42a">
         <name>.text:PWRVBUSoffHandler</name>
         <load_address>0x121ea</load_address>
         <run_address>0x121ea</run_address>
         <size>0x82</size>
         <input_file_ref idref="fl-12"/>
      </object_component>
      <object_component id="oc-50a">
         <name>.text:usbSendNextPacketOnIEP0</name>
         <load_address>0x1226c</load_address>
         <run_address>0x1226c</run_address>
         <size>0x80</size>
         <input_file_ref idref="fl-8"/>
      </object_component>
      <object_component id="oc-517">
         <name>.text:Handler_SetLineCoding</name>
         <load_address>0x122ec</load_address>
         <run_address>0x122ec</run_address>
         <size>0x78</size>
         <input_file_ref idref="fl-7"/>
      </object_component>
      <object_component id="oc-41e">
         <name>.text:PWRVBUSonHandler</name>
         <load_address>0x12364</load_address>
         <run_address>0x12364</run_address>
         <size>0x76</size>
         <input_file_ref idref="fl-12"/>
      </object_component>
      <object_component id="oc-6d">
         <name>.text:decompress:lzss:__TI_decompress_lzss</name>
         <load_address>0x123da</load_address>
         <run_address>0x123da</run_address>
         <size>0x76</size>
         <input_file_ref idref="fl-89"/>
      </object_component>
      <object_component id="oc-6f6">
         <name>.text:usbGetStringDescriptor</name>
         <load_address>0x12450</load_address>
         <run_address>0x12450</run_address>
         <size>0x74</size>
         <input_file_ref idref="fl-8"/>
      </object_component>
      <object_component id="oc-511">
         <name>.text:usbReceiveNextPacketOnOEP0</name>
         <load_address>0x124c4</load_address>
         <run_address>0x124c4</run_address>
         <size>0x6a</size>
         <input_file_ref idref="fl-8"/>
      </object_component>
      <object_component id="oc-498">
         <name>.text:main</name>
         <load_address>0x1252e</load_address>
         <run_address>0x1252e</run_address>
         <size>0x64</size>
         <input_file_ref idref="fl-5"/>
      </object_component>
      <object_component id="oc-40f">
         <name>.text:SetupPacketInterruptHandler</name>
         <load_address>0x12592</load_address>
         <run_address>0x12592</run_address>
         <size>0x5c</size>
         <input_file_ref idref="fl-12"/>
      </object_component>
      <object_component id="oc-67e">
         <name>.text:__mspabi_cvtfd</name>
         <load_address>0x125ee</load_address>
         <run_address>0x125ee</run_address>
         <size>0x5c</size>
         <input_file_ref idref="fl-8a"/>
      </object_component>
      <object_component id="oc-726">
         <name>.text:usbSetEndpointFeature</name>
         <load_address>0x1264a</load_address>
         <run_address>0x1264a</run_address>
         <size>0x56</size>
         <input_file_ref idref="fl-8"/>
      </object_component>
      <object_component id="oc-5fc">
         <name>.text:UCS_turnOnXT2WithTimeout</name>
         <load_address>0x126a0</load_address>
         <run_address>0x126a0</run_address>
         <size>0x54</size>
         <input_file_ref idref="fl-33"/>
      </object_component>
      <object_component id="oc-5bf">
         <name>.text:__TI_auto_init_nobinit_nopinit_hold_wdt:__TI_auto_init_nobinit_nopinit_hold_wdt</name>
         <load_address>0x126f4</load_address>
         <run_address>0x126f4</run_address>
         <size>0x54</size>
         <input_file_ref idref="fl-83"/>
      </object_component>
      <object_component id="oc-6de">
         <name>.text:usbClearEndpointFeature</name>
         <load_address>0x12748</load_address>
         <run_address>0x12748</run_address>
         <size>0x54</size>
         <input_file_ref idref="fl-8"/>
      </object_component>
      <object_component id="oc-5f6">
         <name>.text:GPIO_setAsPeripheralModuleFunctionOutputPin</name>
         <load_address>0x1279c</load_address>
         <run_address>0x1279c</run_address>
         <size>0x4e</size>
         <input_file_ref idref="fl-21"/>
      </object_component>
      <object_component id="oc-68c">
         <name>.text:bcUartSend</name>
         <load_address>0x127ea</load_address>
         <run_address>0x127ea</run_address>
         <size>0x4c</size>
         <input_file_ref idref="fl-2"/>
      </object_component>
      <object_component id="oc-64b">
         <name>.text:read</name>
         <load_address>0x12836</load_address>
         <run_address>0x12836</run_address>
         <size>0x4c</size>
         <input_file_ref idref="fl-3"/>
      </object_component>
      <object_component id="oc-526">
         <name>.text:CdcResetData</name>
         <load_address>0x12882</load_address>
         <run_address>0x12882</run_address>
         <size>0x4a</size>
         <input_file_ref idref="fl-7"/>
      </object_component>
      <object_component id="oc-83f">
         <name>.text:_pproc_str</name>
         <load_address>0x128cc</load_address>
         <run_address>0x128cc</run_address>
         <size>0x48</size>
         <input_file_ref idref="fl-96"/>
      </object_component>
      <object_component id="oc-686">
         <name>.text:sprintf</name>
         <load_address>0x12914</load_address>
         <run_address>0x12914</run_address>
         <size>0x44</size>
         <input_file_ref idref="fl-5b"/>
      </object_component>
      <object_component id="oc-572">
         <name>.text:LSM6DS0_Init</name>
         <load_address>0x12958</load_address>
         <run_address>0x12958</run_address>
         <size>0x42</size>
         <input_file_ref idref="fl-3"/>
      </object_component>
      <object_component id="oc-594">
         <name>.text:UsbExecution</name>
         <load_address>0x1299a</load_address>
         <run_address>0x1299a</run_address>
         <size>0x42</size>
         <input_file_ref idref="fl-5"/>
      </object_component>
      <object_component id="oc-788">
         <name>.text:l_asr_const</name>
         <load_address>0x129dc</load_address>
         <run_address>0x129dc</run_address>
         <size>0x3e</size>
         <input_file_ref idref="fl-97"/>
      </object_component>
      <object_component id="oc-616">
         <name>.text:l_lsl_const</name>
         <load_address>0x12a1a</load_address>
         <run_address>0x12a1a</run_address>
         <size>0x3e</size>
         <input_file_ref idref="fl-78"/>
      </object_component>
      <object_component id="oc-81a">
         <name>.text:l_lsr_const</name>
         <load_address>0x12a58</load_address>
         <run_address>0x12a58</run_address>
         <size>0x3e</size>
         <input_file_ref idref="fl-7a"/>
      </object_component>
      <object_component id="oc-43c">
         <name>.text:OEP0InterruptHandler</name>
         <load_address>0x12a96</load_address>
         <run_address>0x12a96</run_address>
         <size>0x3c</size>
         <input_file_ref idref="fl-12"/>
      </object_component>
      <object_component id="oc-7d0">
         <name>.text:usbSendDataPacketOnEP0</name>
         <load_address>0x12ad2</load_address>
         <run_address>0x12ad2</run_address>
         <size>0x38</size>
         <input_file_ref idref="fl-8"/>
      </object_component>
      <object_component id="oc-54f">
         <name>.text:usbDisableOutEndpointInterrupt</name>
         <load_address>0x12b0a</load_address>
         <run_address>0x12b0a</run_address>
         <size>0x36</size>
         <input_file_ref idref="fl-8"/>
      </object_component>
      <object_component id="oc-702">
         <name>.text:usbGetDeviceStatus</name>
         <load_address>0x12b40</load_address>
         <run_address>0x12b40</run_address>
         <size>0x32</size>
         <input_file_ref idref="fl-8"/>
      </object_component>
      <object_component id="oc-71a">
         <name>.text:usbSetConfiguration</name>
         <load_address>0x12b72</load_address>
         <run_address>0x12b72</run_address>
         <size>0x32</size>
         <input_file_ref idref="fl-8"/>
      </object_component>
      <object_component id="oc-44e">
         <name>.text:USB_suspend</name>
         <load_address>0x12ba4</load_address>
         <run_address>0x12ba4</run_address>
         <size>0x30</size>
         <input_file_ref idref="fl-8"/>
      </object_component>
      <object_component id="oc-651">
         <name>.text:writeRegister</name>
         <load_address>0x12bd4</load_address>
         <run_address>0x12bd4</run_address>
         <size>0x26</size>
         <input_file_ref idref="fl-3"/>
      </object_component>
      <object_component id="oc-3ba">
         <name>.text:decompress:ZI:__TI_zero_init_nomemset:__TI_zero_init_nomemset</name>
         <load_address>0x12bfa</load_address>
         <run_address>0x12bfa</run_address>
         <size>0x24</size>
         <input_file_ref idref="fl-84"/>
      </object_component>
      <object_component id="oc-821">
         <name>.text</name>
         <load_address>0x12c1e</load_address>
         <run_address>0x12c1e</run_address>
         <size>0x24</size>
         <input_file_ref idref="fl-7f"/>
      </object_component>
      <object_component id="oc-7d7">
         <name>.text:usbReceiveDataPacketOnEP0</name>
         <load_address>0x12c42</load_address>
         <run_address>0x12c42</run_address>
         <size>0x24</size>
         <input_file_ref idref="fl-8"/>
      </object_component>
      <object_component id="oc-46c">
         <name>.text:CdcIsReceiveInProgress</name>
         <load_address>0x12c66</load_address>
         <run_address>0x12c66</run_address>
         <size>0x22</size>
         <input_file_ref idref="fl-7"/>
      </object_component>
      <object_component id="oc-793">
         <name>.text:_outs</name>
         <load_address>0x12c88</load_address>
         <run_address>0x12c88</run_address>
         <size>0x20</size>
         <input_file_ref idref="fl-5b"/>
      </object_component>
      <object_component id="oc-74e">
         <name>.text:setReadMode</name>
         <load_address>0x12ca8</load_address>
         <run_address>0x12ca8</run_address>
         <size>0x20</size>
         <input_file_ref idref="fl-3"/>
      </object_component>
      <object_component id="oc-714">
         <name>.text:usbSetAddress</name>
         <load_address>0x12cc8</load_address>
         <run_address>0x12cc8</run_address>
         <size>0x20</size>
         <input_file_ref idref="fl-8"/>
      </object_component>
      <object_component id="oc-87e">
         <name>.text:memccpy</name>
         <load_address>0x12ce8</load_address>
         <run_address>0x12ce8</run_address>
         <size>0x1e</size>
         <input_file_ref idref="fl-9b"/>
      </object_component>
      <object_component id="oc-6fc">
         <name>.text:usbGetInterface</name>
         <load_address>0x12d06</load_address>
         <run_address>0x12d06</run_address>
         <size>0x1e</size>
         <input_file_ref idref="fl-8"/>
      </object_component>
      <object_component id="oc-708">
         <name>.text:usbGetInterfaceStatus</name>
         <load_address>0x12d24</load_address>
         <run_address>0x12d24</run_address>
         <size>0x1e</size>
         <input_file_ref idref="fl-8"/>
      </object_component>
      <object_component id="oc-436">
         <name>.text:IEP0InterruptHandler</name>
         <load_address>0x12d42</load_address>
         <run_address>0x12d42</run_address>
         <size>0x1c</size>
         <input_file_ref idref="fl-12"/>
      </object_component>
      <object_component id="oc-4fe">
         <name>.text:USB_connect</name>
         <load_address>0x12d5e</load_address>
         <run_address>0x12d5e</run_address>
         <size>0x1a</size>
         <input_file_ref idref="fl-8"/>
      </object_component>
      <object_component id="oc-75b">
         <name>.text:setWriteMode</name>
         <load_address>0x12d78</load_address>
         <run_address>0x12d78</run_address>
         <size>0x1a</size>
         <input_file_ref idref="fl-3"/>
      </object_component>
      <object_component id="oc-761">
         <name>.text:writeByte</name>
         <load_address>0x12d92</load_address>
         <run_address>0x12d92</run_address>
         <size>0x1a</size>
         <input_file_ref idref="fl-3"/>
      </object_component>
      <object_component id="oc-61e">
         <name>.text:USBCDC_handleSetLineCoding</name>
         <load_address>0x12dac</load_address>
         <run_address>0x12dac</run_address>
         <size>0x18</size>
         <input_file_ref idref="fl-11"/>
      </object_component>
      <object_component id="oc-45a">
         <name>.text:USB_resume</name>
         <load_address>0x12dc4</load_address>
         <run_address>0x12dc4</run_address>
         <size>0x18</size>
         <input_file_ref idref="fl-8"/>
      </object_component>
      <object_component id="oc-754">
         <name>.text:readByte</name>
         <load_address>0x12ddc</load_address>
         <run_address>0x12ddc</run_address>
         <size>0x18</size>
         <input_file_ref idref="fl-3"/>
      </object_component>
      <object_component id="oc-538">
         <name>.text</name>
         <load_address>0x12df4</load_address>
         <run_address>0x12df4</run_address>
         <size>0x18</size>
         <input_file_ref idref="fl-7c"/>
      </object_component>
      <object_component id="oc-6d8">
         <name>.text:usbClearDeviceFeature</name>
         <load_address>0x12e0c</load_address>
         <run_address>0x12e0c</run_address>
         <size>0x18</size>
         <input_file_ref idref="fl-8"/>
      </object_component>
      <object_component id="oc-720">
         <name>.text:usbSetDeviceFeature</name>
         <load_address>0x12e24</load_address>
         <run_address>0x12e24</run_address>
         <size>0x18</size>
         <input_file_ref idref="fl-8"/>
      </object_component>
      <object_component id="oc-62a">
         <name>.text:memset</name>
         <load_address>0x12e3c</load_address>
         <run_address>0x12e3c</run_address>
         <size>0x16</size>
         <input_file_ref idref="fl-95"/>
      </object_component>
      <object_component id="oc-5e9">
         <name>.text</name>
         <load_address>0x12e52</load_address>
         <run_address>0x12e52</run_address>
         <size>0x16</size>
         <input_file_ref idref="fl-5d"/>
      </object_component>
      <object_component id="oc-6f0">
         <name>.text:usbGetConfigurationDescriptor</name>
         <load_address>0x12e68</load_address>
         <run_address>0x12e68</run_address>
         <size>0x16</size>
         <input_file_ref idref="fl-8"/>
      </object_component>
      <object_component id="oc-6ea">
         <name>.text:usbGetDeviceDescriptor</name>
         <load_address>0x12e7e</load_address>
         <run_address>0x12e7e</run_address>
         <size>0x16</size>
         <input_file_ref idref="fl-8"/>
      </object_component>
      <object_component id="oc-424">
         <name>.text:USB_handleVbusOnEvent</name>
         <load_address>0x12e94</load_address>
         <run_address>0x12e94</run_address>
         <size>0x14</size>
         <input_file_ref idref="fl-11"/>
      </object_component>
      <object_component id="oc-799">
         <name>.text:_outc</name>
         <load_address>0x12ea8</load_address>
         <run_address>0x12ea8</run_address>
         <size>0x14</size>
         <input_file_ref idref="fl-5b"/>
      </object_component>
      <object_component id="oc-39c">
         <name>.text:memcpy</name>
         <load_address>0x12ebc</load_address>
         <run_address>0x12ebc</run_address>
         <size>0x14</size>
         <input_file_ref idref="fl-94"/>
      </object_component>
      <object_component id="oc-6e4">
         <name>.text:usbGetConfiguration</name>
         <load_address>0x12ed0</load_address>
         <run_address>0x12ed0</run_address>
         <size>0x14</size>
         <input_file_ref idref="fl-8"/>
      </object_component>
      <object_component id="oc-6d2">
         <name>.text:usbSetControlLineState</name>
         <load_address>0x12ee4</load_address>
         <run_address>0x12ee4</run_address>
         <size>0x14</size>
         <input_file_ref idref="fl-7"/>
      </object_component>
      <object_component id="oc-73">
         <name>.text:decompress:none:__TI_decompress_none</name>
         <load_address>0x12ef8</load_address>
         <run_address>0x12ef8</run_address>
         <size>0x12</size>
         <input_file_ref idref="fl-88"/>
      </object_component>
      <object_component id="oc-72c">
         <name>.text:usbSetInterface</name>
         <load_address>0x12f0a</load_address>
         <run_address>0x12f0a</run_address>
         <size>0x12</size>
         <input_file_ref idref="fl-8"/>
      </object_component>
      <object_component id="oc-7de">
         <name>.text:USBCDC_handleSetControlLineState</name>
         <load_address>0x12f1c</load_address>
         <run_address>0x12f1c</run_address>
         <size>0x10</size>
         <input_file_ref idref="fl-11"/>
      </object_component>
      <object_component id="oc-833">
         <name>.text:strlen</name>
         <load_address>0x12f2c</load_address>
         <run_address>0x12f2c</run_address>
         <size>0xe</size>
         <input_file_ref idref="fl-9c"/>
      </object_component>
      <object_component id="oc-732">
         <name>.text:usbInvalidRequest</name>
         <load_address>0x12f3a</load_address>
         <run_address>0x12f3a</run_address>
         <size>0xe</size>
         <input_file_ref idref="fl-8"/>
      </object_component>
      <object_component id="oc-555">
         <name>.text:usbRestoreOutEndpointInterrupt</name>
         <load_address>0x12f48</load_address>
         <run_address>0x12f48</run_address>
         <size>0xe</size>
         <input_file_ref idref="fl-8"/>
      </object_component>
      <object_component id="oc-7e4">
         <name>.text:usbSendZeroLengthPacketOnIEP0</name>
         <load_address>0x12f56</load_address>
         <run_address>0x12f56</run_address>
         <size>0xe</size>
         <input_file_ref idref="fl-8"/>
      </object_component>
      <object_component id="oc-478">
         <name>.text:USBCDC_handleDataReceived</name>
         <load_address>0x12f64</load_address>
         <run_address>0x12f64</run_address>
         <size>0xc</size>
         <input_file_ref idref="fl-11"/>
      </object_component>
      <object_component id="oc-563">
         <name>.text:USBCDC_handleReceiveCompleted</name>
         <load_address>0x12f70</load_address>
         <run_address>0x12f70</run_address>
         <size>0xc</size>
         <input_file_ref idref="fl-11"/>
      </object_component>
      <object_component id="oc-540">
         <name>.text:USBCDC_handleSendCompleted</name>
         <load_address>0x12f7c</load_address>
         <run_address>0x12f7c</run_address>
         <size>0xc</size>
         <input_file_ref idref="fl-11"/>
      </object_component>
      <object_component id="oc-65f">
         <name>.text:__mspabi_fltid</name>
         <load_address>0x12f88</load_address>
         <run_address>0x12f88</run_address>
         <size>0xc</size>
         <input_file_ref idref="fl-8c"/>
      </object_component>
      <object_component id="oc-6cc">
         <name>.text:usbSetLineCoding</name>
         <load_address>0x12f94</load_address>
         <run_address>0x12f94</run_address>
         <size>0xc</size>
         <input_file_ref idref="fl-7"/>
      </object_component>
      <object_component id="oc-492">
         <name>.text:_system_pre_init</name>
         <load_address>0x12fa0</load_address>
         <run_address>0x12fa0</run_address>
         <size>0xa</size>
         <input_file_ref idref="fl-6"/>
      </object_component>
      <object_component id="oc-5e4">
         <name>.text</name>
         <load_address>0x12faa</load_address>
         <run_address>0x12faa</run_address>
         <size>0xa</size>
         <input_file_ref idref="fl-77"/>
      </object_component>
      <object_component id="oc-5ee">
         <name>.text</name>
         <load_address>0x12fb4</load_address>
         <run_address>0x12fb4</run_address>
         <size>0xa</size>
         <input_file_ref idref="fl-79"/>
      </object_component>
      <object_component id="oc-7eb">
         <name>.text:usbStallEndpoint0</name>
         <load_address>0x12fbe</load_address>
         <run_address>0x12fbe</run_address>
         <size>0xa</size>
         <input_file_ref idref="fl-8"/>
      </object_component>
      <object_component id="oc-52e">
         <name>.text:UCS_turnOffXT2</name>
         <load_address>0x12fc8</load_address>
         <run_address>0x12fc8</run_address>
         <size>0x8</size>
         <input_file_ref idref="fl-33"/>
      </object_component>
      <object_component id="oc-59b">
         <name>.text:abort</name>
         <load_address>0x12fd0</load_address>
         <run_address>0x12fd0</run_address>
         <size>0x6</size>
         <input_file_ref idref="fl-91"/>
      </object_component>
      <object_component id="oc-608">
         <name>.text:usbClearOEP0ByteCount</name>
         <load_address>0x12fd6</load_address>
         <run_address>0x12fd6</run_address>
         <size>0x6</size>
         <input_file_ref idref="fl-8"/>
      </object_component>
      <object_component id="oc-60e">
         <name>.text:usbStallOEP0</name>
         <load_address>0x12fdc</load_address>
         <run_address>0x12fdc</run_address>
         <size>0x6</size>
         <input_file_ref idref="fl-8"/>
      </object_component>
      <object_component id="oc-418">
         <name>.text:USB_handleClockEvent</name>
         <load_address>0x12fe2</load_address>
         <run_address>0x12fe2</run_address>
         <size>0x4</size>
         <input_file_ref idref="fl-11"/>
      </object_component>
      <object_component id="oc-806">
         <name>.text:USB_handleEnumerationCompleteEvent</name>
         <load_address>0x12fe6</load_address>
         <run_address>0x12fe6</run_address>
         <size>0x4</size>
         <input_file_ref idref="fl-11"/>
      </object_component>
      <object_component id="oc-448">
         <name>.text:USB_handleResetEvent</name>
         <load_address>0x12fea</load_address>
         <run_address>0x12fea</run_address>
         <size>0x4</size>
         <input_file_ref idref="fl-11"/>
      </object_component>
      <object_component id="oc-460">
         <name>.text:USB_handleResumeEvent</name>
         <load_address>0x12fee</load_address>
         <run_address>0x12fee</run_address>
         <size>0x4</size>
         <input_file_ref idref="fl-11"/>
      </object_component>
      <object_component id="oc-454">
         <name>.text:USB_handleSuspendEvent</name>
         <load_address>0x12ff2</load_address>
         <run_address>0x12ff2</run_address>
         <size>0x4</size>
         <input_file_ref idref="fl-11"/>
      </object_component>
      <object_component id="oc-430">
         <name>.text:USB_handleVbusOffEvent</name>
         <load_address>0x12ff6</load_address>
         <run_address>0x12ff6</run_address>
         <size>0x4</size>
         <input_file_ref idref="fl-11"/>
      </object_component>
      <object_component id="oc-6a5">
         <name>.text:_system_post_cinit</name>
         <load_address>0x12ffa</load_address>
         <run_address>0x12ffa</run_address>
         <size>0x2</size>
         <input_file_ref idref="fl-87"/>
      </object_component>
      <object_component id="oc-3b4">
         <name>.text:_isr:iUsbInterruptHandler</name>
         <load_address>0x4400</load_address>
         <run_address>0x4400</run_address>
         <size>0x1b0</size>
         <input_file_ref idref="fl-12"/>
      </object_component>
      <object_component id="oc-3ae">
         <name>.text:_isr:bcUartISR</name>
         <load_address>0x45b0</load_address>
         <run_address>0x45b0</run_address>
         <size>0x28</size>
         <input_file_ref idref="fl-2"/>
      </object_component>
      <object_component id="oc-3cc">
         <name>.text:_isr:_c_int00_noargs</name>
         <load_address>0x45d8</load_address>
         <run_address>0x45d8</run_address>
         <size>0x1c</size>
         <input_file_ref idref="fl-82"/>
      </object_component>
      <object_component id="oc-3a9">
         <name>.text:_isr:__TI_ISR_TRAP</name>
         <load_address>0x45f4</load_address>
         <run_address>0x45f4</run_address>
         <size>0x8</size>
         <input_file_ref idref="fl-76"/>
      </object_component>
      <object_component id="oc-90b">
         <name>.cinit..data.load</name>
         <load_address>0x486e</load_address>
         <run_address>0x486e</run_address>
         <size>0xd</size>
      </object_component>
      <object_component id="oc-908">
         <name>__TI_handler_table</name>
         <load_address>0x487c</load_address>
         <run_address>0x487c</run_address>
         <size>0xc</size>
      </object_component>
      <object_component id="oc-90a">
         <name>.cinit..bss.load</name>
         <load_address>0x4888</load_address>
         <run_address>0x4888</run_address>
         <size>0x6</size>
      </object_component>
      <object_component id="oc-909">
         <name>__TI_cinit_table</name>
         <load_address>0x488e</load_address>
         <run_address>0x488e</run_address>
         <size>0x10</size>
      </object_component>
      <object_component id="oc-5da">
         <name>.const:tUsbRequestList</name>
         <load_address>0x45fc</load_address>
         <run_address>0x45fc</run_address>
         <size>0x10a</size>
         <input_file_ref idref="fl-13"/>
      </object_component>
      <object_component id="oc-7fd">
         <name>.const:.string:abromStringDescriptor</name>
         <load_address>0x4706</load_address>
         <run_address>0x4706</run_address>
         <size>0xb6</size>
         <input_file_ref idref="fl-13"/>
      </object_component>
      <object_component id="oc-7f8">
         <name>.const:abromConfigurationDescriptorGroup</name>
         <load_address>0x47bc</load_address>
         <run_address>0x47bc</run_address>
         <size>0x43</size>
         <input_file_ref idref="fl-13"/>
      </object_component>
      <object_component id="oc-73f">
         <name>.const:GPIO_PORT_TO_BASE</name>
         <load_address>0x4800</load_address>
         <run_address>0x4800</run_address>
         <size>0x1c</size>
         <input_file_ref idref="fl-21"/>
      </object_component>
      <object_component id="oc-877">
         <name>.const:.string</name>
         <load_address>0x481c</load_address>
         <run_address>0x481c</run_address>
         <size>0x14</size>
         <input_file_ref idref="fl-96"/>
      </object_component>
      <object_component id="oc-604">
         <name>.const:.string</name>
         <load_address>0x4830</load_address>
         <run_address>0x4830</run_address>
         <size>0x14</size>
         <input_file_ref idref="fl-8"/>
      </object_component>
      <object_component id="oc-7f4">
         <name>.const:.string:abromDeviceDescriptor</name>
         <load_address>0x4844</load_address>
         <run_address>0x4844</run_address>
         <size>0x12</size>
         <input_file_ref idref="fl-13"/>
      </object_component>
      <object_component id="oc-523">
         <name>.const:stUsbHandle</name>
         <load_address>0x4856</load_address>
         <run_address>0x4856</run_address>
         <size>0x10</size>
         <input_file_ref idref="fl-13"/>
      </object_component>
      <object_component id="oc-684">
         <name>.const:.string</name>
         <load_address>0x4866</load_address>
         <run_address>0x4866</run_address>
         <size>0x8</size>
         <input_file_ref idref="fl-5"/>
      </object_component>
      <object_component id="oc-89a">
         <name>.binit</name>
         <load_address>0x4400</load_address>
         <run_address>0x4400</run_address>
         <size>0x0</size>
      </object_component>
      <object_component id="oc-79">
         <name>.int41</name>
         <load_address>0xffd2</load_address>
         <run_address>0xffd2</run_address>
         <size>0x2</size>
         <input_file_ref idref="fl-62"/>
      </object_component>
      <object_component id="oc-7a">
         <name>.int42</name>
         <load_address>0xffd4</load_address>
         <run_address>0xffd4</run_address>
         <size>0x2</size>
         <input_file_ref idref="fl-63"/>
      </object_component>
      <object_component id="oc-7b">
         <name>.int43</name>
         <load_address>0xffd6</load_address>
         <run_address>0xffd6</run_address>
         <size>0x2</size>
         <input_file_ref idref="fl-64"/>
      </object_component>
      <object_component id="oc-7c">
         <name>.int44</name>
         <load_address>0xffd8</load_address>
         <run_address>0xffd8</run_address>
         <size>0x2</size>
         <input_file_ref idref="fl-65"/>
      </object_component>
      <object_component id="oc-7d">
         <name>.int45</name>
         <load_address>0xffda</load_address>
         <run_address>0xffda</run_address>
         <size>0x2</size>
         <input_file_ref idref="fl-66"/>
      </object_component>
      <object_component id="oc-7e">
         <name>.int46</name>
         <load_address>0xffdc</load_address>
         <run_address>0xffdc</run_address>
         <size>0x2</size>
         <input_file_ref idref="fl-2"/>
      </object_component>
      <object_component id="oc-7f">
         <name>.int47</name>
         <load_address>0xffde</load_address>
         <run_address>0xffde</run_address>
         <size>0x2</size>
         <input_file_ref idref="fl-67"/>
      </object_component>
      <object_component id="oc-80">
         <name>.int48</name>
         <load_address>0xffe0</load_address>
         <run_address>0xffe0</run_address>
         <size>0x2</size>
         <input_file_ref idref="fl-68"/>
      </object_component>
      <object_component id="oc-81">
         <name>.int49</name>
         <load_address>0xffe2</load_address>
         <run_address>0xffe2</run_address>
         <size>0x2</size>
         <input_file_ref idref="fl-69"/>
      </object_component>
      <object_component id="oc-82">
         <name>.int50</name>
         <load_address>0xffe4</load_address>
         <run_address>0xffe4</run_address>
         <size>0x2</size>
         <input_file_ref idref="fl-6a"/>
      </object_component>
      <object_component id="oc-83">
         <name>.int51</name>
         <load_address>0xffe6</load_address>
         <run_address>0xffe6</run_address>
         <size>0x2</size>
         <input_file_ref idref="fl-12"/>
      </object_component>
      <object_component id="oc-84">
         <name>.int52</name>
         <load_address>0xffe8</load_address>
         <run_address>0xffe8</run_address>
         <size>0x2</size>
         <input_file_ref idref="fl-6b"/>
      </object_component>
      <object_component id="oc-85">
         <name>.int53</name>
         <load_address>0xffea</load_address>
         <run_address>0xffea</run_address>
         <size>0x2</size>
         <input_file_ref idref="fl-6c"/>
      </object_component>
      <object_component id="oc-86">
         <name>.int54</name>
         <load_address>0xffec</load_address>
         <run_address>0xffec</run_address>
         <size>0x2</size>
         <input_file_ref idref="fl-6d"/>
      </object_component>
      <object_component id="oc-87">
         <name>.int55</name>
         <load_address>0xffee</load_address>
         <run_address>0xffee</run_address>
         <size>0x2</size>
         <input_file_ref idref="fl-6e"/>
      </object_component>
      <object_component id="oc-88">
         <name>.int56</name>
         <load_address>0xfff0</load_address>
         <run_address>0xfff0</run_address>
         <size>0x2</size>
         <input_file_ref idref="fl-6f"/>
      </object_component>
      <object_component id="oc-89">
         <name>.int57</name>
         <load_address>0xfff2</load_address>
         <run_address>0xfff2</run_address>
         <size>0x2</size>
         <input_file_ref idref="fl-70"/>
      </object_component>
      <object_component id="oc-8a">
         <name>.int58</name>
         <load_address>0xfff4</load_address>
         <run_address>0xfff4</run_address>
         <size>0x2</size>
         <input_file_ref idref="fl-71"/>
      </object_component>
      <object_component id="oc-8b">
         <name>.int59</name>
         <load_address>0xfff6</load_address>
         <run_address>0xfff6</run_address>
         <size>0x2</size>
         <input_file_ref idref="fl-72"/>
      </object_component>
      <object_component id="oc-8c">
         <name>.int60</name>
         <load_address>0xfff8</load_address>
         <run_address>0xfff8</run_address>
         <size>0x2</size>
         <input_file_ref idref="fl-73"/>
      </object_component>
      <object_component id="oc-8d">
         <name>.int61</name>
         <load_address>0xfffa</load_address>
         <run_address>0xfffa</run_address>
         <size>0x2</size>
         <input_file_ref idref="fl-74"/>
      </object_component>
      <object_component id="oc-8e">
         <name>.int62</name>
         <load_address>0xfffc</load_address>
         <run_address>0xfffc</run_address>
         <size>0x2</size>
         <input_file_ref idref="fl-75"/>
      </object_component>
      <object_component id="oc-390">
         <name>.reset</name>
         <load_address>0xfffe</load_address>
         <run_address>0xfffe</run_address>
         <size>0x2</size>
         <input_file_ref idref="fl-82"/>
      </object_component>
      <object_component id="oc-40c">
         <name>.debug_info</name>
         <load_address>0x0</load_address>
         <run_address>0x0</run_address>
         <size>0x2c3</size>
         <input_file_ref idref="fl-2"/>
      </object_component>
      <object_component id="oc-409">
         <name>.debug_info</name>
         <load_address>0x2c3</load_address>
         <run_address>0x2c3</run_address>
         <size>0x128</size>
         <input_file_ref idref="fl-2"/>
      </object_component>
      <object_component id="oc-68e">
         <name>.debug_info</name>
         <load_address>0x3eb</load_address>
         <run_address>0x3eb</run_address>
         <size>0x157</size>
         <input_file_ref idref="fl-2"/>
      </object_component>
      <object_component id="oc-3b0">
         <name>.debug_info</name>
         <load_address>0x542</load_address>
         <run_address>0x542</run_address>
         <size>0x10c</size>
         <input_file_ref idref="fl-2"/>
      </object_component>
      <object_component id="oc-4c6">
         <name>.debug_info</name>
         <load_address>0x64e</load_address>
         <run_address>0x64e</run_address>
         <size>0x26b</size>
         <input_file_ref idref="fl-2"/>
      </object_component>
      <object_component id="oc-397">
         <name>.debug_info</name>
         <load_address>0x8b9</load_address>
         <run_address>0x8b9</run_address>
         <size>0x84</size>
         <input_file_ref idref="fl-2"/>
      </object_component>
      <object_component id="oc-56a">
         <name>.debug_info</name>
         <load_address>0x93d</load_address>
         <run_address>0x93d</run_address>
         <size>0x275</size>
         <input_file_ref idref="fl-2"/>
      </object_component>
      <object_component id="oc-485">
         <name>.debug_info</name>
         <load_address>0xbb2</load_address>
         <run_address>0xbb2</run_address>
         <size>0xbb</size>
         <input_file_ref idref="fl-2"/>
      </object_component>
      <object_component id="oc-678">
         <name>.debug_info</name>
         <load_address>0xc6d</load_address>
         <run_address>0xc6d</run_address>
         <size>0x1d7</size>
         <input_file_ref idref="fl-3"/>
      </object_component>
      <object_component id="oc-574">
         <name>.debug_info</name>
         <load_address>0xe44</load_address>
         <run_address>0xe44</run_address>
         <size>0x179</size>
         <input_file_ref idref="fl-3"/>
      </object_component>
      <object_component id="oc-582">
         <name>.debug_info</name>
         <load_address>0xfbd</load_address>
         <run_address>0xfbd</run_address>
         <size>0x260</size>
         <input_file_ref idref="fl-3"/>
      </object_component>
      <object_component id="oc-57c">
         <name>.debug_info</name>
         <load_address>0x121d</load_address>
         <run_address>0x121d</run_address>
         <size>0x25e</size>
         <input_file_ref idref="fl-3"/>
      </object_component>
      <object_component id="oc-64d">
         <name>.debug_info</name>
         <load_address>0x147b</load_address>
         <run_address>0x147b</run_address>
         <size>0x1ba</size>
         <input_file_ref idref="fl-3"/>
      </object_component>
      <object_component id="oc-652">
         <name>.debug_info</name>
         <load_address>0x1635</load_address>
         <run_address>0x1635</run_address>
         <size>0x17e</size>
         <input_file_ref idref="fl-3"/>
      </object_component>
      <object_component id="oc-75d">
         <name>.debug_info</name>
         <load_address>0x17b3</load_address>
         <run_address>0x17b3</run_address>
         <size>0x136</size>
         <input_file_ref idref="fl-3"/>
      </object_component>
      <object_component id="oc-762">
         <name>.debug_info</name>
         <load_address>0x18e9</load_address>
         <run_address>0x18e9</run_address>
         <size>0x130</size>
         <input_file_ref idref="fl-3"/>
      </object_component>
      <object_component id="oc-74f">
         <name>.debug_info</name>
         <load_address>0x1a19</load_address>
         <run_address>0x1a19</run_address>
         <size>0x134</size>
         <input_file_ref idref="fl-3"/>
      </object_component>
      <object_component id="oc-755">
         <name>.debug_info</name>
         <load_address>0x1b4d</load_address>
         <run_address>0x1b4d</run_address>
         <size>0x10f</size>
         <input_file_ref idref="fl-3"/>
      </object_component>
      <object_component id="oc-65a">
         <name>.debug_info</name>
         <load_address>0x1c5c</load_address>
         <run_address>0x1c5c</run_address>
         <size>0xae</size>
         <input_file_ref idref="fl-3"/>
      </object_component>
      <object_component id="oc-5e3">
         <name>.debug_info</name>
         <load_address>0x1d0a</load_address>
         <run_address>0x1d0a</run_address>
         <size>0x3ff</size>
         <input_file_ref idref="fl-4"/>
      </object_component>
      <object_component id="oc-4db">
         <name>.debug_info</name>
         <load_address>0x2109</load_address>
         <run_address>0x2109</run_address>
         <size>0x1da</size>
         <input_file_ref idref="fl-4"/>
      </object_component>
      <object_component id="oc-4eb">
         <name>.debug_info</name>
         <load_address>0x22e3</load_address>
         <run_address>0x22e3</run_address>
         <size>0x105</size>
         <input_file_ref idref="fl-4"/>
      </object_component>
      <object_component id="oc-4e5">
         <name>.debug_info</name>
         <load_address>0x23e8</load_address>
         <run_address>0x23e8</run_address>
[...]
      </symbol>
      <symbol id="sm-6cd">
         <name>USB_handleResetEvent</name>
         <value>0x12fea</value>
         <object_component_ref idref="oc-448"/>
      </symbol>
      <symbol id="sm-6ce">
         <name>USBCDC_handleSendCompleted</name>
         <value>0x12f7c</value>
         <object_component_ref idref="oc-540"/>
      </symbol>
      <symbol id="sm-6cf">
         <name>USB_handleVbusOffEvent</name>
         <value>0x12ff6</value>
         <object_component_ref idref="oc-430"/>
      </symbol>
      <symbol id="sm-6d0">
         <name>USBCDC_handleSetLineCoding</name>
         <value>0x12dac</value>
         <object_component_ref idref="oc-61e"/>
      </symbol>
      <symbol id="sm-6d1">
         <name>USB_handleResumeEvent</name>
         <value>0x12fee</value>
         <object_component_ref idref="oc-460"/>
      </symbol>
      <symbol id="sm-6d2">
         <name>USB_handleClockEvent</name>
         <value>0x12fe2</value>
         <object_component_ref idref="oc-418"/>
      </symbol>
      <symbol id="sm-72a">
         <name>IEP0InterruptHandler</name>
         <value>0x12d42</value>
         <object_component_ref idref="oc-436"/>
      </symbol>
      <symbol id="sm-72b">
         <name>OEP0InterruptHandler</name>
         <value>0x12a96</value>
         <object_component_ref idref="oc-43c"/>
      </symbol>
      <symbol id="sm-72c">
         <name>__TI_int51</name>
         <value>0xffe6</value>
         <object_component_ref idref="oc-83"/>
      </symbol>
      <symbol id="sm-72d">
         <name>PWRVBUSonHandler</name>
         <value>0x12364</value>
         <object_component_ref idref="oc-41e"/>
      </symbol>
      <symbol id="sm-72e">
         <name>SetupPacketInterruptHandler</name>
         <value>0x12592</value>
         <object_component_ref idref="oc-40f"/>
      </symbol>
      <symbol id="sm-72f">
         <name>PWRVBUSoffHandler</name>
         <value>0x121ea</value>
         <object_component_ref idref="oc-42a"/>
      </symbol>
      <symbol id="sm-730">
         <name>iUsbInterruptHandler</name>
         <value>0x4400</value>
         <object_component_ref idref="oc-3b4"/>
      </symbol>
      <symbol id="sm-74e">
         <name>abromConfigurationDescriptorGroup</name>
         <value>0x47bc</value>
         <object_component_ref idref="oc-7f8"/>
      </symbol>
      <symbol id="sm-74f">
         <name>tUsbRequestList</name>
         <value>0x45fc</value>
         <object_component_ref idref="oc-5da"/>
      </symbol>
      <symbol id="sm-750">
         <name>abromDeviceDescriptor</name>
         <value>0x4844</value>
         <object_component_ref idref="oc-7f4"/>
      </symbol>
      <symbol id="sm-751">
         <name>abromStringDescriptor</name>
         <value>0x4706</value>
         <object_component_ref idref="oc-7fd"/>
      </symbol>
      <symbol id="sm-752">
         <name>stUsbHandle</name>
         <value>0x4856</value>
         <object_component_ref idref="oc-523"/>
      </symbol>
      <symbol id="sm-772">
         <name>GPIO_setAsPeripheralModuleFunctionOutputPin</name>
         <value>0x1279c</value>
         <object_component_ref idref="oc-5f6"/>
      </symbol>
      <symbol id="sm-798">
         <name>UCS_turnOffXT2</name>
         <value>0x12fc8</value>
         <object_component_ref idref="oc-52e"/>
      </symbol>
      <symbol id="sm-799">
         <name>UCS_turnOnXT2WithTimeout</name>
         <value>0x126a0</value>
         <object_component_ref idref="oc-5fc"/>
      </symbol>
      <symbol id="sm-7bf">
         <name>sprintf</name>
         <value>0x12914</value>
         <object_component_ref idref="oc-686"/>
      </symbol>
      <symbol id="sm-7ca">
         <name>__mspabi_remu</name>
         <value>0x12e52</value>
         <object_component_ref idref="oc-5e9"/>
      </symbol>
      <symbol id="sm-7cb">
         <name>__mspabi_divu</name>
         <value>0x12e52</value>
         <object_component_ref idref="oc-5e9"/>
      </symbol>
      <symbol id="sm-7e8">
         <name>__mspabi_subf</name>
         <value>0x116f0</value>
         <object_component_ref idref="oc-587"/>
      </symbol>
      <symbol id="sm-7e9">
         <name>__mspabi_addf</name>
         <value>0x116f6</value>
         <object_component_ref idref="oc-587"/>
      </symbol>
      <symbol id="sm-7fb">
         <name>__mspabi_divf</name>
         <value>0x120ce</value>
         <object_component_ref idref="oc-58c"/>
      </symbol>
      <symbol id="sm-7fe">
         <name>__TI_int41</name>
         <value>0xffd2</value>
         <object_component_ref idref="oc-79"/>
      </symbol>
      <symbol id="sm-801">
         <name>__TI_int42</name>
         <value>0xffd4</value>
         <object_component_ref idref="oc-7a"/>
      </symbol>
      <symbol id="sm-804">
         <name>__TI_int43</name>
         <value>0xffd6</value>
         <object_component_ref idref="oc-7b"/>
      </symbol>
      <symbol id="sm-807">
         <name>__TI_int44</name>
         <value>0xffd8</value>
         <object_component_ref idref="oc-7c"/>
      </symbol>
      <symbol id="sm-80a">
         <name>__TI_int45</name>
         <value>0xffda</value>
         <object_component_ref idref="oc-7d"/>
      </symbol>
      <symbol id="sm-80d">
         <name>__TI_int47</name>
         <value>0xffde</value>
         <object_component_ref idref="oc-7f"/>
      </symbol>
      <symbol id="sm-810">
         <name>__TI_int48</name>
         <value>0xffe0</value>
         <object_component_ref idref="oc-80"/>
      </symbol>
      <symbol id="sm-813">
         <name>__TI_int49</name>
         <value>0xffe2</value>
         <object_component_ref idref="oc-81"/>
      </symbol>
      <symbol id="sm-816">
         <name>__TI_int50</name>
         <value>0xffe4</value>
         <object_component_ref idref="oc-82"/>
      </symbol>
      <symbol id="sm-819">
         <name>__TI_int52</name>
         <value>0xffe8</value>
         <object_component_ref idref="oc-84"/>
      </symbol>
      <symbol id="sm-81c">
         <name>__TI_int53</name>
         <value>0xffea</value>
         <object_component_ref idref="oc-85"/>
      </symbol>
      <symbol id="sm-81f">
         <name>__TI_int54</name>
         <value>0xffec</value>
         <object_component_ref idref="oc-86"/>
      </symbol>
      <symbol id="sm-822">
         <name>__TI_int55</name>
         <value>0xffee</value>
         <object_component_ref idref="oc-87"/>
      </symbol>
      <symbol id="sm-825">
         <name>__TI_int56</name>
         <value>0xfff0</value>
         <object_component_ref idref="oc-88"/>
      </symbol>
      <symbol id="sm-828">
         <name>__TI_int57</name>
         <value>0xfff2</value>
         <object_component_ref idref="oc-89"/>
      </symbol>
      <symbol id="sm-82b">
         <name>__TI_int58</name>
         <value>0xfff4</value>
         <object_component_ref idref="oc-8a"/>
      </symbol>
      <symbol id="sm-82e">
         <name>__TI_int59</name>
         <value>0xfff6</value>
         <object_component_ref idref="oc-8b"/>
      </symbol>
      <symbol id="sm-831">
         <name>__TI_int60</name>
         <value>0xfff8</value>
         <object_component_ref idref="oc-8c"/>
      </symbol>
      <symbol id="sm-834">
         <name>__TI_int61</name>
         <value>0xfffa</value>
         <object_component_ref idref="oc-8d"/>
      </symbol>
      <symbol id="sm-837">
         <name>__TI_int62</name>
         <value>0xfffc</value>
         <object_component_ref idref="oc-8e"/>
      </symbol>
      <symbol id="sm-83f">
         <name>__TI_ISR_TRAP</name>
         <value>0x45f4</value>
         <object_component_ref idref="oc-3a9"/>
      </symbol>
      <symbol id="sm-848">
         <name>__mspabi_slli</name>
         <value>0x12faa</value>
         <object_component_ref idref="oc-5e4"/>
      </symbol>
      <symbol id="sm-850">
         <name>__mspabi_slll_9</name>
         <value>0x12a32</value>
         <object_component_ref idref="oc-616"/>
      </symbol>
      <symbol id="sm-851">
         <name>__mspabi_slll_8</name>
         <value>0x12a36</value>
         <object_component_ref idref="oc-616"/>
      </symbol>
      <symbol id="sm-852">
         <name>__mspabi_slll_7</name>
         <value>0x12a3a</value>
         <object_component_ref idref="oc-616"/>
      </symbol>
      <symbol id="sm-853">
         <name>__mspabi_slll_6</name>
         <value>0x12a3e</value>
         <object_component_ref idref="oc-616"/>
      </symbol>
      <symbol id="sm-854">
         <name>__mspabi_slll_5</name>
         <value>0x12a42</value>
         <object_component_ref idref="oc-616"/>
      </symbol>
      <symbol id="sm-855">
         <name>__mspabi_slll_4</name>
         <value>0x12a46</value>
         <object_component_ref idref="oc-616"/>
      </symbol>
      <symbol id="sm-856">
         <name>__mspabi_slll_3</name>
         <value>0x12a4a</value>
         <object_component_ref idref="oc-616"/>
      </symbol>
      <symbol id="sm-857">
         <name>__mspabi_slll_2</name>
         <value>0x12a4e</value>
         <object_component_ref idref="oc-616"/>
      </symbol>
      <symbol id="sm-858">
         <name>__mspabi_slll_1</name>
         <value>0x12a52</value>
         <object_component_ref idref="oc-616"/>
      </symbol>
      <symbol id="sm-859">
         <name>__mspabi_slll_15</name>
         <value>0x12a1a</value>
         <object_component_ref idref="oc-616"/>
      </symbol>
      <symbol id="sm-85a">
         <name>__mspabi_slll_14</name>
         <value>0x12a1e</value>
         <object_component_ref idref="oc-616"/>
      </symbol>
      <symbol id="sm-85b">
         <name>__mspabi_slll_13</name>
         <value>0x12a22</value>
         <object_component_ref idref="oc-616"/>
      </symbol>
      <symbol id="sm-85c">
         <name>__mspabi_slll_12</name>
         <value>0x12a26</value>
         <object_component_ref idref="oc-616"/>
      </symbol>
      <symbol id="sm-85d">
         <name>__mspabi_slll_11</name>
         <value>0x12a2a</value>
         <object_component_ref idref="oc-616"/>
      </symbol>
      <symbol id="sm-85e">
         <name>__mspabi_slll_10</name>
         <value>0x12a2e</value>
         <object_component_ref idref="oc-616"/>
      </symbol>
      <symbol id="sm-867">
         <name>__mspabi_srli</name>
         <value>0x12fb4</value>
         <object_component_ref idref="oc-5ee"/>
      </symbol>
      <symbol id="sm-86f">
         <name>__mspabi_srll_8</name>
         <value>0x12a74</value>
         <object_component_ref idref="oc-81a"/>
      </symbol>
      <symbol id="sm-870">
         <name>__mspabi_srll_9</name>
         <value>0x12a70</value>
         <object_component_ref idref="oc-81a"/>
      </symbol>
      <symbol id="sm-871">
         <name>__mspabi_srll_6</name>
         <value>0x12a7c</value>
         <object_component_ref idref="oc-81a"/>
      </symbol>
      <symbol id="sm-872">
         <name>__mspabi_srll_7</name>
         <value>0x12a78</value>
         <object_component_ref idref="oc-81a"/>
      </symbol>
      <symbol id="sm-873">
         <name>__mspabi_srll_4</name>
         <value>0x12a84</value>
         <object_component_ref idref="oc-81a"/>
      </symbol>
      <symbol id="sm-874">
         <name>__mspabi_srll_5</name>
         <value>0x12a80</value>
         <object_component_ref idref="oc-81a"/>
      </symbol>
      <symbol id="sm-875">
         <name>__mspabi_srll_2</name>
         <value>0x12a8c</value>
         <object_component_ref idref="oc-81a"/>
      </symbol>
      <symbol id="sm-876">
         <name>__mspabi_srll_3</name>
         <value>0x12a88</value>
         <object_component_ref idref="oc-81a"/>
      </symbol>
      <symbol id="sm-877">
         <name>__mspabi_srll_1</name>
         <value>0x12a90</value>
         <object_component_ref idref="oc-81a"/>
      </symbol>
      <symbol id="sm-878">
         <name>__mspabi_srll_15</name>
         <value>0x12a58</value>
         <object_component_ref idref="oc-81a"/>
      </symbol>
      <symbol id="sm-879">
         <name>__mspabi_srll_14</name>
         <value>0x12a5c</value>
         <object_component_ref idref="oc-81a"/>
      </symbol>
      <symbol id="sm-87a">
         <name>__mspabi_srll_13</name>
         <value>0x12a60</value>
         <object_component_ref idref="oc-81a"/>
      </symbol>
      <symbol id="sm-87b">
         <name>__mspabi_srll_12</name>
         <value>0x12a64</value>
         <object_component_ref idref="oc-81a"/>
      </symbol>
      <symbol id="sm-87c">
         <name>__mspabi_srll_11</name>
         <value>0x12a68</value>
         <object_component_ref idref="oc-81a"/>
      </symbol>
      <symbol id="sm-87d">
         <name>__mspabi_srll_10</name>
         <value>0x12a6c</value>
         <object_component_ref idref="oc-81a"/>
      </symbol>
      <symbol id="sm-886">
         <name>__mspabi_mpyi_f5hw</name>
         <value>0x12df4</value>
         <object_component_ref idref="oc-538"/>
      </symbol>
      <symbol id="sm-890">
         <name>__mspabi_mpyl_f5hw</name>
         <value>0x12c1e</value>
         <object_component_ref idref="oc-821"/>
      </symbol>
      <symbol id="sm-8a2">
         <name>_stack</name>
         <value>0x4360</value>
         <object_component_ref idref="oc-38d"/>
      </symbol>
      <symbol id="sm-8a3">
         <name>_c_int00_noargs</name>
         <value>0x45d8</value>
         <object_component_ref idref="oc-3cc"/>
      </symbol>
      <symbol id="sm-8a4">
         <name>_reset_vector</name>
         <value>0xfffe</value>
         <object_component_ref idref="oc-390"/>
      </symbol>
      <symbol id="sm-8c7">
         <name>__TI_auto_init_nobinit_nopinit_hold_wdt</name>
         <value>0x126f4</value>
         <object_component_ref idref="oc-5bf"/>
      </symbol>
      <symbol id="sm-8da">
         <name>__TI_zero_init_nomemset</name>
         <value>0x12bfa</value>
         <object_component_ref idref="oc-3ba"/>
      </symbol>
      <symbol id="sm-8e5">
         <name>_system_post_cinit</name>
         <value>0x12ffa</value>
         <object_component_ref idref="oc-6a5"/>
      </symbol>
      <symbol id="sm-8f6">
         <name>__TI_decompress_none</name>
         <value>0x12ef8</value>
         <object_component_ref idref="oc-73"/>
      </symbol>
      <symbol id="sm-919">
         <name>__TI_decompress_lzss</name>
         <value>0x123da</value>
         <object_component_ref idref="oc-6d"/>
      </symbol>
      <symbol id="sm-92c">
         <name>__mspabi_cvtfd</name>
         <value>0x125ee</value>
         <object_component_ref idref="oc-67e"/>
      </symbol>
      <symbol id="sm-952">
         <name>__mspabi_divd</name>
         <value>0x10f56</value>
         <object_component_ref idref="oc-66b"/>
      </symbol>
      <symbol id="sm-95b">
         <name>__mspabi_fltid</name>
         <value>0x12f88</value>
         <object_component_ref idref="oc-65f"/>
      </symbol>
      <symbol id="sm-973">
         <name>__mspabi_fltlid</name>
         <value>0x11f94</value>
         <object_component_ref idref="oc-768"/>
      </symbol>
      <symbol id="sm-98e">
         <name>__TI_frcdivd</name>
         <value>0x10000</value>
         <object_component_ref idref="oc-77c"/>
      </symbol>
      <symbol id="sm-9af">
         <name>__mspabi_mpyd</name>
         <value>0x10cf0</value>
         <object_component_ref idref="oc-665"/>
      </symbol>
      <symbol id="sm-9c2">
         <name>__mspabi_cvtdf</name>
         <value>0x1215e</value>
         <object_component_ref idref="oc-671"/>
      </symbol>
      <symbol id="sm-9cc">
         <name>C$$EXIT</name>
         <value>0x12fd0</value>
         <object_component_ref idref="oc-59b"/>
      </symbol>
      <symbol id="sm-9cd">
         <name>abort</name>
         <value>0x12fd0</value>
         <object_component_ref idref="oc-59b"/>
      </symbol>
      <symbol id="sm-9dd">
         <name>memcpy</name>
         <value>0x12ebc</value>
         <object_component_ref idref="oc-39c"/>
      </symbol>
      <symbol id="sm-9eb">
         <name>memset</name>
         <value>0x12e3c</value>
         <object_component_ref idref="oc-62a"/>
      </symbol>
      <symbol id="sm-a3f">
         <name>__TI_printfi_minimal</name>
         <value>0x11d38</value>
         <object_component_ref idref="oc-79f"/>
      </symbol>
      <symbol id="sm-a47">
         <name>__mspabi_sral_15</name>
         <value>0x129dc</value>
         <object_component_ref idref="oc-788"/>
      </symbol>
      <symbol id="sm-a48">
         <name>__mspabi_sral_14</name>
         <value>0x129e0</value>
         <object_component_ref idref="oc-788"/>
      </symbol>
      <symbol id="sm-a49">
         <name>__mspabi_sral_13</name>
         <value>0x129e4</value>
         <object_component_ref idref="oc-788"/>
      </symbol>
      <symbol id="sm-a4a">
         <name>__mspabi_sral_12</name>
         <value>0x129e8</value>
         <object_component_ref idref="oc-788"/>
      </symbol>
      <symbol id="sm-a4b">
         <name>__mspabi_sral_11</name>
         <value>0x129ec</value>
         <object_component_ref idref="oc-788"/>
      </symbol>
      <symbol id="sm-a4c">
         <name>__mspabi_sral_10</name>
         <value>0x129f0</value>
         <object_component_ref idref="oc-788"/>
      </symbol>
      <symbol id="sm-a4d">
         <name>__mspabi_sral_8</name>
         <value>0x129f8</value>
         <object_component_ref idref="oc-788"/>
      </symbol>
      <symbol id="sm-a4e">
         <name>__mspabi_sral_9</name>
         <value>0x129f4</value>
         <object_component_ref idref="oc-788"/>
      </symbol>
      <symbol id="sm-a4f">
         <name>__mspabi_sral_6</name>
         <value>0x12a00</value>
         <object_component_ref idref="oc-788"/>
      </symbol>
      <symbol id="sm-a50">
         <name>__mspabi_sral_7</name>
         <value>0x129fc</value>
         <object_component_ref idref="oc-788"/>
      </symbol>
      <symbol id="sm-a51">
         <name>__mspabi_sral_4</name>
         <value>0x12a08</value>
         <object_component_ref idref="oc-788"/>
      </symbol>
      <symbol id="sm-a52">
         <name>__mspabi_sral_5</name>
         <value>0x12a04</value>
         <object_component_ref idref="oc-788"/>
      </symbol>
      <symbol id="sm-a53">
         <name>__mspabi_sral_2</name>
         <value>0x12a10</value>
         <object_component_ref idref="oc-788"/>
      </symbol>
      <symbol id="sm-a54">
         <name>__mspabi_sral_3</name>
         <value>0x12a0c</value>
         <object_component_ref idref="oc-788"/>
      </symbol>
      <symbol id="sm-a55">
         <name>__mspabi_sral_1</name>
         <value>0x12a14</value>
         <object_component_ref idref="oc-788"/>
      </symbol>
      <symbol id="sm-a67">
         <name>__TI_frcmpyd</name>
         <value>0x10a70</value>
         <object_component_ref idref="oc-76f"/>
      </symbol>
      <symbol id="sm-a76">
         <name>memccpy</name>
         <value>0x12ce8</value>
         <object_component_ref idref="oc-87e"/>
      </symbol>
      <symbol id="sm-a83">
         <name>strlen</name>
         <value>0x12f2c</value>
         <object_component_ref idref="oc-833"/>
      </symbol>
   </symbol_table>
   <title>Link successful</title>
</link_info>
