******************************************************************************
                  MSP430 Linker PC v18.12.2                    
******************************************************************************
>> Linked Tue Sep 17 19:22:57 2019

OUTPUT FILE NAME:   <IMU BackChannel.out>
ENTRY POINT SYMBOL: "_c_int00_noargs"  address: 000045d8


MEMORY CONFIGURATION

         name            origin    length      used     unused   attr    fill
----------------------  --------  ---------  --------  --------  ----  --------
  SFR                   00000000   00000010  00000000  00000010  RWIX
  PERIPHERALS_8BIT      00000010   000000f0  00000000  000000f0  RWIX
  PERIPHERALS_16BIT     00000100   00000100  00000000  00000100  RWIX
  INFOD                 00001800   00000080  00000000  00000080  RWIX
  INFOC                 00001880   00000080  00000000  00000080  RWIX
  INFOB                 00001900   00000080  00000000  00000080  RWIX
  INFOA                 00001980   00000080  00000000  00000080  RWIX
  USBRAM                00001c00   00000800  00000000  00000800  RWIX
  RAM                   00002400   00002000  00000241  00001dbf  RWIX
  FLASH                 00004400   0000bb80  0000049e  0000b6e2  RWIX
  INT00                 0000ff80   00000002  00000000  00000002  RWIX
  INT01                 0000ff82   00000002  00000000  00000002  RWIX
  INT02                 0000ff84   00000002  00000000  00000002  RWIX
  INT03                 0000ff86   00000002  00000000  00000002  RWIX
  INT04                 0000ff88   00000002  00000000  00000002  RWIX
  INT05                 0000ff8a   00000002  00000000  00000002  RWIX
  INT06                 0000ff8c   00000002  00000000  00000002  RWIX
  INT07                 0000ff8e   00000002  00000000  00000002  RWIX
  INT08                 0000ff90   00000002  00000000  00000002  RWIX
  INT09                 0000ff92   00000002  00000000  00000002  RWIX
  INT10                 0000ff94   00000002  00000000  00000002  RWIX
  INT11                 0000ff96   00000002  00000000  00000002  RWIX
  INT12                 0000ff98   00000002  00000000  00000002  RWIX
  INT13                 0000ff9a   00000002  00000000  00000002  RWIX
  INT14                 0000ff9c   00000002  00000000  00000002  RWIX
  INT15                 0000ff9e   00000002  00000000  00000002  RWIX
  INT16                 0000ffa0   00000002  00000000  00000002  RWIX
  INT17                 0000ffa2   00000002  00000000  00000002  RWIX
  INT18                 0000ffa4   00000002  00000000  00000002  RWIX
  INT19                 0000ffa6   00000002  00000000  00000002  RWIX
  INT20                 0000ffa8   00000002  00000000  00000002  RWIX
  INT21                 0000ffaa   00000002  00000000  00000002  RWIX
  INT22                 0000ffac   00000002  00000000  00000002  RWIX
  INT23                 0000ffae   00000002  00000000  00000002  RWIX
  INT24                 0000ffb0   00000002  00000000  00000002  RWIX
  INT25                 0000ffb2   00000002  00000000  00000002  RWIX
  INT26                 0000ffb4   00000002  00000000  00000002  RWIX
  INT27                 0000ffb6   00000002  00000000  00000002  RWIX
  INT28                 0000ffb8   00000002  00000000  00000002  RWIX
  INT29                 0000ffba   00000002  00000000  00000002  RWIX
  INT30                 0000ffbc   00000002  00000000  00000002  RWIX
  INT31                 0000ffbe   00000002  00000000  00000002  RWIX
  INT32                 0000ffc0   00000002  00000000  00000002  RWIX
  INT33                 0000ffc2   00000002  00000000  00000002  RWIX
  INT34                 0000ffc4   00000002  00000000  00000002  RWIX
  INT35                 0000ffc6   00000002  00000000  00000002  RWIX
  INT36                 0000ffc8   00000002  00000000  00000002  RWIX
  INT37                 0000ffca   00000002  00000000  00000002  RWIX
  INT38                 0000ffcc   00000002  00000000  00000002  RWIX
  INT39                 0000ffce   00000002  00000000  00000002  RWIX
  INT40                 0000ffd0   00000002  00000000  00000002  RWIX
  INT41                 0000ffd2   00000002  00000002  00000000  RWIX
  INT42                 0000ffd4   00000002  00000002  00000000  RWIX
  INT43                 0000ffd6   00000002  00000002  00000000  RWIX
  INT44                 0000ffd8   00000002  00000002  00000000  RWIX
  INT45                 0000ffda   00000002  00000002  00000000  RWIX
  INT46                 0000ffdc   00000002  00000002  00000000  RWIX
  INT47                 0000ffde   00000002  00000002  00000000  RWIX
  INT48                 0000ffe0   00000002  00000002  00000000  RWIX
  INT49                 0000ffe2   00000002  00000002  00000000  RWIX
  INT50                 0000ffe4   00000002  00000002  00000000  RWIX
  INT51                 0000ffe6   00000002  00000002  00000000  RWIX
  INT52                 0000ffe8   00000002  00000002  00000000  RWIX
  INT53                 0000ffea   00000002  00000002  00000000  RWIX
  INT54                 0000ffec   00000002  00000002  00000000  RWIX
  INT55                 0000ffee   00000002  00000002  00000000  RWIX
  INT56                 0000fff0   00000002  00000002  00000000  RWIX
  INT57                 0000fff2   00000002  00000002  00000000  RWIX
  INT58                 0000fff4   00000002  00000002  00000000  RWIX
  INT59                 0000fff6   00000002  00000002  00000000  RWIX
  INT60                 0000fff8   00000002  00000002  00000000  RWIX
  INT61                 0000fffa   00000002  00000002  00000000  RWIX
  INT62                 0000fffc   00000002  00000002  00000000  RWIX
  RESET                 0000fffe   00000002  00000002  00000000  RWIX
  FLASH2                00010000   00014400  00002ffc  00011404  RWIX


SECTION ALLOCATION MAP

 output                                  attributes/
section   page    origin      length       input sections
--------  ----  ----------  ----------   ----------------
.bss       0    00002400    00000192     UNINITIALIZED
                  00002400    00000080     (.common:bcUartRcvBuf)
                  00002480    00000080     (.common:buf_usbToBcuart)
                  00002500    00000022     (.common:abramSerialStringDescriptor)
                  00002522    0000001a     UsbCdc.obj (.bss:CdcReadCtrl)
                  0000253c    00000018     (.common:x_gyro)
                  00002554    0000000c     UsbCdc.obj (.bss:CdcWriteCtrl)
                  00002560    0000000b     usb.obj (.bss)
                  0000256b    00000001     (.common:bStatusAction)
                  0000256c    00000008     UsbCdc.obj (.bss:CdcControl)
                  00002574    00000008     (.common:abUsbRequestIncomingData)
                  0000257c    00000008     (.common:abUsbRequestReturnData)
                  00002584    00000004     (.common:USB_RX_memcpy)
                  00002588    00000004     (.common:USB_TX_memcpy)
                  0000258c    00000002     (.common:wBytesRemainingOnIEP0)
                  0000258e    00000002     (.common:wBytesRemainingOnOEP0)
                  00002590    00000002     (.common:wUsbEventMask)

.data      0    00002592    0000000f     UNINITIALIZED
                  00002592    00000008     usb.obj (.data)
                  0000259a    00000004     main.obj (.data)
                  0000259e    00000003     BCUart.obj (.data)

.stack     0    00004360    000000a0     UNINITIALIZED
                  00004360    00000004     rts430x_lc_rd_eabi.lib : boot.c.obj (.stack)
                  00004364    0000009c     --HOLE--

.text:_isr 
*          0    00004400    000001fc     
                  00004400    000001b0     UsbIsr.obj (.text:_isr:iUsbInterruptHandler)
                  000045b0    00000028     BCUart.obj (.text:_isr:bcUartISR)
                  000045d8    0000001c     rts430x_lc_rd_eabi.lib : boot.c.obj (.text:_isr:_c_int00_noargs)
                  000045f4    00000008                            : isr_trap.asm.obj (.text:_isr:__TI_ISR_TRAP)

.cinit     0    0000486e    00000030     
                  0000486e    0000000d     (.cinit..data.load) [load image, compression = lzss]
                  0000487b    00000001     --HOLE-- [fill = 0]
                  0000487c    0000000c     (__TI_handler_table)
                  00004888    00000006     (.cinit..bss.load) [load image, compression = zero_init]
                  0000488e    00000010     (__TI_cinit_table)

.binit     0    00004400    00000000     

.init_array 
*          0    00004400    00000000     UNINITIALIZED

.const     0    000045fc    00000272     
                  000045fc    0000010a     descriptors.obj (.const:tUsbRequestList)
                  00004706    000000b6     descriptors.obj (.const:.string:abromStringDescriptor)
                  000047bc    00000043     descriptors.obj (.const:abromConfigurationDescriptorGroup)
                  000047ff    00000001     --HOLE-- [fill = 0]
                  00004800    0000001c     gpio.obj (.const:GPIO_PORT_TO_BASE)
                  0000481c    00000014     rts430x_lc_rd_eabi.lib : _printfi_min.c.obj (.const:.string)
                  00004830    00000014     usb.obj (.const:.string)
                  00004844    00000012     descriptors.obj (.const:.string:abromDeviceDescriptor)
                  00004856    00000010     descriptors.obj (.const:stUsbHandle)
                  00004866    00000008     main.obj (.const:.string)

RTC        0    0000ffd2    00000002     
                  0000ffd2    00000002     rts430x_lc_rd_eabi.lib : int41.asm.obj (.int41)

PORT2      0    0000ffd4    00000002     
                  0000ffd4    00000002     rts430x_lc_rd_eabi.lib : int42.asm.obj (.int42)

TIMER2_A1 
*          0    0000ffd6    00000002     
                  0000ffd6    00000002     rts430x_lc_rd_eabi.lib : int43.asm.obj (.int43)

TIMER2_A0 
*          0    0000ffd8    00000002     
                  0000ffd8    00000002     rts430x_lc_rd_eabi.lib : int44.asm.obj (.int44)

USCI_B1    0    0000ffda    00000002     
                  0000ffda    00000002     rts430x_lc_rd_eabi.lib : int45.asm.obj (.int45)

USCI_A1    0    0000ffdc    00000002     
                  0000ffdc    00000002     BCUart.obj (.int46)

PORT1      0    0000ffde    00000002     
                  0000ffde    00000002     rts430x_lc_rd_eabi.lib : int47.asm.obj (.int47)

TIMER1_A1 
*          0    0000ffe0    00000002     
                  0000ffe0    00000002     rts430x_lc_rd_eabi.lib : int48.asm.obj (.int48)

TIMER1_A0 
*          0    0000ffe2    00000002     
                  0000ffe2    00000002     rts430x_lc_rd_eabi.lib : int49.asm.obj (.int49)

DMA        0    0000ffe4    00000002     
                  0000ffe4    00000002     rts430x_lc_rd_eabi.lib : int50.asm.obj (.int50)

USB_UBM    0    0000ffe6    00000002     
                  0000ffe6    00000002     UsbIsr.obj (.int51)

TIMER0_A1 
*          0    0000ffe8    00000002     
                  0000ffe8    00000002     rts430x_lc_rd_eabi.lib : int52.asm.obj (.int52)

TIMER0_A0 
*          0    0000ffea    00000002     
                  0000ffea    00000002     rts430x_lc_rd_eabi.lib : int53.asm.obj (.int53)

ADC12      0    0000ffec    00000002     
                  0000ffec    00000002     rts430x_lc_rd_eabi.lib : int54.asm.obj (.int54)

USCI_B0    0    0000ffee    00000002     
                  0000ffee    00000002     rts430x_lc_rd_eabi.lib : int55.asm.obj (.int55)

USCI_A0    0    0000fff0    00000002     
                  0000fff0    00000002     rts430x_lc_rd_eabi.lib : int56.asm.obj (.int56)

WDT        0    0000fff2    00000002     
                  0000fff2    00000002     rts430x_lc_rd_eabi.lib : int57.asm.obj (.int57)

TIMER0_B1 
*          0    0000fff4    00000002     
                  0000fff4    00000002     rts430x_lc_rd_eabi.lib : int58.asm.obj (.int58)

TIMER0_B0 
*          0    0000fff6    00000002     
                  0000fff6    00000002     rts430x_lc_rd_eabi.lib : int59.asm.obj (.int59)

COMP_B     0    0000fff8    00000002     
                  0000fff8    00000002     rts430x_lc_rd_eabi.lib : int60.asm.obj (.int60)

UNMI       0    0000fffa    00000002     
                  0000fffa    00000002     rts430x_lc_rd_eabi.lib : int61.asm.obj (.int61)

SYSNMI     0    0000fffc    00000002     
                  0000fffc    00000002     rts430x_lc_rd_eabi.lib : int62.asm.obj (.int62)

.reset     0    0000fffe    00000002     
                  0000fffe    00000002     rts430x_lc_rd_eabi.lib : boot.c.obj (.reset)

.text      0    00010000    00002ffc     
                  00010000    00000466     rts430x_lc_rd_eabi.lib : frcdivd.c.obj (.text:__TI_frcdivd)
                  00010466    00000364     UsbCdc.obj (.text:CdcToHostFromBuffer)
                  000107ca    000002a6     UsbCdc.obj (.text:CdcToBufferFromHost)
                  00010a70    00000280     rts430x_lc_rd_eabi.lib : frcmpyd.c.obj (.text:__TI_frcmpyd)
                  00010cf0    00000266                            : mpyd.c.obj (.text:__mspabi_mpyd)
                  00010f56    00000222                            : divd.c.obj (.text:__mspabi_divd)
                  00011178    000001d8     usb.obj (.text:USB_reset)
                  00011350    00000138     usb.obj (.text:USB_determineFreq)
                  00011488    00000136     UsbCdc.obj (.text:CopyUsbToBuff)
                  000115be    00000132     rts430x_lc_rd_eabi.lib : _printfi_min.c.obj (.text:_setfield)
                  000116f0    00000132                            : fs_add.asm.obj (.text)
                  00011822    00000126     LSM6DS0.obj (.text:accelLoad)
                  00011948    0000011a     LSM6DS0.obj (.text:gyroLoad)
                  00011a62    000000fc     usb.obj (.text:usbDecodeAndProcessUsbRequest)
                  00011b5e    000000fa     usb.obj (.text:USB_enable)
                  00011c58    000000e0     UsbCdc.obj (.text:USBCDC_getBytesInUSBBuffer)
                  00011d38    000000dc     rts430x_lc_rd_eabi.lib : _printfi_min.c.obj (.text:__TI_printfi_minimal)
                  00011e14    000000da                            : _printfi_min.c.obj (.text:_pproc_diouxp)
                  00011eee    000000a6     usb.obj (.text:usbGetEndpointStatus)
                  00011f94    0000009e     rts430x_lc_rd_eabi.lib : fltlid.c.obj (.text:__mspabi_fltlid)
                  00012032    0000009c     UsbCdc.obj (.text:usbGetLineCoding)
                  000120ce    00000090     rts430x_lc_rd_eabi.lib : fs_div.asm.obj (.text)
                  0001215e    0000008c                            : cvtdf.c.obj (.text:__mspabi_cvtdf)
                  000121ea    00000082     UsbIsr.obj (.text:PWRVBUSoffHandler)
                  0001226c    00000080     usb.obj (.text:usbSendNextPacketOnIEP0)
                  000122ec    00000078     UsbCdc.obj (.text:Handler_SetLineCoding)
                  00012364    00000076     UsbIsr.obj (.text:PWRVBUSonHandler)
                  000123da    00000076     rts430x_lc_rd_eabi.lib : copy_decompress_lzss.c.obj (.text:decompress:lzss:__TI_decompress_lzss)
                  00012450    00000074     usb.obj (.text:usbGetStringDescriptor)
                  000124c4    0000006a     usb.obj (.text:usbReceiveNextPacketOnOEP0)
                  0001252e    00000064     main.obj (.text:main)
                  00012592    0000005c     UsbIsr.obj (.text:SetupPacketInterruptHandler)
                  000125ee    0000005c     rts430x_lc_rd_eabi.lib : cvtfd.c.obj (.text:__mspabi_cvtfd)
                  0001264a    00000056     usb.obj (.text:usbSetEndpointFeature)
                  000126a0    00000054     ucs.obj (.text:UCS_turnOnXT2WithTimeout)
                  000126f4    00000054     rts430x_lc_rd_eabi.lib : autoinit.c.obj (.text:__TI_auto_init_nobinit_nopinit_hold_wdt:__TI_auto_init_nobinit_nopinit_hold_wdt)
                  00012748    00000054     usb.obj (.text:usbClearEndpointFeature)
                  0001279c    0000004e     gpio.obj (.text:GPIO_setAsPeripheralModuleFunctionOutputPin)
                  000127ea    0000004c     BCUart.obj (.text:bcUartSend)
                  00012836    0000004c     LSM6DS0.obj (.text:read)
                  00012882    0000004a     UsbCdc.obj (.text:CdcResetData)
                  000128cc    00000048     rts430x_lc_rd_eabi.lib : _printfi_min.c.obj (.text:_pproc_str)
                  00012914    00000044                            : sprintf.c.obj (.text:sprintf)
                  00012958    00000042     LSM6DS0.obj (.text:LSM6DS0_Init)
                  0001299a    00000042     main.obj (.text:UsbExecution)
                  000129dc    0000003e     rts430x_lc_rd_eabi.lib : asr32.asm.obj (.text:l_asr_const)
                  00012a1a    0000003e                            : lsl32.asm.obj (.text:l_lsl_const)
                  00012a58    0000003e                            : lsr32.asm.obj (.text:l_lsr_const)
                  00012a96    0000003c     UsbIsr.obj (.text:OEP0InterruptHandler)
                  00012ad2    00000038     usb.obj (.text:usbSendDataPacketOnEP0)
                  00012b0a    00000036     usb.obj (.text:usbDisableOutEndpointInterrupt)
                  00012b40    00000032     usb.obj (.text:usbGetDeviceStatus)
                  00012b72    00000032     usb.obj (.text:usbSetConfiguration)
                  00012ba4    00000030     usb.obj (.text:USB_suspend)
                  00012bd4    00000026     LSM6DS0.obj (.text:writeRegister)
                  00012bfa    00000024     rts430x_lc_rd_eabi.lib : copy_zero_init.c.obj (.text:decompress:ZI:__TI_zero_init_nomemset:__TI_zero_init_nomemset)
                  00012c1e    00000024                            : mult32_f5hw.asm.obj (.text)
                  00012c42    00000024     usb.obj (.text:usbReceiveDataPacketOnEP0)
                  00012c66    00000022     UsbCdc.obj (.text:CdcIsReceiveInProgress)
                  00012c88    00000020     rts430x_lc_rd_eabi.lib : sprintf.c.obj (.text:_outs)
                  00012ca8    00000020     LSM6DS0.obj (.text:setReadMode)
                  00012cc8    00000020     usb.obj (.text:usbSetAddress)
                  00012ce8    0000001e     rts430x_lc_rd_eabi.lib : memccpy.c.obj (.text:memccpy)
                  00012d06    0000001e     usb.obj (.text:usbGetInterface)
                  00012d24    0000001e     usb.obj (.text:usbGetInterfaceStatus)
                  00012d42    0000001c     UsbIsr.obj (.text:IEP0InterruptHandler)
                  00012d5e    0000001a     usb.obj (.text:USB_connect)
                  00012d78    0000001a     LSM6DS0.obj (.text:setWriteMode)
                  00012d92    0000001a     LSM6DS0.obj (.text:writeByte)
                  00012dac    00000018     usbEventHandling.obj (.text:USBCDC_handleSetLineCoding)
                  00012dc4    00000018     usb.obj (.text:USB_resume)
                  00012ddc    00000018     LSM6DS0.obj (.text:readByte)
                  00012df4    00000018     rts430x_lc_rd_eabi.lib : mult16_f5hw.asm.obj (.text)
                  00012e0c    00000018     usb.obj (.text:usbClearDeviceFeature)
                  00012e24    00000018     usb.obj (.text:usbSetDeviceFeature)
                  00012e3c    00000016     rts430x_lc_rd_eabi.lib : memset.c.obj (.text:memset)
                  00012e52    00000016                            : div16u.asm.obj (.text)
                  00012e68    00000016     usb.obj (.text:usbGetConfigurationDescriptor)
                  00012e7e    00000016     usb.obj (.text:usbGetDeviceDescriptor)
                  00012e94    00000014     usbEventHandling.obj (.text:USB_handleVbusOnEvent)
                  00012ea8    00000014     rts430x_lc_rd_eabi.lib : sprintf.c.obj (.text:_outc)
                  00012ebc    00000014                            : memcpy.c.obj (.text:memcpy)
                  00012ed0    00000014     usb.obj (.text:usbGetConfiguration)
                  00012ee4    00000014     UsbCdc.obj (.text:usbSetControlLineState)
                  00012ef8    00000012     rts430x_lc_rd_eabi.lib : copy_decompress_none.c.obj (.text:decompress:none:__TI_decompress_none)
                  00012f0a    00000012     usb.obj (.text:usbSetInterface)
                  00012f1c    00000010     usbEventHandling.obj (.text:USBCDC_handleSetControlLineState)
                  00012f2c    0000000e     rts430x_lc_rd_eabi.lib : strlen.c.obj (.text:strlen)
                  00012f3a    0000000e     usb.obj (.text:usbInvalidRequest)
                  00012f48    0000000e     usb.obj (.text:usbRestoreOutEndpointInterrupt)
                  00012f56    0000000e     usb.obj (.text:usbSendZeroLengthPacketOnIEP0)
                  00012f64    0000000c     usbEventHandling.obj (.text:USBCDC_handleDataReceived)
                  00012f70    0000000c     usbEventHandling.obj (.text:USBCDC_handleReceiveCompleted)
                  00012f7c    0000000c     usbEventHandling.obj (.text:USBCDC_handleSendCompleted)
                  00012f88    0000000c     rts430x_lc_rd_eabi.lib : fltid.c.obj (.text:__mspabi_fltid)
                  00012f94    0000000c     UsbCdc.obj (.text:usbSetLineCoding)
                  00012fa0    0000000a     system_pre_init.obj (.text:_system_pre_init)
                  00012faa    0000000a     rts430x_lc_rd_eabi.lib : lsl16.asm.obj (.text)
                  00012fb4    0000000a                            : lsr16.asm.obj (.text)
                  00012fbe    0000000a     usb.obj (.text:usbStallEndpoint0)
                  00012fc8    00000008     ucs.obj (.text:UCS_turnOffXT2)
                  00012fd0    00000006     rts430x_lc_rd_eabi.lib : exit.c.obj (.text:abort)
                  00012fd6    00000006     usb.obj (.text:usbClearOEP0ByteCount)
                  00012fdc    00000006     usb.obj (.text:usbStallOEP0)
                  00012fe2    00000004     usbEventHandling.obj (.text:USB_handleClockEvent)
                  00012fe6    00000004     usbEventHandling.obj (.text:USB_handleEnumerationCompleteEvent)
                  00012fea    00000004     usbEventHandling.obj (.text:USB_handleResetEvent)
                  00012fee    00000004     usbEventHandling.obj (.text:USB_handleResumeEvent)
                  00012ff2    00000004     usbEventHandling.obj (.text:USB_handleSuspendEvent)
                  00012ff6    00000004     usbEventHandling.obj (.text:USB_handleVbusOffEvent)
                  00012ffa    00000002     rts430x_lc_rd_eabi.lib : startup.c.obj (.text:_system_post_cinit)

MODULE SUMMARY

       Module                       code    ro data   rw data
       ------                       ----    -------   -------
    .\
       LSM6DS0.obj                  864     0         0      
       main.obj                     166     8         156    
       BCUart.obj                   116     2         131    
       system_pre_init.obj          10      0         0      
    +--+----------------------------+-------+---------+---------+
       Total:                       1156    10        287    
                                                             
    .\USB_API\USB_CDC_API\
       UsbCdc.obj                   2496    0         46     
    +--+----------------------------+-------+---------+---------+
       Total:                       2496    0         46     
                                                             
    .\USB_API\USB_Common\
       usb.obj                      2602    20        76     
       usbdma.obj                   0       0         8      
    +--+----------------------------+-------+---------+---------+
       Total:                       2602    20        84     
                                                             
    .\USB_app\
       usbEventHandling.obj         120     0         0      
    +--+----------------------------+-------+---------+---------+
       Total:                       120     0         0      
                                                             
    .\USB_config\
       UsbIsr.obj                   860     2         0      
       descriptors.obj              0       549       0      
    +--+----------------------------+-------+---------+---------+
       Total:                       860     551       0      
                                                             
    .\driverlib\MSP430F5xx_6xx\
       gpio.obj                     78      28        0      
       ucs.obj                      92      0         0      
    +--+----------------------------+-------+---------+---------+
       Total:                       170     28        0      
                                                             
    E:\ti\ccs910\ccs\tools\compiler\ti-cgt-msp430_18.12.2.LTS\lib\rts430x_lc_rd_eabi.lib
       frcdivd.c.obj                1126    0         0      
       _printfi_min.c.obj           816     20        0      
       frcmpyd.c.obj                640     0         0      
       mpyd.c.obj                   614     0         0      
       divd.c.obj                   546     0         0      
       fs_add.asm.obj               306     0         0      
       fltlid.c.obj                 158     0         0      
       fs_div.asm.obj               144     0         0      
       cvtdf.c.obj                  140     0         0      
       sprintf.c.obj                120     0         0      
       copy_decompress_lzss.c.obj   118     0         0      
       cvtfd.c.obj                  92      0         0      
       autoinit.c.obj               84      0         0      
       asr32.asm.obj                62      0         0      
       lsl32.asm.obj                62      0         0      
       lsr32.asm.obj                62      0         0      
       copy_zero_init.c.obj         36      0         0      
       mult32_f5hw.asm.obj          36      0         0      
       boot.c.obj                   28      2         0      
       memccpy.c.obj                30      0         0      
       mult16_f5hw.asm.obj          24      0         0      
       div16u.asm.obj               22      0         0      
       memset.c.obj                 22      0         0      
       memcpy.c.obj                 20      0         0      
       copy_decompress_none.c.obj   18      0         0      
       strlen.c.obj                 14      0         0      
       fltid.c.obj                  12      0         0      
       lsl16.asm.obj                10      0         0      
       lsr16.asm.obj                10      0         0      
       isr_trap.asm.obj             8       0         0      
       exit.c.obj                   6       0         0      
       int41.asm.obj                0       2         0      
       int42.asm.obj                0       2         0      
       int43.asm.obj                0       2         0      
       int44.asm.obj                0       2         0      
       int45.asm.obj                0       2         0      
       int47.asm.obj                0       2         0      
       int48.asm.obj                0       2         0      
       int49.asm.obj                0       2         0      
       int50.asm.obj                0       2         0      
       int52.asm.obj                0       2         0      
       int53.asm.obj                0       2         0      
       int54.asm.obj                0       2         0      
       int55.asm.obj                0       2         0      
       int56.asm.obj                0       2         0      
       int57.asm.obj                0       2         0      
       int58.asm.obj                0       2         0      
       int59.asm.obj                0       2         0      
       int60.asm.obj                0       2         0      
       int61.asm.obj                0       2         0      
       int62.asm.obj                0       2         0      
       startup.c.obj                2       0         0      
    +--+----------------------------+-------+---------+---------+
       Total:                       5388    62        0      
                                                             
       Stack:                       0       0         160    
       Linker Generated:            0       47        0      
    +--+----------------------------+-------+---------+---------+
       Grand Total:                 12792   718       577    


LINKER GENERATED COPY TABLES

__TI_cinit_table @ 0000488e records: 2, size/record: 8, table size: 16
	.data: load addr=0000486e, load size=0000000d bytes, run addr=00002592, run size=0000000f bytes, compression=lzss
	.bss: load addr=00004888, load size=00000006 bytes, run addr=00002400, run size=00000192 bytes, compression=zero_init


LINKER GENERATED HANDLER TABLE

__TI_handler_table @ 0000487c records: 3, size/record: 4, table size: 12
	index: 0, handler: __TI_zero_init
	index: 1, handler: __TI_decompress_lzss
	index: 2, handler: __TI_decompress_none


GLOBAL SYMBOLS: SORTED ALPHABETICALLY BY Name 

address   name                                       
-------   ----                                       
00000700  ADC12CTL0                                  
00000701  ADC12CTL0_H                                
00000700  ADC12CTL0_L                                
00000702  ADC12CTL1                                  
00000703  ADC12CTL1_H                                
00000702  ADC12CTL1_L                                
00000704  ADC12CTL2                                  
00000705  ADC12CTL2_H                                
00000704  ADC12CTL2_L                                
0000070c  ADC12IE                                    
0000070d  ADC12IE_H                                  
0000070c  ADC12IE_L                                  
0000070a  ADC12IFG                                   
0000070b  ADC12IFG_H                                 
0000070a  ADC12IFG_L                                 
0000070e  ADC12IV                                    
0000070f  ADC12IV_H                                  
0000070e  ADC12IV_L                                  
00000710  ADC12MCTL0                                 
00000711  ADC12MCTL1                                 
0000071a  ADC12MCTL10                                
0000071b  ADC12MCTL11                                
0000071c  ADC12MCTL12                                
0000071d  ADC12MCTL13                                
0000071e  ADC12MCTL14                                
0000071f  ADC12MCTL15                                
00000712  ADC12MCTL2                                 
00000713  ADC12MCTL3                                 
00000714  ADC12MCTL4                                 
00000715  ADC12MCTL5                                 
00000716  ADC12MCTL6                                 
00000717  ADC12MCTL7                                 
00000718  ADC12MCTL8                                 
00000719  ADC12MCTL9                                 
00000720  ADC12MEM0                                  
00000721  ADC12MEM0_H                                
00000720  ADC12MEM0_L                                
00000722  ADC12MEM1                                  
00000734  ADC12MEM10                                 
00000735  ADC12MEM10_H                               
00000734  ADC12MEM10_L                               
00000736  ADC12MEM11                                 
00000737  ADC12MEM11_H                               
00000736  ADC12MEM11_L                               
00000738  ADC12MEM12                                 
00000739  ADC12MEM12_H                               
00000738  ADC12MEM12_L                               
0000073a  ADC12MEM13                                 
0000073b  ADC12MEM13_H                               
0000073a  ADC12MEM13_L                               
0000073c  ADC12MEM14                                 
0000073d  ADC12MEM14_H                               
0000073c  ADC12MEM14_L                               
0000073e  ADC12MEM15                                 
0000073f  ADC12MEM15_H                               
0000073e  ADC12MEM15_L                               
00000723  ADC12MEM1_H                                
00000722  ADC12MEM1_L                                
00000724  ADC12MEM2                                  
00000725  ADC12MEM2_H                                
00000724  ADC12MEM2_L                                
00000726  ADC12MEM3                                  
00000727  ADC12MEM3_H                                
00000726  ADC12MEM3_L                                
00000728  ADC12MEM4                                  
00000729  ADC12MEM4_H                                
00000728  ADC12MEM4_L                                
0000072a  ADC12MEM5                                  
0000072b  ADC12MEM5_H                                
0000072a  ADC12MEM5_L                                
0000072c  ADC12MEM6                                  
0000072d  ADC12MEM6_H                                
0000072c  ADC12MEM6_L                                
0000072e  ADC12MEM7                                  
0000072f  ADC12MEM7_H                                
0000072e  ADC12MEM7_L                                
00000730  ADC12MEM8                                  
00000731  ADC12MEM8_H                                
00000730  ADC12MEM8_L                                
00000732  ADC12MEM9                                  
00000733  ADC12MEM9_H                                
00000732  ADC12MEM9_L                                
00012fd0  C$$EXIT                                    
000008c0  CBCTL0                                     
000008c1  CBCTL0_H                                   
000008c0  CBCTL0_L                                   
000008c2  CBCTL1                                     
000008c3  CBCTL1_H                                   
000008c2  CBCTL1_L                                   
000008c4  CBCTL2                                     
000008c5  CBCTL2_H                                   
000008c4  CBCTL2_L                                   
000008c6  CBCTL3                                     
000008c7  CBCTL3_H                                   
000008c6  CBCTL3_L                                   
000008cc  CBINT                                      
000008cd  CBINT_H                                    
000008cc  CBINT_L                                    
000008ce  CBIV                                       
00000150  CRCDI                                      
00000152  CRCDIRB                                    
00000153  CRCDIRB_H                                  
00000152  CRCDIRB_L                                  
00000151  CRCDI_H                                    
00000150  CRCDI_L                                    
00000154  CRCINIRES                                  
00000155  CRCINIRES_H                                
00000154  CRCINIRES_L                                
00000156  CRCRESR                                    
00000157  CRCRESR_H                                  
00000156  CRCRESR_L                                  
00012c66  CdcIsReceiveInProgress                     
00012882  CdcResetData                               
000107ca  CdcToBufferFromHost                        
00010466  CdcToHostFromBuffer                        
00011488  CopyUsbToBuff                              
00000510  DMA0CTL                                    
00000516  DMA0DA                                     
00000518  DMA0DAH                                    
00000516  DMA0DAL                                    
00000512  DMA0SA                                     
00000514  DMA0SAH                                    
00000512  DMA0SAL                                    
0000051a  DMA0SZ                                     
00000520  DMA1CTL                                    
00000526  DMA1DA                                     
00000528  DMA1DAH                                    
00000526  DMA1DAL                                    
00000522  DMA1SA                                     
00000524  DMA1SAH                                    
00000522  DMA1SAL                                    
0000052a  DMA1SZ                                     
00000530  DMA2CTL                                    
00000536  DMA2DA                                     
00000538  DMA2DAH                                    
00000536  DMA2DAL                                    
00000532  DMA2SA                                     
00000534  DMA2SAH                                    
00000532  DMA2SAL                                    
0000053a  DMA2SZ                                     
00000500  DMACTL0                                    
00000502  DMACTL1                                    
00000504  DMACTL2                                    
00000506  DMACTL3                                    
00000508  DMACTL4                                    
0000050e  DMAIV                                      
00000140  FCTL1                                      
00000141  FCTL1_H                                    
00000140  FCTL1_L                                    
00000144  FCTL3                                      
00000145  FCTL3_H                                    
00000144  FCTL3_L                                    
00000146  FCTL4                                      
00000147  FCTL4_H                                    
00000146  FCTL4_L                                    
0001279c  GPIO_setAsPeripheralModuleFunctionOutputPin
000122ec  Handler_SetLineCoding                      
00012d42  IEP0InterruptHandler                       
00012958  LSM6DS0_Init                               
000004c4  MAC                                        
000004da  MAC32H                                     
000004db  MAC32H_H                                   
000004da  MAC32H_L                                   
000004d8  MAC32L                                     
000004d9  MAC32L_H                                   
000004d8  MAC32L_L                                   
000004c6  MACS                                       
000004de  MACS32H                                    
000004df  MACS32H_H                                  
000004de  MACS32H_L                                  
000004dc  MACS32L                                    
000004dd  MACS32L_H                                  
000004dc  MACS32L_L                                  
000004c7  MACS_H                                     
000004c6  MACS_L                                     
000004c5  MAC_H                                      
000004c4  MAC_L                                      
000004c0  MPY                                        
000004ec  MPY32CTL0                                  
000004ed  MPY32CTL0_H                                
000004ec  MPY32CTL0_L                                
000004d2  MPY32H                                     
000004d3  MPY32H_H                                   
000004d2  MPY32H_L                                   
000004d0  MPY32L                                     
000004d1  MPY32L_H                                   
000004d0  MPY32L_L                                   
000004c2  MPYS                                       
000004d6  MPYS32H                                    
000004d7  MPYS32H_H                                  
000004d6  MPYS32H_L                                  
000004d4  MPYS32L                                    
000004d5  MPYS32L_H                                  
000004d4  MPYS32L_L                                  
000004c3  MPYS_H                                     
000004c2  MPYS_L                                     
000004c1  MPY_H                                      
000004c0  MPY_L                                      
00012a96  OEP0InterruptHandler                       
000004c8  OP2                                        
000004e2  OP2H                                       
000004e3  OP2H_H                                     
000004e2  OP2H_L                                     
000004e0  OP2L                                       
000004e1  OP2L_H                                     
000004e0  OP2L_L                                     
000004c9  OP2_H                                      
000004c8  OP2_L                                      
0000020e  P1IV                                       
0000021e  P2IV                                       
000001e0  P4MAP01                                    
000001e1  P4MAP01_H                                  
000001e0  P4MAP01_L                                  
000001e2  P4MAP23                                    
000001e3  P4MAP23_H                                  
000001e2  P4MAP23_L                                  
000001e4  P4MAP45                                    
000001e5  P4MAP45_H                                  
000001e4  P4MAP45_L                                  
000001e6  P4MAP67                                    
000001e7  P4MAP67_H                                  
000001e6  P4MAP67_L                                  
00000204  PADIR                                      
00000205  PADIR_H                                    
00000204  PADIR_L                                    
00000208  PADS                                       
00000209  PADS_H                                     
00000208  PADS_L                                     
0000021a  PAIE                                       
00000218  PAIES                                      
00000219  PAIES_H                                    
00000218  PAIES_L                                    
0000021b  PAIE_H                                     
0000021a  PAIE_L                                     
0000021c  PAIFG                                      
0000021d  PAIFG_H                                    
0000021c  PAIFG_L                                    
00000200  PAIN                                       
00000201  PAIN_H                                     
00000200  PAIN_L                                     
00000202  PAOUT                                      
00000203  PAOUT_H                                    
00000202  PAOUT_L                                    
00000206  PAREN                                      
00000207  PAREN_H                                    
00000206  PAREN_L                                    
0000020a  PASEL                                      
0000020b  PASEL_H                                    
0000020a  PASEL_L                                    
00000224  PBDIR                                      
00000225  PBDIR_H                                    
00000224  PBDIR_L                                    
00000228  PBDS                                       
00000229  PBDS_H                                     
00000228  PBDS_L                                     
00000220  PBIN                                       
00000221  PBIN_H                                     
00000220  PBIN_L                                     
00000222  PBOUT                                      
00000223  PBOUT_H                                    
00000222  PBOUT_L                                    
00000226  PBREN                                      
00000227  PBREN_H                                    
00000226  PBREN_L                                    
0000022a  PBSEL                                      
0000022b  PBSEL_H                                    
0000022a  PBSEL_L                                    
00000244  PCDIR                                      
00000245  PCDIR_H                                    
00000244  PCDIR_L                                    
00000248  PCDS                                       
00000249  PCDS_H                                     
00000248  PCDS_L                                     
00000240  PCIN                                       
00000241  PCIN_H                                     
00000240  PCIN_L                                     
00000242  PCOUT                                      
00000243  PCOUT_H                                    
00000242  PCOUT_L                                    
00000246  PCREN                                      
00000247  PCREN_H                                    
00000246  PCREN_L                                    
0000024a  PCSEL                                      
0000024b  PCSEL_H                                    
0000024a  PCSEL_L                                    
00000264  PDDIR                                      
00000265  PDDIR_H                                    
00000264  PDDIR_L                                    
00000268  PDDS                                       
00000269  PDDS_H                                     
00000268  PDDS_L                                     
00000260  PDIN                                       
00000261  PDIN_H                                     
00000260  PDIN_L                                     
00000262  PDOUT                                      
00000263  PDOUT_H                                    
00000262  PDOUT_L                                    
00000266  PDREN                                      
00000267  PDREN_H                                    
00000266  PDREN_L                                    
0000026a  PDSEL                                      
0000026b  PDSEL_H                                    
0000026a  PDSEL_L                                    
00000324  PJDIR                                      
00000325  PJDIR_H                                    
00000324  PJDIR_L                                    
00000328  PJDS                                       
00000329  PJDS_H                                     
00000328  PJDS_L                                     
00000320  PJIN                                       
00000321  PJIN_H                                     
00000320  PJIN_L                                     
00000322  PJOUT                                      
00000323  PJOUT_H                                    
00000322  PJOUT_L                                    
00000326  PJREN                                      
00000327  PJREN_H                                    
00000326  PJREN_L                                    
00000130  PM5CTL0                                    
00000131  PM5CTL0_H                                  
00000130  PM5CTL0_L                                  
000001c2  PMAPCTL                                    
000001c3  PMAPCTL_H                                  
000001c2  PMAPCTL_L                                  
000001c0  PMAPKEYID                                  
000001c1  PMAPKEYID_H                                
000001c0  PMAPKEYID_L                                
00000120  PMMCTL0                                    
00000121  PMMCTL0_H                                  
00000120  PMMCTL0_L                                  
00000122  PMMCTL1                                    
00000123  PMMCTL1_H                                  
00000122  PMMCTL1_L                                  
0000012c  PMMIFG                                     
0000012d  PMMIFG_H                                   
0000012c  PMMIFG_L                                   
0000012e  PMMRIE                                     
0000012f  PMMRIE_H                                   
0000012e  PMMRIE_L                                   
000121ea  PWRVBUSoffHandler                          
00012364  PWRVBUSonHandler                           
00000158  RCCTL0                                     
00000159  RCCTL0_H                                   
00000158  RCCTL0_L                                   
000001b0  REFCTL0                                    
000001b1  REFCTL0_H                                  
000001b0  REFCTL0_L                                  
000004e4  RES0                                       
000004e5  RES0_H                                     
000004e4  RES0_L                                     
000004e6  RES1                                       
000004e7  RES1_H                                     
000004e6  RES1_L                                     
000004e8  RES2                                       
000004e9  RES2_H                                     
000004e8  RES2_L                                     
000004ea  RES3                                       
000004eb  RES3_H                                     
000004ea  RES3_L                                     
000004cc  RESHI                                      
000004cd  RESHI_H                                    
000004cc  RESHI_L                                    
000004ca  RESLO                                      
000004cb  RESLO_H                                    
000004ca  RESLO_L                                    
000004ba  RTCADOWDAY                                 
000004bb  RTCADOWDAY_H                               
000004ba  RTCADOWDAY_L                               
000004b8  RTCAMINHR                                  
000004b9  RTCAMINHR_H                                
000004b8  RTCAMINHR_L                                
000004a0  RTCCTL01                                   
000004a1  RTCCTL01_H                                 
000004a0  RTCCTL01_L                                 
000004a2  RTCCTL23                                   
000004a3  RTCCTL23_H                                 
000004a2  RTCCTL23_L                                 
000004b4  RTCDATE                                    
000004b5  RTCDATE_H                                  
000004b4  RTCDATE_L                                  
000004ae  RTCIV                                      
000004ac  RTCPS                                      
000004a8  RTCPS0CTL                                  
000004a9  RTCPS0CTL_H                                
000004a8  RTCPS0CTL_L                                
000004aa  RTCPS1CTL                                  
000004ab  RTCPS1CTL_H                                
000004aa  RTCPS1CTL_L                                
000004ad  RTCPS_H                                    
000004ac  RTCPS_L                                    
000004b0  RTCTIM0                                    
000004b1  RTCTIM0_H                                  
000004b0  RTCTIM0_L                                  
000004b2  RTCTIM1                                    
000004b3  RTCTIM1_H                                  
000004b2  RTCTIM1_L                                  
000004b6  RTCYEAR                                    
000004b7  RTCYEAR_H                                  
000004b6  RTCYEAR_L                                  
00000100  SFRIE1                                     
00000101  SFRIE1_H                                   
00000100  SFRIE1_L                                   
00000102  SFRIFG1                                    
00000103  SFRIFG1_H                                  
00000102  SFRIFG1_L                                  
00000104  SFRRPCR                                    
00000105  SFRRPCR_H                                  
00000104  SFRRPCR_L                                  
000004ce  SUMEXT                                     
000004cf  SUMEXT_H                                   
000004ce  SUMEXT_L                                   
00000124  SVSMHCTL                                   
00000125  SVSMHCTL_H                                 
00000124  SVSMHCTL_L                                 
00000128  SVSMIO                                     
00000129  SVSMIO_H                                   
00000128  SVSMIO_L                                   
00000126  SVSMLCTL                                   
00000127  SVSMLCTL_H                                 
00000126  SVSMLCTL_L                                 
00000198  SYSBERRIV                                  
00000199  SYSBERRIV_H                                
00000198  SYSBERRIV_L                                
00000182  SYSBSLC                                    
00000183  SYSBSLC_H                                  
00000182  SYSBSLC_L                                  
00000180  SYSCTL                                     
00000181  SYSCTL_H                                   
00000180  SYSCTL_L                                   
00000186  SYSJMBC                                    
00000187  SYSJMBC_H                                  
00000186  SYSJMBC_L                                  
00000188  SYSJMBI0                                   
00000189  SYSJMBI0_H                                 
00000188  SYSJMBI0_L                                 
0000018a  SYSJMBI1                                   
0000018b  SYSJMBI1_H                                 
0000018a  SYSJMBI1_L                                 
0000018c  SYSJMBO0                                   
0000018d  SYSJMBO0_H                                 
0000018c  SYSJMBO0_L                                 
0000018e  SYSJMBO1                                   
0000018f  SYSJMBO1_H                                 
0000018e  SYSJMBO1_L                                 
0000019e  SYSRSTIV                                   
0000019f  SYSRSTIV_H                                 
0000019e  SYSRSTIV_L                                 
0000019c  SYSSNIV                                    
0000019d  SYSSNIV_H                                  
0000019c  SYSSNIV_L                                  
0000019a  SYSUNIV                                    
0000019b  SYSUNIV_H                                  
0000019a  SYSUNIV_L                                  
00012592  SetupPacketInterruptHandler                
00000352  TA0CCR0                                    
00000354  TA0CCR1                                    
00000356  TA0CCR2                                    
00000358  TA0CCR3                                    
0000035a  TA0CCR4                                    
00000342  TA0CCTL0                                   
00000344  TA0CCTL1                                   
00000346  TA0CCTL2                                   
00000348  TA0CCTL3                                   
0000034a  TA0CCTL4                                   
00000340  TA0CTL                                     
00000360  TA0EX0                                     
0000036e  TA0IV                                      
00000350  TA0R                                       
00000392  TA1CCR0                                    
00000394  TA1CCR1                                    
00000396  TA1CCR2                                    
00000382  TA1CCTL0                                   
00000384  TA1CCTL1                                   
00000386  TA1CCTL2                                   
00000380  TA1CTL                                     
000003a0  TA1EX0                                     
000003ae  TA1IV                                      
00000390  TA1R                                       
00000412  TA2CCR0                                    
00000414  TA2CCR1                                    
00000416  TA2CCR2                                    
00000402  TA2CCTL0                                   
00000404  TA2CCTL1                                   
00000406  TA2CCTL2                                   
00000400  TA2CTL                                     
00000420  TA2EX0                                     
0000042e  TA2IV                                      
00000410  TA2R                                       
000003d2  TB0CCR0                                    
000003d4  TB0CCR1                                    
000003d6  TB0CCR2                                    
000003d8  TB0CCR3                                    
000003da  TB0CCR4                                    
000003dc  TB0CCR5                                    
000003de  TB0CCR6                                    
000003c2  TB0CCTL0                                   
000003c4  TB0CCTL1                                   
000003c6  TB0CCTL2                                   
000003c8  TB0CCTL3                                   
000003ca  TB0CCTL4                                   
000003cc  TB0CCTL5                                   
000003ce  TB0CCTL6                                   
000003c0  TB0CTL                                     
000003e0  TB0EX0                                     
000003ee  TB0IV                                      
000003d0  TB0R                                       
000005d0  UCA0ABCTL                                  
000005c6  UCA0BRW                                    
000005c7  UCA0BRW_H                                  
000005c6  UCA0BRW_L                                  
000005c0  UCA0CTLW0                                  
000005c1  UCA0CTLW0_H                                
000005c0  UCA0CTLW0_L                                
000005dc  UCA0ICTL                                   
000005dd  UCA0ICTL_H                                 
000005dc  UCA0ICTL_L                                 
000005d2  UCA0IRCTL                                  
000005d3  UCA0IRCTL_H                                
000005d2  UCA0IRCTL_L                                
000005de  UCA0IV                                     
000005c8  UCA0MCTL                                   
000005cc  UCA0RXBUF                                  
000005ca  UCA0STAT                                   
000005ce  UCA0TXBUF                                  
00000610  UCA1ABCTL                                  
00000606  UCA1BRW                                    
00000607  UCA1BRW_H                                  
00000606  UCA1BRW_L                                  
00000600  UCA1CTLW0                                  
00000601  UCA1CTLW0_H                                
00000600  UCA1CTLW0_L                                
0000061c  UCA1ICTL                                   
0000061d  UCA1ICTL_H                                 
0000061c  UCA1ICTL_L                                 
00000612  UCA1IRCTL                                  
00000613  UCA1IRCTL_H                                
00000612  UCA1IRCTL_L                                
0000061e  UCA1IV                                     
00000608  UCA1MCTL                                   
0000060c  UCA1RXBUF                                  
0000060a  UCA1STAT                                   
0000060e  UCA1TXBUF                                  
000005e6  UCB0BRW                                    
000005e7  UCB0BRW_H                                  
000005e6  UCB0BRW_L                                  
000005e0  UCB0CTLW0                                  
000005e1  UCB0CTLW0_H                                
000005e0  UCB0CTLW0_L                                
000005f0  UCB0I2COA                                  
000005f1  UCB0I2COA_H                                
000005f0  UCB0I2COA_L                                
000005f2  UCB0I2CSA                                  
000005f3  UCB0I2CSA_H                                
000005f2  UCB0I2CSA_L                                
000005fc  UCB0ICTL                                   
000005fd  UCB0ICTL_H                                 
000005fc  UCB0ICTL_L                                 
000005fe  UCB0IV                                     
000005ec  UCB0RXBUF                                  
000005ea  UCB0STAT                                   
000005ee  UCB0TXBUF                                  
00000626  UCB1BRW                                    
00000627  UCB1BRW_H                                  
00000626  UCB1BRW_L                                  
00000620  UCB1CTLW0                                  
00000621  UCB1CTLW0_H                                
00000620  UCB1CTLW0_L                                
00000630  UCB1I2COA                                  
00000631  UCB1I2COA_H                                
00000630  UCB1I2COA_L                                
00000632  UCB1I2CSA                                  
00000633  UCB1I2CSA_H                                
00000632  UCB1I2CSA_L                                
0000063c  UCB1ICTL                                   
0000063d  UCB1ICTL_H                                 
0000063c  UCB1ICTL_L                                 
0000063e  UCB1IV                                     
0000062c  UCB1RXBUF                                  
0000062a  UCB1STAT                                   
0000062e  UCB1TXBUF                                  
00000160  UCSCTL0                                    
00000161  UCSCTL0_H                                  
00000160  UCSCTL0_L                                  
00000162  UCSCTL1                                    
00000163  UCSCTL1_H                                  
00000162  UCSCTL1_L                                  
00000164  UCSCTL2                                    
00000165  UCSCTL2_H                                  
00000164  UCSCTL2_L                                  
00000166  UCSCTL3                                    
00000167  UCSCTL3_H                                  
00000166  UCSCTL3_L                                  
00000168  UCSCTL4                                    
00000169  UCSCTL4_H                                  
00000168  UCSCTL4_L                                  
0000016a  UCSCTL5                                    
0000016b  UCSCTL5_H                                  
0000016a  UCSCTL5_L                                  
0000016c  UCSCTL6                                    
0000016d  UCSCTL6_H                                  
0000016c  UCSCTL6_L                                  
0000016e  UCSCTL7                                    
0000016f  UCSCTL7_H                                  
0000016e  UCSCTL7_L                                  
00000170  UCSCTL8                                    
00000171  UCSCTL8_H                                  
00000170  UCSCTL8_L                                  
00012fc8  UCS_turnOffXT2                             
000126a0  UCS_turnOnXT2WithTimeout                   
00011c58  USBCDC_getBytesInUSBBuffer                 
00012f64  USBCDC_handleDataReceived                  
00012f70  USBCDC_handleReceiveCompleted              
00012f7c  USBCDC_handleSendCompleted                 
00012f1c  USBCDC_handleSetControlLineState           
00012dac  USBCDC_handleSetLineCoding                 
00000902  USBCNF                                     
00000903  USBCNF_H                                   
00000902  USBCNF_L                                   
0000093c  USBCTL                                     
0000093a  USBFN                                      
0000093b  USBFN_H                                    
0000093a  USBFN_L                                    
0000093f  USBFUNADR                                  
0000093d  USBIE                                      
00002378  USBIEP0BUF                                 
000023c9  USBIEPBBAX_1                               
000023d1  USBIEPBBAX_2                               
000023d9  USBIEPBBAX_3                               
000023e1  USBIEPBBAX_4                               
000023e9  USBIEPBBAX_5                               
000023f1  USBIEPBBAX_6                               
000023f9  USBIEPBBAX_7                               
000023cd  USBIEPBBAY_1                               
000023d5  USBIEPBBAY_2                               
000023dd  USBIEPBBAY_3                               
000023e5  USBIEPBBAY_4                               
000023ed  USBIEPBBAY_5                               
000023f5  USBIEPBBAY_6                               
000023fd  USBIEPBBAY_7                               
000023ca  USBIEPBCTX_1                               
000023d2  USBIEPBCTX_2                               
000023da  USBIEPBCTX_3                               
000023e2  USBIEPBCTX_4                               
000023ea  USBIEPBCTX_5                               
000023f2  USBIEPBCTX_6                               
000023fa  USBIEPBCTX_7                               
000023ce  USBIEPBCTY_1                               
000023d6  USBIEPBCTY_2                               
000023de  USBIEPBCTY_3                               
000023e6  USBIEPBCTY_4                               
000023ee  USBIEPBCTY_5                               
000023f6  USBIEPBCTY_6                               
000023fe  USBIEPBCTY_7                               
00000920  USBIEPCNF_0                                
000023c8  USBIEPCNF_1                                
000023d0  USBIEPCNF_2                                
000023d8  USBIEPCNF_3                                
000023e0  USBIEPCNF_4                                
000023e8  USBIEPCNF_5                                
000023f0  USBIEPCNF_6                                
000023f8  USBIEPCNF_7                                
00000921  USBIEPCNT_0                                
0000092e  USBIEPIE                                   
00000930  USBIEPIFG                                  
000023cf  USBIEPSIZXY_1                              
000023d7  USBIEPSIZXY_2                              
000023df  USBIEPSIZXY_3                              
000023e7  USBIEPSIZXY_4                              
000023ef  USBIEPSIZXY_5                              
000023f7  USBIEPSIZXY_6                              
000023ff  USBIEPSIZXY_7                              
0000093e  USBIFG                                     
00000900  USBKEYID                                   
00000901  USBKEYID_H                                 
00000900  USBKEYID_L                                 
00000936  USBMAINT                                   
00000937  USBMAINT_H                                 
00000936  USBMAINT_L                                 
00002370  USBOEP0BUF                                 
00002389  USBOEPBBAX_1                               
00002391  USBOEPBBAX_2                               
00002399  USBOEPBBAX_3                               
000023a1  USBOEPBBAX_4                               
000023a9  USBOEPBBAX_5                               
000023b1  USBOEPBBAX_6                               
000023b9  USBOEPBBAX_7                               
0000238d  USBOEPBBAY_1                               
00002395  USBOEPBBAY_2                               
0000239d  USBOEPBBAY_3                               
000023a5  USBOEPBBAY_4                               
000023ad  USBOEPBBAY_5                               
000023b5  USBOEPBBAY_6                               
000023bd  USBOEPBBAY_7                               
0000238a  USBOEPBCTX_1                               
00002392  USBOEPBCTX_2                               
0000239a  USBOEPBCTX_3                               
000023a2  USBOEPBCTX_4                               
000023aa  USBOEPBCTX_5                               
000023b2  USBOEPBCTX_6                               
000023ba  USBOEPBCTX_7                               
0000238e  USBOEPBCTY_1                               
00002396  USBOEPBCTY_2                               
0000239e  USBOEPBCTY_3                               
000023a6  USBOEPBCTY_4                               
000023ae  USBOEPBCTY_5                               
000023b6  USBOEPBCTY_6                               
000023be  USBOEPBCTY_7                               
00000922  USBOEPCNF_0                                
00002388  USBOEPCNF_1                                
00002390  USBOEPCNF_2                                
00002398  USBOEPCNF_3                                
000023a0  USBOEPCNF_4                                
000023a8  USBOEPCNF_5                                
000023b0  USBOEPCNF_6                                
000023b8  USBOEPCNF_7                                
00000923  USBOEPCNT_0                                
0000092f  USBOEPIE                                   
00000931  USBOEPIFG                                  
0000238f  USBOEPSIZXY_1                              
00002397  USBOEPSIZXY_2                              
0000239f  USBOEPSIZXY_3                              
000023a7  USBOEPSIZXY_4                              
000023af  USBOEPSIZXY_5                              
000023b7  USBOEPSIZXY_6                              
000023bf  USBOEPSIZXY_7                              
00000904  USBPHYCTL                                  
00000905  USBPHYCTL_H                                
00000904  USBPHYCTL_L                                
00000910  USBPLLCTL                                  
00000911  USBPLLCTL_H                                
00000910  USBPLLCTL_L                                
00000912  USBPLLDIVB                                 
00000913  USBPLLDIVB_H                               
00000912  USBPLLDIVB_L                               
00000914  USBPLLIR                                   
00000915  USBPLLIR_H                                 
00000914  USBPLLIR_L                                 
00000908  USBPWRCTL                                  
00000909  USBPWRCTL_H                                
00000908  USBPWRCTL_L                                
00001c00  USBSTABUFF                                 
00002380  USBSUBLK                                   
0000236f  USBTOPBUFF                                 
00000938  USBTSREG                                   
00000939  USBTSREG_H                                 
00000938  USBTSREG_L                                 
00000932  USBVECINT                                  
00000933  USBVECINT_H                                
00000932  USBVECINT_L                                
00002584  USB_RX_memcpy                              
00002588  USB_TX_memcpy                              
00012d5e  USB_connect                                
00011350  USB_determineFreq                          
00011b5e  USB_enable                                 
00012fe2  USB_handleClockEvent                       
00012fe6  USB_handleEnumerationCompleteEvent         
00012fea  USB_handleResetEvent                       
00012fee  USB_handleResumeEvent                      
00012ff2  USB_handleSuspendEvent                     
00012ff6  USB_handleVbusOffEvent                     
00012e94  USB_handleVbusOnEvent                      
00011178  USB_reset                                  
00012dc4  USB_resume                                 
00012ba4  USB_suspend                                
0001299a  UsbExecution                               
00002596  VERSION                                    
0000015c  WDTCTL                                     
0000015d  WDTCTL_H                                   
0000015c  WDTCTL_L                                   
00004400  __STACK_END                                
000000a0  __STACK_SIZE                               
0000488e  __TI_CINIT_Base                            
0000489e  __TI_CINIT_Limit                           
0000487c  __TI_Handler_Table_Base                    
00004888  __TI_Handler_Table_Limit                   
000045f4  __TI_ISR_TRAP                              
000126f4  __TI_auto_init_nobinit_nopinit_hold_wdt    
000123da  __TI_decompress_lzss                       
00012ef8  __TI_decompress_none                       
00010000  __TI_frcdivd                               
00010a70  __TI_frcmpyd                               
0000ffd2  __TI_int41                                 
0000ffd4  __TI_int42                                 
0000ffd6  __TI_int43                                 
0000ffd8  __TI_int44                                 
0000ffda  __TI_int45                                 
0000ffdc  __TI_int46                                 
0000ffde  __TI_int47                                 
0000ffe0  __TI_int48                                 
0000ffe2  __TI_int49                                 
0000ffe4  __TI_int50                                 
0000ffe6  __TI_int51                                 
0000ffe8  __TI_int52                                 
0000ffea  __TI_int53                                 
0000ffec  __TI_int54                                 
0000ffee  __TI_int55                                 
0000fff0  __TI_int56                                 
0000fff2  __TI_int57                                 
0000fff4  __TI_int58                                 
0000fff6  __TI_int59                                 
0000fff8  __TI_int60                                 
0000fffa  __TI_int61                                 
0000fffc  __TI_int62                                 
ffffffff  __TI_pprof_out_hndl                        
00011d38  __TI_printfi_minimal                       
ffffffff  __TI_prof_data_size                        
ffffffff  __TI_prof_data_start                       
00012bfa  __TI_zero_init_nomemset                    
ffffffff  __c_args__                                 
000116f6  __mspabi_addf                              
0001215e  __mspabi_cvtdf                             
000125ee  __mspabi_cvtfd                             
00010f56  __mspabi_divd                              
000120ce  __mspabi_divf                              
00012e52  __mspabi_divu                              
00012f88  __mspabi_fltid                             
00011f94  __mspabi_fltlid                            
00010cf0  __mspabi_mpyd                              
00012df4  __mspabi_mpyi_f5hw                         
00012c1e  __mspabi_mpyl_f5hw                         
00012e52  __mspabi_remu                              
00012faa  __mspabi_slli                              
00012a52  __mspabi_slll_1                            
00012a2e  __mspabi_slll_10                           
00012a2a  __mspabi_slll_11                           
00012a26  __mspabi_slll_12                           
00012a22  __mspabi_slll_13                           
00012a1e  __mspabi_slll_14                           
00012a1a  __mspabi_slll_15                           
00012a4e  __mspabi_slll_2                            
00012a4a  __mspabi_slll_3                            
00012a46  __mspabi_slll_4                            
00012a42  __mspabi_slll_5                            
00012a3e  __mspabi_slll_6                            
00012a3a  __mspabi_slll_7                            
00012a36  __mspabi_slll_8                            
00012a32  __mspabi_slll_9                            
00012a14  __mspabi_sral_1                            
000129f0  __mspabi_sral_10                           
000129ec  __mspabi_sral_11                           
000129e8  __mspabi_sral_12                           
000129e4  __mspabi_sral_13                           
000129e0  __mspabi_sral_14                           
000129dc  __mspabi_sral_15                           
00012a10  __mspabi_sral_2                            
00012a0c  __mspabi_sral_3                            
00012a08  __mspabi_sral_4                            
00012a04  __mspabi_sral_5                            
00012a00  __mspabi_sral_6                            
000129fc  __mspabi_sral_7                            
000129f8  __mspabi_sral_8                            
000129f4  __mspabi_sral_9                            
00012fb4  __mspabi_srli                              
00012a90  __mspabi_srll_1                            
00012a6c  __mspabi_srll_10                           
00012a68  __mspabi_srll_11                           
00012a64  __mspabi_srll_12                           
00012a60  __mspabi_srll_13                           
00012a5c  __mspabi_srll_14                           
00012a58  __mspabi_srll_15                           
00012a8c  __mspabi_srll_2                            
00012a88  __mspabi_srll_3                            
00012a84  __mspabi_srll_4                            
00012a80  __mspabi_srll_5                            
00012a7c  __mspabi_srll_6                            
00012a78  __mspabi_srll_7                            
00012a74  __mspabi_srll_8                            
00012a70  __mspabi_srll_9                            
000116f0  __mspabi_subf                              
000045d8  _c_int00_noargs                            
0000fffe  _reset_vector                              
00004360  _stack                                     
00012ffa  _system_post_cinit                         
00012fa0  _system_pre_init                           
00002378  abIEP0Buffer                               
00002370  abOEP0Buffer                               
00002574  abUsbRequestIncomingData                   
0000257c  abUsbRequestReturnData                     
00012fd0  abort                                      
00002500  abramSerialStringDescriptor                
000047bc  abromConfigurationDescriptorGroup          
00004844  abromDeviceDescriptor                      
00004706  abromStringDescriptor                      
00011822  accelLoad                                  
0000259a  angle                                      
00002594  bEnumerationStatus                         
00002593  bFunctionSuspended                         
0000256b  bStatusAction                              
000045b0  bcUartISR                                  
00002400  bcUartRcvBuf                               
0000259e  bcUartRcvBufIndex                          
000025a0  bcUartRxThreshReached                      
000127ea  bcUartSend                                 
00002480  buf_usbToBcuart                            
00011948  gyroLoad                                   
00004400  iUsbInterruptHandler                       
0001252e  main                                       
00012ce8  memccpy                                    
00012ebc  memcpy                                     
00012e3c  memset                                     
00001c00  pbXBufferAddressEp1                        
00001d00  pbXBufferAddressEp2                        
00001e00  pbXBufferAddressEp3                        
00001f00  pbXBufferAddressEp4                        
00002000  pbXBufferAddressEp5                        
00002100  pbXBufferAddressEp6                        
00002200  pbXBufferAddressEp7                        
00001c80  pbXBufferAddressEp81                       
00001d80  pbXBufferAddressEp82                       
00001e80  pbXBufferAddressEp83                       
00001f80  pbXBufferAddressEp84                       
00002080  pbXBufferAddressEp85                       
00002180  pbXBufferAddressEp86                       
00002280  pbXBufferAddressEp87                       
00001c40  pbYBufferAddressEp1                        
[...]
00000909  USBPWRCTL_H                                
00000910  USBPLLCTL                                  
00000910  USBPLLCTL_L                                
00000911  USBPLLCTL_H                                
00000912  USBPLLDIVB                                 
00000912  USBPLLDIVB_L                               
00000913  USBPLLDIVB_H                               
00000914  USBPLLIR                                   
00000914  USBPLLIR_L                                 
00000915  USBPLLIR_H                                 
00000920  USBIEPCNF_0                                
00000920  tEndPoint0DescriptorBlock                  
00000921  USBIEPCNT_0                                
00000922  USBOEPCNF_0                                
00000923  USBOEPCNT_0                                
0000092e  USBIEPIE                                   
0000092f  USBOEPIE                                   
00000930  USBIEPIFG                                  
00000931  USBOEPIFG                                  
00000932  USBVECINT                                  
00000932  USBVECINT_L                                
00000933  USBVECINT_H                                
00000936  USBMAINT                                   
00000936  USBMAINT_L                                 
00000937  USBMAINT_H                                 
00000938  USBTSREG                                   
00000938  USBTSREG_L                                 
00000939  USBTSREG_H                                 
0000093a  USBFN                                      
0000093a  USBFN_L                                    
0000093b  USBFN_H                                    
0000093c  USBCTL                                     
0000093d  USBIE                                      
0000093e  USBIFG                                     
0000093f  USBFUNADR                                  
00001c00  USBSTABUFF                                 
00001c00  pbXBufferAddressEp1                        
00001c40  pbYBufferAddressEp1                        
00001c80  pbXBufferAddressEp81                       
00001cc0  pbYBufferAddressEp81                       
00001d00  pbXBufferAddressEp2                        
00001d40  pbYBufferAddressEp2                        
00001d80  pbXBufferAddressEp82                       
00001dc0  pbYBufferAddressEp82                       
00001e00  pbXBufferAddressEp3                        
00001e40  pbYBufferAddressEp3                        
00001e80  pbXBufferAddressEp83                       
00001ec0  pbYBufferAddressEp83                       
00001f00  pbXBufferAddressEp4                        
00001f40  pbYBufferAddressEp4                        
00001f80  pbXBufferAddressEp84                       
00001fc0  pbYBufferAddressEp84                       
00002000  pbXBufferAddressEp5                        
00002040  pbYBufferAddressEp5                        
00002080  pbXBufferAddressEp85                       
000020c0  pbYBufferAddressEp85                       
00002100  pbXBufferAddressEp6                        
00002140  pbYBufferAddressEp6                        
00002180  pbXBufferAddressEp86                       
000021c0  pbYBufferAddressEp86                       
00002200  pbXBufferAddressEp7                        
00002240  pbYBufferAddressEp7                        
00002280  pbXBufferAddressEp87                       
000022c0  pbYBufferAddressEp87                       
0000236f  USBTOPBUFF                                 
00002370  USBOEP0BUF                                 
00002370  abOEP0Buffer                               
00002378  USBIEP0BUF                                 
00002378  abIEP0Buffer                               
00002380  USBSUBLK                                   
00002380  tSetupPacket                               
00002388  USBOEPCNF_1                                
00002388  tOutputEndPointDescriptorBlock             
00002389  USBOEPBBAX_1                               
0000238a  USBOEPBCTX_1                               
0000238d  USBOEPBBAY_1                               
0000238e  USBOEPBCTY_1                               
0000238f  USBOEPSIZXY_1                              
00002390  USBOEPCNF_2                                
00002391  USBOEPBBAX_2                               
00002392  USBOEPBCTX_2                               
00002395  USBOEPBBAY_2                               
00002396  USBOEPBCTY_2                               
00002397  USBOEPSIZXY_2                              
00002398  USBOEPCNF_3                                
00002399  USBOEPBBAX_3                               
0000239a  USBOEPBCTX_3                               
0000239d  USBOEPBBAY_3                               
0000239e  USBOEPBCTY_3                               
0000239f  USBOEPSIZXY_3                              
000023a0  USBOEPCNF_4                                
000023a1  USBOEPBBAX_4                               
000023a2  USBOEPBCTX_4                               
000023a5  USBOEPBBAY_4                               
000023a6  USBOEPBCTY_4                               
000023a7  USBOEPSIZXY_4                              
000023a8  USBOEPCNF_5                                
000023a9  USBOEPBBAX_5                               
000023aa  USBOEPBCTX_5                               
000023ad  USBOEPBBAY_5                               
000023ae  USBOEPBCTY_5                               
000023af  USBOEPSIZXY_5                              
000023b0  USBOEPCNF_6                                
000023b1  USBOEPBBAX_6                               
000023b2  USBOEPBCTX_6                               
000023b5  USBOEPBBAY_6                               
000023b6  USBOEPBCTY_6                               
000023b7  USBOEPSIZXY_6                              
000023b8  USBOEPCNF_7                                
000023b9  USBOEPBBAX_7                               
000023ba  USBOEPBCTX_7                               
000023bd  USBOEPBBAY_7                               
000023be  USBOEPBCTY_7                               
000023bf  USBOEPSIZXY_7                              
000023c8  USBIEPCNF_1                                
000023c8  tInputEndPointDescriptorBlock              
000023c9  USBIEPBBAX_1                               
000023ca  USBIEPBCTX_1                               
000023cd  USBIEPBBAY_1                               
000023ce  USBIEPBCTY_1                               
000023cf  USBIEPSIZXY_1                              
000023d0  USBIEPCNF_2                                
000023d1  USBIEPBBAX_2                               
000023d2  USBIEPBCTX_2                               
000023d5  USBIEPBBAY_2                               
000023d6  USBIEPBCTY_2                               
000023d7  USBIEPSIZXY_2                              
000023d8  USBIEPCNF_3                                
000023d9  USBIEPBBAX_3                               
000023da  USBIEPBCTX_3                               
000023dd  USBIEPBBAY_3                               
000023de  USBIEPBCTY_3                               
000023df  USBIEPSIZXY_3                              
000023e0  USBIEPCNF_4                                
000023e1  USBIEPBBAX_4                               
000023e2  USBIEPBCTX_4                               
000023e5  USBIEPBBAY_4                               
000023e6  USBIEPBCTY_4                               
000023e7  USBIEPSIZXY_4                              
000023e8  USBIEPCNF_5                                
000023e9  USBIEPBBAX_5                               
000023ea  USBIEPBCTX_5                               
000023ed  USBIEPBBAY_5                               
000023ee  USBIEPBCTY_5                               
000023ef  USBIEPSIZXY_5                              
000023f0  USBIEPCNF_6                                
000023f1  USBIEPBBAX_6                               
000023f2  USBIEPBCTX_6                               
000023f5  USBIEPBBAY_6                               
000023f6  USBIEPBCTY_6                               
000023f7  USBIEPSIZXY_6                              
000023f8  USBIEPCNF_7                                
000023f9  USBIEPBBAX_7                               
000023fa  USBIEPBCTX_7                               
000023fd  USBIEPBBAY_7                               
000023fe  USBIEPBCTY_7                               
000023ff  USBIEPSIZXY_7                              
00002400  bcUartRcvBuf                               
00002480  buf_usbToBcuart                            
00002500  abramSerialStringDescriptor                
0000253c  x_gyro                                     
0000256b  bStatusAction                              
00002574  abUsbRequestIncomingData                   
0000257c  abUsbRequestReturnData                     
00002584  USB_RX_memcpy                              
00002588  USB_TX_memcpy                              
0000258c  wBytesRemainingOnIEP0                      
0000258e  wBytesRemainingOnOEP0                      
00002590  wUsbEventMask                              
00002593  bFunctionSuspended                         
00002594  bEnumerationStatus                         
00002596  VERSION                                    
0000259a  angle                                      
0000259e  bcUartRcvBufIndex                          
000025a0  bcUartRxThreshReached                      
00004360  _stack                                     
00004400  __STACK_END                                
00004400  iUsbInterruptHandler                       
000045b0  bcUartISR                                  
000045d8  _c_int00_noargs                            
000045f4  __TI_ISR_TRAP                              
000045fc  tUsbRequestList                            
00004706  abromStringDescriptor                      
000047bc  abromConfigurationDescriptorGroup          
00004844  abromDeviceDescriptor                      
00004856  stUsbHandle                                
0000487c  __TI_Handler_Table_Base                    
00004888  __TI_Handler_Table_Limit                   
0000488e  __TI_CINIT_Base                            
0000489e  __TI_CINIT_Limit                           
0000ffd2  __TI_int41                                 
0000ffd4  __TI_int42                                 
0000ffd6  __TI_int43                                 
0000ffd8  __TI_int44                                 
0000ffda  __TI_int45                                 
0000ffdc  __TI_int46                                 
0000ffde  __TI_int47                                 
0000ffe0  __TI_int48                                 
0000ffe2  __TI_int49                                 
0000ffe4  __TI_int50                                 
0000ffe6  __TI_int51                                 
0000ffe8  __TI_int52                                 
0000ffea  __TI_int53                                 
0000ffec  __TI_int54                                 
0000ffee  __TI_int55                                 
0000fff0  __TI_int56                                 
0000fff2  __TI_int57                                 
0000fff4  __TI_int58                                 
0000fff6  __TI_int59                                 
0000fff8  __TI_int60                                 
0000fffa  __TI_int61                                 
0000fffc  __TI_int62                                 
0000fffe  _reset_vector                              
00010000  __TI_frcdivd                               
00010466  CdcToHostFromBuffer                        
000107ca  CdcToBufferFromHost                        
00010a70  __TI_frcmpyd                               
00010cf0  __mspabi_mpyd                              
00010f56  __mspabi_divd                              
00011178  USB_reset                                  
00011350  USB_determineFreq                          
00011488  CopyUsbToBuff                              
000116f0  __mspabi_subf                              
000116f6  __mspabi_addf                              
00011822  accelLoad                                  
00011948  gyroLoad                                   
00011a62  usbDecodeAndProcessUsbRequest              
00011b5e  USB_enable                                 
00011c58  USBCDC_getBytesInUSBBuffer                 
00011d38  __TI_printfi_minimal                       
00011eee  usbGetEndpointStatus                       
00011f94  __mspabi_fltlid                            
00012032  usbGetLineCoding                           
000120ce  __mspabi_divf                              
0001215e  __mspabi_cvtdf                             
000121ea  PWRVBUSoffHandler                          
0001226c  usbSendNextPacketOnIEP0                    
000122ec  Handler_SetLineCoding                      
00012364  PWRVBUSonHandler                           
000123da  __TI_decompress_lzss                       
00012450  usbGetStringDescriptor                     
000124c4  usbReceiveNextPacketOnOEP0                 
0001252e  main                                       
00012592  SetupPacketInterruptHandler                
000125ee  __mspabi_cvtfd                             
0001264a  usbSetEndpointFeature                      
000126a0  UCS_turnOnXT2WithTimeout                   
000126f4  __TI_auto_init_nobinit_nopinit_hold_wdt    
00012748  usbClearEndpointFeature                    
0001279c  GPIO_setAsPeripheralModuleFunctionOutputPin
000127ea  bcUartSend                                 
00012836  read                                       
00012882  CdcResetData                               
00012914  sprintf                                    
00012958  LSM6DS0_Init                               
0001299a  UsbExecution                               
000129dc  __mspabi_sral_15                           
000129e0  __mspabi_sral_14                           
000129e4  __mspabi_sral_13                           
000129e8  __mspabi_sral_12                           
000129ec  __mspabi_sral_11                           
000129f0  __mspabi_sral_10                           
000129f4  __mspabi_sral_9                            
000129f8  __mspabi_sral_8                            
000129fc  __mspabi_sral_7                            
00012a00  __mspabi_sral_6                            
00012a04  __mspabi_sral_5                            
00012a08  __mspabi_sral_4                            
00012a0c  __mspabi_sral_3                            
00012a10  __mspabi_sral_2                            
00012a14  __mspabi_sral_1                            
00012a1a  __mspabi_slll_15                           
00012a1e  __mspabi_slll_14                           
00012a22  __mspabi_slll_13                           
00012a26  __mspabi_slll_12                           
00012a2a  __mspabi_slll_11                           
00012a2e  __mspabi_slll_10                           
00012a32  __mspabi_slll_9                            
00012a36  __mspabi_slll_8                            
00012a3a  __mspabi_slll_7                            
00012a3e  __mspabi_slll_6                            
00012a42  __mspabi_slll_5                            
00012a46  __mspabi_slll_4                            
00012a4a  __mspabi_slll_3                            
00012a4e  __mspabi_slll_2                            
00012a52  __mspabi_slll_1                            
00012a58  __mspabi_srll_15                           
00012a5c  __mspabi_srll_14                           
00012a60  __mspabi_srll_13                           
00012a64  __mspabi_srll_12                           
00012a68  __mspabi_srll_11                           
00012a6c  __mspabi_srll_10                           
00012a70  __mspabi_srll_9                            
00012a74  __mspabi_srll_8                            
00012a78  __mspabi_srll_7                            
00012a7c  __mspabi_srll_6                            
00012a80  __mspabi_srll_5                            
00012a84  __mspabi_srll_4                            
00012a88  __mspabi_srll_3                            
00012a8c  __mspabi_srll_2                            
00012a90  __mspabi_srll_1                            
00012a96  OEP0InterruptHandler                       
00012ad2  usbSendDataPacketOnEP0                     
00012b0a  usbDisableOutEndpointInterrupt             
00012b40  usbGetDeviceStatus                         
00012b72  usbSetConfiguration                        
00012ba4  USB_suspend                                
00012bfa  __TI_zero_init_nomemset                    
00012c1e  __mspabi_mpyl_f5hw                         
00012c42  usbReceiveDataPacketOnEP0                  
00012c66  CdcIsReceiveInProgress                     
00012cc8  usbSetAddress                              
00012ce8  memccpy                                    
00012d06  usbGetInterface                            
00012d24  usbGetInterfaceStatus                      
00012d42  IEP0InterruptHandler                       
00012d5e  USB_connect                                
00012dac  USBCDC_handleSetLineCoding                 
00012dc4  USB_resume                                 
00012df4  __mspabi_mpyi_f5hw                         
00012e0c  usbClearDeviceFeature                      
00012e24  usbSetDeviceFeature                        
00012e3c  memset                                     
00012e52  __mspabi_divu                              
00012e52  __mspabi_remu                              
00012e68  usbGetConfigurationDescriptor              
00012e7e  usbGetDeviceDescriptor                     
00012e94  USB_handleVbusOnEvent                      
00012ebc  memcpy                                     
00012ed0  usbGetConfiguration                        
00012ee4  usbSetControlLineState                     
00012ef8  __TI_decompress_none                       
00012f0a  usbSetInterface                            
00012f1c  USBCDC_handleSetControlLineState           
00012f2c  strlen                                     
00012f3a  usbInvalidRequest                          
00012f48  usbRestoreOutEndpointInterrupt             
00012f56  usbSendZeroLengthPacketOnIEP0              
00012f64  USBCDC_handleDataReceived                  
00012f70  USBCDC_handleReceiveCompleted              
00012f7c  USBCDC_handleSendCompleted                 
00012f88  __mspabi_fltid                             
00012f94  usbSetLineCoding                           
00012fa0  _system_pre_init                           
00012faa  __mspabi_slli                              
00012fb4  __mspabi_srli                              
00012fbe  usbStallEndpoint0                          
00012fc8  UCS_turnOffXT2                             
00012fd0  C$$EXIT                                    
00012fd0  abort                                      
00012fd6  usbClearOEP0ByteCount                      
00012fdc  usbStallOEP0                               
00012fe2  USB_handleClockEvent                       
00012fe6  USB_handleEnumerationCompleteEvent         
00012fea  USB_handleResetEvent                       
00012fee  USB_handleResumeEvent                      
00012ff2  USB_handleSuspendEvent                     
00012ff6  USB_handleVbusOffEvent                     
00012ffa  _system_post_cinit                         
ffffffff  __TI_pprof_out_hndl                        
ffffffff  __TI_prof_data_size                        
ffffffff  __TI_prof_data_start                       
ffffffff  __c_args__                                 

[971 symbols]
