<?xml version="1.0" encoding="ISO-8859-1" ?>
<link_info>
   <banner>MSP430 Linker PC v18.12.2.LTS</banner>
   <copyright>Copyright (c) 2003-2018 Texas Instruments Incorporated</copyright>
   <link_time>0x5d8315f2</link_time>
   <link_errors>0x0</link_errors>
   <output_file>IMU BackChannel V3.out</output_file>
   <entry_point>
      <name>_c_int00_noargs</name>
      <address>0x465c</address>
   </entry_point>
   <input_file_list>
      <input_file id="fl-2">
         <path>.\</path>
         <kind>object</kind>
         <file>BCUart.obj</file>
         <name>BCUart.obj</name>
      </input_file>
      <input_file id="fl-3">
         <path>.\</path>
         <kind>object</kind>
         <file>hal.obj</file>
         <name>hal.obj</name>
      </input_file>
      <input_file id="fl-4">
         <path>.\</path>
         <kind>object</kind>
         <file>i2c_msp430f5529.obj</file>
         <name>i2c_msp430f5529.obj</name>
      </input_file>
      <input_file id="fl-5">
         <path>.\</path>
         <kind>object</kind>
         <file>main.obj</file>
         <name>main.obj</name>
      </input_file>
      <input_file id="fl-6">
         <path>.\</path>
         <kind>object</kind>
         <file>msp6050.obj</file>
         <name>msp6050.obj</name>
      </input_file>
      <input_file id="fl-7">
         <path>.\</path>
         <kind>object</kind>
         <file>system_pre_init.obj</file>
         <name>system_pre_init.obj</name>
      </input_file>
      <input_file id="fl-8">
         <path>.\USB_API\USB_CDC_API\</path>
         <kind>object</kind>
         <file>UsbCdc.obj</file>
         <name>UsbCdc.obj</name>
      </input_file>
      <input_file id="fl-9">
         <path>.\USB_API\USB_Common\</path>
         <kind>object</kind>
         <file>usb.obj</file>
         <name>usb.obj</name>
      </input_file>
      <input_file id="fl-a">
         <path>.\USB_API\USB_Common\</path>
         <kind>object</kind>
         <file>usbdma.obj</file>
         <name>usbdma.obj</name>
      </input_file>
      <input_file id="fl-b">
         <path>.\USB_API\USB_HID_API\</path>
         <kind>object</kind>
         <file>UsbHid.obj</file>
         <name>UsbHid.obj</name>
      </input_file>
      <input_file id="fl-c">
         <path>.\USB_API\USB_HID_API\</path>
         <kind>object</kind>
         <file>UsbHidReq.obj</file>
         <name>UsbHidReq.obj</name>
      </input_file>
      <input_file id="fl-d">
         <path>.\USB_API\USB_MSC_API\</path>
         <kind>object</kind>
         <file>UsbMscReq.obj</file>
         <name>UsbMscReq.obj</name>
      </input_file>
      <input_file id="fl-e">
         <path>.\USB_API\USB_MSC_API\</path>
         <kind>object</kind>
         <file>UsbMscScsi.obj</file>
         <name>UsbMscScsi.obj</name>
      </input_file>
      <input_file id="fl-f">
         <path>.\USB_API\USB_MSC_API\</path>
         <kind>object</kind>
         <file>UsbMscStateMachine.obj</file>
         <name>UsbMscStateMachine.obj</name>
      </input_file>
      <input_file id="fl-10">
         <path>.\USB_API\USB_PHDC_API\</path>
         <kind>object</kind>
         <file>UsbPHDC.obj</file>
         <name>UsbPHDC.obj</name>
      </input_file>
      <input_file id="fl-11">
         <path>.\USB_app\</path>
         <kind>object</kind>
         <file>usbConstructs.obj</file>
         <name>usbConstructs.obj</name>
      </input_file>
      <input_file id="fl-12">
         <path>.\USB_app\</path>
         <kind>object</kind>
         <file>usbEventHandling.obj</file>
         <name>usbEventHandling.obj</name>
      </input_file>
      <input_file id="fl-13">
         <path>.\USB_config\</path>
         <kind>object</kind>
         <file>UsbIsr.obj</file>
         <name>UsbIsr.obj</name>
      </input_file>
      <input_file id="fl-14">
         <path>.\USB_config\</path>
         <kind>object</kind>
         <file>descriptors.obj</file>
         <name>descriptors.obj</name>
      </input_file>
      <input_file id="fl-15">
         <path>.\driverlib\MSP430F5xx_6xx\</path>
         <kind>object</kind>
         <file>adc10_a.obj</file>
         <name>adc10_a.obj</name>
      </input_file>
      <input_file id="fl-16">
         <path>.\driverlib\MSP430F5xx_6xx\</path>
         <kind>object</kind>
         <file>adc12_a.obj</file>
         <name>adc12_a.obj</name>
      </input_file>
      <input_file id="fl-17">
         <path>.\driverlib\MSP430F5xx_6xx\</path>
         <kind>object</kind>
         <file>aes.obj</file>
         <name>aes.obj</name>
      </input_file>
      <input_file id="fl-18">
         <path>.\driverlib\MSP430F5xx_6xx\</path>
         <kind>object</kind>
         <file>battbak.obj</file>
         <name>battbak.obj</name>
      </input_file>
      <input_file id="fl-19">
         <path>.\driverlib\MSP430F5xx_6xx\</path>
         <kind>object</kind>
         <file>comp_b.obj</file>
         <name>comp_b.obj</name>
      </input_file>
      <input_file id="fl-1a">
         <path>.\driverlib\MSP430F5xx_6xx\</path>
         <kind>object</kind>
         <file>crc.obj</file>
         <name>crc.obj</name>
      </input_file>
      <input_file id="fl-1b">
         <path>.\driverlib\MSP430F5xx_6xx\</path>
         <kind>object</kind>
         <file>dac12_a.obj</file>
         <name>dac12_a.obj</name>
      </input_file>
      <input_file id="fl-1c">
         <path>.\driverlib\MSP430F5xx_6xx\</path>
         <kind>object</kind>
         <file>dma.obj</file>
         <name>dma.obj</name>
      </input_file>
      <input_file id="fl-1d">
         <path>.\driverlib\MSP430F5xx_6xx\</path>
         <kind>object</kind>
         <file>eusci_a_spi.obj</file>
         <name>eusci_a_spi.obj</name>
      </input_file>
      <input_file id="fl-1e">
         <path>.\driverlib\MSP430F5xx_6xx\</path>
         <kind>object</kind>
         <file>eusci_a_uart.obj</file>
         <name>eusci_a_uart.obj</name>
      </input_file>
      <input_file id="fl-1f">
         <path>.\driverlib\MSP430F5xx_6xx\</path>
         <kind>object</kind>
         <file>eusci_b_i2c.obj</file>
         <name>eusci_b_i2c.obj</name>
      </input_file>
      <input_file id="fl-20">
         <path>.\driverlib\MSP430F5xx_6xx\</path>
         <kind>object</kind>
         <file>eusci_b_spi.obj</file>
         <name>eusci_b_spi.obj</name>
      </input_file>
      <input_file id="fl-21">
         <path>.\driverlib\MSP430F5xx_6xx\</path>
         <kind>object</kind>
         <file>flashctl.obj</file>
         <name>flashctl.obj</name>
      </input_file>
      <input_file id="fl-22">
         <path>.\driverlib\MSP430F5xx_6xx\</path>
         <kind>object</kind>
         <file>gpio.obj</file>
         <name>gpio.obj</name>
      </input_file>
      <input_file id="fl-23">
         <path>.\driverlib\MSP430F5xx_6xx\</path>
         <kind>object</kind>
         <file>ldopwr.obj</file>
         <name>ldopwr.obj</name>
      </input_file>
      <input_file id="fl-24">
         <path>.\driverlib\MSP430F5xx_6xx\</path>
         <kind>object</kind>
         <file>mpy32.obj</file>
         <name>mpy32.obj</name>
      </input_file>
      <input_file id="fl-25">
         <path>.\driverlib\MSP430F5xx_6xx\</path>
         <kind>object</kind>
         <file>pmap.obj</file>
         <name>pmap.obj</name>
      </input_file>
      <input_file id="fl-26">
         <path>.\driverlib\MSP430F5xx_6xx\</path>
         <kind>object</kind>
         <file>pmm.obj</file>
         <name>pmm.obj</name>
      </input_file>
      <input_file id="fl-27">
         <path>.\driverlib\MSP430F5xx_6xx\</path>
         <kind>object</kind>
         <file>ram.obj</file>
         <name>ram.obj</name>
      </input_file>
      <input_file id="fl-28">
         <path>.\driverlib\MSP430F5xx_6xx\</path>
         <kind>object</kind>
         <file>ref.obj</file>
         <name>ref.obj</name>
      </input_file>
      <input_file id="fl-29">
         <path>.\driverlib\MSP430F5xx_6xx\</path>
         <kind>object</kind>
         <file>rtc_a.obj</file>
         <name>rtc_a.obj</name>
      </input_file>
      <input_file id="fl-2a">
         <path>.\driverlib\MSP430F5xx_6xx\</path>
         <kind>object</kind>
         <file>rtc_b.obj</file>
         <name>rtc_b.obj</name>
      </input_file>
      <input_file id="fl-2b">
         <path>.\driverlib\MSP430F5xx_6xx\</path>
         <kind>object</kind>
         <file>rtc_c.obj</file>
         <name>rtc_c.obj</name>
      </input_file>
      <input_file id="fl-2c">
         <path>.\driverlib\MSP430F5xx_6xx\</path>
         <kind>object</kind>
         <file>sd24_b.obj</file>
         <name>sd24_b.obj</name>
      </input_file>
      <input_file id="fl-2d">
         <path>.\driverlib\MSP430F5xx_6xx\</path>
         <kind>object</kind>
         <file>sfr.obj</file>
         <name>sfr.obj</name>
      </input_file>
      <input_file id="fl-2e">
         <path>.\driverlib\MSP430F5xx_6xx\</path>
         <kind>object</kind>
         <file>sysctl.obj</file>
         <name>sysctl.obj</name>
      </input_file>
      <input_file id="fl-2f">
         <path>.\driverlib\MSP430F5xx_6xx\</path>
         <kind>object</kind>
         <file>tec.obj</file>
         <name>tec.obj</name>
      </input_file>
      <input_file id="fl-30">
         <path>.\driverlib\MSP430F5xx_6xx\</path>
         <kind>object</kind>
         <file>timer_a.obj</file>
         <name>timer_a.obj</name>
      </input_file>
      <input_file id="fl-31">
         <path>.\driverlib\MSP430F5xx_6xx\</path>
         <kind>object</kind>
         <file>timer_b.obj</file>
         <name>timer_b.obj</name>
      </input_file>
      <input_file id="fl-32">
         <path>.\driverlib\MSP430F5xx_6xx\</path>
         <kind>object</kind>
         <file>timer_d.obj</file>
         <name>timer_d.obj</name>
      </input_file>
      <input_file id="fl-33">
         <path>.\driverlib\MSP430F5xx_6xx\</path>
         <kind>object</kind>
         <file>tlv.obj</file>
         <name>tlv.obj</name>
      </input_file>
      <input_file id="fl-34">
         <path>.\driverlib\MSP430F5xx_6xx\</path>
         <kind>object</kind>
         <file>ucs.obj</file>
         <name>ucs.obj</name>
      </input_file>
      <input_file id="fl-35">
         <path>.\driverlib\MSP430F5xx_6xx\</path>
         <kind>object</kind>
         <file>usci_a_spi.obj</file>
         <name>usci_a_spi.obj</name>
      </input_file>
      <input_file id="fl-36">
         <path>.\driverlib\MSP430F5xx_6xx\</path>
         <kind>object</kind>
         <file>usci_a_uart.obj</file>
         <name>usci_a_uart.obj</name>
      </input_file>
      <input_file id="fl-37">
         <path>.\driverlib\MSP430F5xx_6xx\</path>
         <kind>object</kind>
         <file>usci_b_i2c.obj</file>
         <name>usci_b_i2c.obj</name>
      </input_file>
      <input_file id="fl-38">
         <path>.\driverlib\MSP430F5xx_6xx\</path>
         <kind>object</kind>
         <file>usci_b_spi.obj</file>
         <name>usci_b_spi.obj</name>
      </input_file>
      <input_file id="fl-39">
         <path>.\driverlib\MSP430F5xx_6xx\</path>
         <kind>object</kind>
         <file>wdt_a.obj</file>
         <name>wdt_a.obj</name>
      </input_file>
      <input_file id="fl-41">
         <kind>object</kind>
         <file>&lt;internal&gt;</file>
         <name>&lt;internal&gt;</name>
      </input_file>
      <input_file id="fl-5c">
         <path>E:\ti\ccs910\ccs\tools\compiler\ti-cgt-msp430_18.12.2.LTS\lib\</path>
         <kind>archive</kind>
         <file>rts430x_lc_rd_eabi.lib</file>
         <name>div16s.asm.obj</name>
      </input_file>
      <input_file id="fl-5d">
         <path>E:\ti\ccs910\ccs\tools\compiler\ti-cgt-msp430_18.12.2.LTS\lib\</path>
         <kind>archive</kind>
         <file>rts430x_lc_rd_eabi.lib</file>
         <name>div16u.asm.obj</name>
      </input_file>
      <input_file id="fl-5e">
         <path>E:\ti\ccs910\ccs\tools\compiler\ti-cgt-msp430_18.12.2.LTS\lib\</path>
         <kind>archive</kind>
         <file>rts430x_lc_rd_eabi.lib</file>
         <name>div32s.asm.obj</name>
      </input_file>
      <input_file id="fl-5f">
         <path>E:\ti\ccs910\ccs\tools\compiler\ti-cgt-msp430_18.12.2.LTS\lib\</path>
         <kind>archive</kind>
         <file>rts430x_lc_rd_eabi.lib</file>
         <name>div32u.asm.obj</name>
      </input_file>
      <input_file id="fl-60">
         <path>E:\ti\ccs910\ccs\tools\compiler\ti-cgt-msp430_18.12.2.LTS\lib\</path>
         <kind>archive</kind>
         <file>rts430x_lc_rd_eabi.lib</file>
         <name>int41.asm.obj</name>
      </input_file>
      <input_file id="fl-61">
         <path>E:\ti\ccs910\ccs\tools\compiler\ti-cgt-msp430_18.12.2.LTS\lib\</path>
         <kind>archive</kind>
         <file>rts430x_lc_rd_eabi.lib</file>
         <name>int42.asm.obj</name>
      </input_file>
      <input_file id="fl-62">
         <path>E:\ti\ccs910\ccs\tools\compiler\ti-cgt-msp430_18.12.2.LTS\lib\</path>
         <kind>archive</kind>
         <file>rts430x_lc_rd_eabi.lib</file>
         <name>int43.asm.obj</name>
      </input_file>
      <input_file id="fl-63">
         <path>E:\ti\ccs910\ccs\tools\compiler\ti-cgt-msp430_18.12.2.LTS\lib\</path>
         <kind>archive</kind>
         <file>rts430x_lc_rd_eabi.lib</file>
         <name>int44.asm.obj</name>
      </input_file>
      <input_file id="fl-64">
         <path>E:\ti\ccs910\ccs\tools\compiler\ti-cgt-msp430_18.12.2.LTS\lib\</path>
         <kind>archive</kind>
         <file>rts430x_lc_rd_eabi.lib</file>
         <name>int45.asm.obj</name>
      </input_file>
      <input_file id="fl-65">
         <path>E:\ti\ccs910\ccs\tools\compiler\ti-cgt-msp430_18.12.2.LTS\lib\</path>
         <kind>archive</kind>
         <file>rts430x_lc_rd_eabi.lib</file>
         <name>int47.asm.obj</name>
      </input_file>
      <input_file id="fl-66">
         <path>E:\ti\ccs910\ccs\tools\compiler\ti-cgt-msp430_18.12.2.LTS\lib\</path>
         <kind>archive</kind>
         <file>rts430x_lc_rd_eabi.lib</file>
         <name>int48.asm.obj</name>
      </input_file>
      <input_file id="fl-67">
         <path>E:\ti\ccs910\ccs\tools\compiler\ti-cgt-msp430_18.12.2.LTS\lib\</path>
         <kind>archive</kind>
         <file>rts430x_lc_rd_eabi.lib</file>
         <name>int49.asm.obj</name>
      </input_file>
      <input_file id="fl-68">
         <path>E:\ti\ccs910\ccs\tools\compiler\ti-cgt-msp430_18.12.2.LTS\lib\</path>
         <kind>archive</kind>
         <file>rts430x_lc_rd_eabi.lib</file>
         <name>int50.asm.obj</name>
      </input_file>
      <input_file id="fl-69">
         <path>E:\ti\ccs910\ccs\tools\compiler\ti-cgt-msp430_18.12.2.LTS\lib\</path>
         <kind>archive</kind>
         <file>rts430x_lc_rd_eabi.lib</file>
         <name>int52.asm.obj</name>
      </input_file>
      <input_file id="fl-6a">
         <path>E:\ti\ccs910\ccs\tools\compiler\ti-cgt-msp430_18.12.2.LTS\lib\</path>
         <kind>archive</kind>
         <file>rts430x_lc_rd_eabi.lib</file>
         <name>int53.asm.obj</name>
      </input_file>
      <input_file id="fl-6b">
         <path>E:\ti\ccs910\ccs\tools\compiler\ti-cgt-msp430_18.12.2.LTS\lib\</path>
         <kind>archive</kind>
         <file>rts430x_lc_rd_eabi.lib</file>
         <name>int54.asm.obj</name>
      </input_file>
      <input_file id="fl-6c">
         <path>E:\ti\ccs910\ccs\tools\compiler\ti-cgt-msp430_18.12.2.LTS\lib\</path>
         <kind>archive</kind>
         <file>rts430x_lc_rd_eabi.lib</file>
         <name>int56.asm.obj</name>
      </input_file>
      <input_file id="fl-6d">
         <path>E:\ti\ccs910\ccs\tools\compiler\ti-cgt-msp430_18.12.2.LTS\lib\</path>
         <kind>archive</kind>
         <file>rts430x_lc_rd_eabi.lib</file>
         <name>int57.asm.obj</name>
      </input_file>
      <input_file id="fl-6e">
         <path>E:\ti\ccs910\ccs\tools\compiler\ti-cgt-msp430_18.12.2.LTS\lib\</path>
         <kind>archive</kind>
         <file>rts430x_lc_rd_eabi.lib</file>
         <name>int58.asm.obj</name>
      </input_file>
      <input_file id="fl-6f">
         <path>E:\ti\ccs910\ccs\tools\compiler\ti-cgt-msp430_18.12.2.LTS\lib\</path>
         <kind>archive</kind>
         <file>rts430x_lc_rd_eabi.lib</file>
         <name>int59.asm.obj</name>
      </input_file>
      <input_file id="fl-70">
         <path>E:\ti\ccs910\ccs\tools\compiler\ti-cgt-msp430_18.12.2.LTS\lib\</path>
         <kind>archive</kind>
         <file>rts430x_lc_rd_eabi.lib</file>
         <name>int60.asm.obj</name>
      </input_file>
      <input_file id="fl-71">
         <path>E:\ti\ccs910\ccs\tools\compiler\ti-cgt-msp430_18.12.2.LTS\lib\</path>
         <kind>archive</kind>
         <file>rts430x_lc_rd_eabi.lib</file>
         <name>int61.asm.obj</name>
      </input_file>
      <input_file id="fl-72">
         <path>E:\ti\ccs910\ccs\tools\compiler\ti-cgt-msp430_18.12.2.LTS\lib\</path>
         <kind>archive</kind>
         <file>rts430x_lc_rd_eabi.lib</file>
         <name>int62.asm.obj</name>
      </input_file>
      <input_file id="fl-73">
         <path>E:\ti\ccs910\ccs\tools\compiler\ti-cgt-msp430_18.12.2.LTS\lib\</path>
         <kind>archive</kind>
         <file>rts430x_lc_rd_eabi.lib</file>
         <name>isr_trap.asm.obj</name>
      </input_file>
      <input_file id="fl-74">
         <path>E:\ti\ccs910\ccs\tools\compiler\ti-cgt-msp430_18.12.2.LTS\lib\</path>
         <kind>archive</kind>
         <file>rts430x_lc_rd_eabi.lib</file>
         <name>lsl16.asm.obj</name>
      </input_file>
      <input_file id="fl-75">
         <path>E:\ti\ccs910\ccs\tools\compiler\ti-cgt-msp430_18.12.2.LTS\lib\</path>
         <kind>archive</kind>
         <file>rts430x_lc_rd_eabi.lib</file>
         <name>lsl32.asm.obj</name>
      </input_file>
      <input_file id="fl-76">
         <path>E:\ti\ccs910\ccs\tools\compiler\ti-cgt-msp430_18.12.2.LTS\lib\</path>
         <kind>archive</kind>
         <file>rts430x_lc_rd_eabi.lib</file>
         <name>lsr16.asm.obj</name>
      </input_file>
      <input_file id="fl-77">
         <path>E:\ti\ccs910\ccs\tools\compiler\ti-cgt-msp430_18.12.2.LTS\lib\</path>
         <kind>archive</kind>
         <file>rts430x_lc_rd_eabi.lib</file>
         <name>lsr32.asm.obj</name>
      </input_file>
      <input_file id="fl-78">
         <path>E:\ti\ccs910\ccs\tools\compiler\ti-cgt-msp430_18.12.2.LTS\lib\</path>
         <kind>archive</kind>
         <file>rts430x_lc_rd_eabi.lib</file>
         <name>mult16.asm.obj</name>
      </input_file>
      <input_file id="fl-79">
         <path>E:\ti\ccs910\ccs\tools\compiler\ti-cgt-msp430_18.12.2.LTS\lib\</path>
         <kind>archive</kind>
         <file>rts430x_lc_rd_eabi.lib</file>
         <name>mult16_f5hw.asm.obj</name>
      </input_file>
      <input_file id="fl-7a">
         <path>E:\ti\ccs910\ccs\tools\compiler\ti-cgt-msp430_18.12.2.LTS\lib\</path>
         <kind>archive</kind>
         <file>rts430x_lc_rd_eabi.lib</file>
         <name>mult1632_f5hw.asm.obj</name>
      </input_file>
      <input_file id="fl-7b">
         <path>E:\ti\ccs910\ccs\tools\compiler\ti-cgt-msp430_18.12.2.LTS\lib\</path>
         <kind>archive</kind>
         <file>rts430x_lc_rd_eabi.lib</file>
         <name>mult32.asm.obj</name>
      </input_file>
      <input_file id="fl-7c">
         <path>E:\ti\ccs910\ccs\tools\compiler\ti-cgt-msp430_18.12.2.LTS\lib\</path>
         <kind>archive</kind>
         <file>rts430x_lc_rd_eabi.lib</file>
         <name>mult32_f5hw.asm.obj</name>
      </input_file>
      <input_file id="fl-7d">
         <path>E:\ti\ccs910\ccs\tools\compiler\ti-cgt-msp430_18.12.2.LTS\lib\</path>
         <kind>archive</kind>
         <file>rts430x_lc_rd_eabi.lib</file>
         <name>mult3264_f5hw.asm.obj</name>
      </input_file>
      <input_file id="fl-7e">
         <path>E:\ti\ccs910\ccs\tools\compiler\ti-cgt-msp430_18.12.2.LTS\lib\</path>
         <kind>archive</kind>
         <file>rts430x_lc_rd_eabi.lib</file>
         <name>mult64_f5hw.asm.obj</name>
      </input_file>
      <input_file id="fl-7f">
         <path>E:\ti\ccs910\ccs\tools\compiler\ti-cgt-msp430_18.12.2.LTS\lib\</path>
         <kind>archive</kind>
         <file>rts430x_lc_rd_eabi.lib</file>
         <name>boot.c.obj</name>
      </input_file>
      <input_file id="fl-80">
         <path>E:\ti\ccs910\ccs\tools\compiler\ti-cgt-msp430_18.12.2.LTS\lib\</path>
         <kind>archive</kind>
         <file>rts430x_lc_rd_eabi.lib</file>
         <name>autoinit.c.obj</name>
      </input_file>
      <input_file id="fl-81">
         <path>E:\ti\ccs910\ccs\tools\compiler\ti-cgt-msp430_18.12.2.LTS\lib\</path>
         <kind>archive</kind>
         <file>rts430x_lc_rd_eabi.lib</file>
         <name>copy_zero_init.c.obj</name>
      </input_file>
      <input_file id="fl-82">
         <path>E:\ti\ccs910\ccs\tools\compiler\ti-cgt-msp430_18.12.2.LTS\lib\</path>
         <kind>archive</kind>
         <file>rts430x_lc_rd_eabi.lib</file>
         <name>cpy_tbl.c.obj</name>
      </input_file>
      <input_file id="fl-83">
         <path>E:\ti\ccs910\ccs\tools\compiler\ti-cgt-msp430_18.12.2.LTS\lib\</path>
         <kind>archive</kind>
         <file>rts430x_lc_rd_eabi.lib</file>
         <name>mpu_init.c.obj</name>
      </input_file>
      <input_file id="fl-84">
         <path>E:\ti\ccs910\ccs\tools\compiler\ti-cgt-msp430_18.12.2.LTS\lib\</path>
         <kind>archive</kind>
         <file>rts430x_lc_rd_eabi.lib</file>
         <name>startup.c.obj</name>
      </input_file>
      <input_file id="fl-85">
         <path>E:\ti\ccs910\ccs\tools\compiler\ti-cgt-msp430_18.12.2.LTS\lib\</path>
         <kind>archive</kind>
         <file>rts430x_lc_rd_eabi.lib</file>
         <name>copy_decompress_none.c.obj</name>
      </input_file>
      <input_file id="fl-86">
         <path>E:\ti\ccs910\ccs\tools\compiler\ti-cgt-msp430_18.12.2.LTS\lib\</path>
         <kind>archive</kind>
         <file>rts430x_lc_rd_eabi.lib</file>
         <name>copy_decompress_lzss.c.obj</name>
      </input_file>
      <input_file id="fl-87">
         <path>E:\ti\ccs910\ccs\tools\compiler\ti-cgt-msp430_18.12.2.LTS\lib\</path>
         <kind>archive</kind>
         <file>rts430x_lc_rd_eabi.lib</file>
         <name>exit.c.obj</name>
      </input_file>
      <input_file id="fl-88">
         <path>E:\ti\ccs910\ccs\tools\compiler\ti-cgt-msp430_18.12.2.LTS\lib\</path>
         <kind>archive</kind>
         <file>rts430x_lc_rd_eabi.lib</file>
         <name>_lock.c.obj</name>
      </input_file>
      <input_file id="fl-89">
         <path>E:\ti\ccs910\ccs\tools\compiler\ti-cgt-msp430_18.12.2.LTS\lib\</path>
         <kind>archive</kind>
         <file>rts430x_lc_rd_eabi.lib</file>
         <name>args_main.c.obj</name>
      </input_file>
      <input_file id="fl-8a">
         <path>E:\ti\ccs910\ccs\tools\compiler\ti-cgt-msp430_18.12.2.LTS\lib\</path>
         <kind>archive</kind>
         <file>rts430x_lc_rd_eabi.lib</file>
         <name>memcpy.c.obj</name>
      </input_file>
      <input_file id="fl-8b">
         <path>E:\ti\ccs910\ccs\tools\compiler\ti-cgt-msp430_18.12.2.LTS\lib\</path>
         <kind>archive</kind>
         <file>rts430x_lc_rd_eabi.lib</file>
         <name>memset.c.obj</name>
      </input_file>
      <input_file id="fl-8c">
         <path>E:\ti\ccs910\ccs\tools\compiler\ti-cgt-msp430_18.12.2.LTS\lib\</path>
         <kind>archive</kind>
         <file>rts430x_lc_rd_eabi.lib</file>
         <name>exit_gvars.c.obj</name>
      </input_file>
   </input_file_list>
   <object_component_list>
      <object_component id="oc-71e">
         <name>.bss:tx_buffer</name>
         <uninitialized>true</uninitialized>
         <run_address>0x24e4</run_address>
         <size>0x8</size>
         <input_file_ref idref="fl-6"/>
      </object_component>
      <object_component id="oc-739">
         <name>.bss:rx_buffer</name>
         <uninitialized>true</uninitialized>
         <run_address>0x24dc</run_address>
         <size>0x8</size>
         <input_file_ref idref="fl-6"/>
      </object_component>
      <object_component id="oc-617">
         <name>.bss:CdcControl</name>
         <uninitialized>true</uninitialized>
         <run_address>0x24d4</run_address>
         <size>0x8</size>
         <input_file_ref idref="fl-8"/>
      </object_component>
      <object_component id="oc-547">
         <name>.bss:CdcWriteCtrl</name>
         <uninitialized>true</uninitialized>
         <run_address>0x24bc</run_address>
         <size>0xc</size>
         <input_file_ref idref="fl-8"/>
      </object_component>
      <object_component id="oc-555">
         <name>.bss:CdcReadCtrl</name>
         <uninitialized>true</uninitialized>
         <run_address>0x24a2</run_address>
         <size>0x1a</size>
         <input_file_ref idref="fl-8"/>
      </object_component>
      <object_component id="oc-528">
         <name>.bss</name>
         <uninitialized>true</uninitialized>
         <run_address>0x24c8</run_address>
         <size>0xb</size>
         <input_file_ref idref="fl-9"/>
      </object_component>
      <object_component id="oc-411">
         <name>.common:bcUartRcvBuf</name>
         <uninitialized>true</uninitialized>
         <run_address>0x2400</run_address>
         <size>0x80</size>
      </object_component>
      <object_component id="oc-52b">
         <name>.common:wBytesRemainingOnIEP0</name>
         <uninitialized>true</uninitialized>
         <run_address>0x2504</run_address>
         <size>0x2</size>
      </object_component>
      <object_component id="oc-52c">
         <name>.common:wBytesRemainingOnOEP0</name>
         <uninitialized>true</uninitialized>
         <run_address>0x2506</run_address>
         <size>0x2</size>
      </object_component>
      <object_component id="oc-4d1">
         <name>.common:abUsbRequestReturnData</name>
         <uninitialized>true</uninitialized>
         <run_address>0x24f4</run_address>
         <size>0x8</size>
      </object_component>
      <object_component id="oc-611">
         <name>.common:abUsbRequestIncomingData</name>
         <uninitialized>true</uninitialized>
         <run_address>0x24ec</run_address>
         <size>0x8</size>
      </object_component>
      <object_component id="oc-79a">
         <name>.common:abramSerialStringDescriptor</name>
         <uninitialized>true</uninitialized>
         <run_address>0x2480</run_address>
         <size>0x22</size>
      </object_component>
      <object_component id="oc-4d0">
         <name>.common:bStatusAction</name>
         <uninitialized>true</uninitialized>
         <run_address>0x24d3</run_address>
         <size>0x1</size>
      </object_component>
      <object_component id="oc-41b">
         <name>.common:wUsbEventMask</name>
         <uninitialized>true</uninitialized>
         <run_address>0x2508</run_address>
         <size>0x2</size>
      </object_component>
      <object_component id="oc-550">
         <name>.common:USB_TX_memcpy</name>
         <uninitialized>true</uninitialized>
         <run_address>0x2500</run_address>
         <size>0x4</size>
      </object_component>
      <object_component id="oc-644">
         <name>.common:USB_RX_memcpy</name>
         <uninitialized>true</uninitialized>
         <run_address>0x24fc</run_address>
         <size>0x4</size>
      </object_component>
      <object_component id="oc-40e">
         <name>.data</name>
         <load_address>0x251e</load_address>
         <run_address>0x251e</run_address>
         <size>0x3</size>
         <input_file_ref idref="fl-2"/>
      </object_component>
      <object_component id="oc-490">
         <name>.data</name>
         <load_address>0x250a</load_address>
         <run_address>0x250a</run_address>
         <size>0xc</size>
         <input_file_ref idref="fl-4"/>
      </object_component>
      <object_component id="oc-71a">
         <name>.data</name>
         <load_address>0x2521</load_address>
         <run_address>0x2521</run_address>
         <size>0x1</size>
         <input_file_ref idref="fl-6"/>
      </object_component>
      <object_component id="oc-50f">
         <name>.data</name>
         <load_address>0x2516</load_address>
         <run_address>0x2516</run_address>
         <size>0x8</size>
         <input_file_ref idref="fl-9"/>
      </object_component>
      <object_component id="oc-38d">
         <name>.stack</name>
         <uninitialized>true</uninitialized>
         <run_address>0x4360</run_address>
         <size>0x4</size>
         <input_file_ref idref="fl-7f"/>
      </object_component>
      <object_component id="oc-84c">
         <name>.stack</name>
         <uninitialized>true</uninitialized>
         <run_address>0x4360</run_address>
         <size>0x0</size>
      </object_component>
      <object_component id="oc-46c">
         <name>.text:CdcToHostFromBuffer</name>
         <load_address>0x10000</load_address>
         <run_address>0x10000</run_address>
         <size>0x364</size>
         <input_file_ref idref="fl-8"/>
      </object_component>
      <object_component id="oc-484">
         <name>.text:CdcToBufferFromHost</name>
         <load_address>0x10364</load_address>
         <run_address>0x10364</run_address>
         <size>0x2a6</size>
         <input_file_ref idref="fl-8"/>
      </object_component>
      <object_component id="oc-448">
         <name>.text:USB_reset</name>
         <load_address>0x1060a</load_address>
         <run_address>0x1060a</run_address>
         <size>0x1d8</size>
         <input_file_ref idref="fl-9"/>
      </object_component>
      <object_component id="oc-4fa">
         <name>.text:USB_determineFreq</name>
         <load_address>0x107e2</load_address>
         <run_address>0x107e2</run_address>
         <size>0x138</size>
         <input_file_ref idref="fl-9"/>
      </object_component>
      <object_component id="oc-567">
         <name>.text:CopyUsbToBuff</name>
         <load_address>0x1091a</load_address>
         <run_address>0x1091a</run_address>
         <size>0x136</size>
         <input_file_ref idref="fl-8"/>
      </object_component>
      <object_component id="oc-4d2">
         <name>.text:usbDecodeAndProcessUsbRequest</name>
         <load_address>0x10a50</load_address>
         <run_address>0x10a50</run_address>
         <size>0xfc</size>
         <input_file_ref idref="fl-9"/>
      </object_component>
      <object_component id="oc-502">
         <name>.text:USB_enable</name>
         <load_address>0x10b4c</load_address>
         <run_address>0x10b4c</run_address>
         <size>0xfa</size>
         <input_file_ref idref="fl-9"/>
      </object_component>
      <object_component id="oc-478">
         <name>.text:USBCDC_getBytesInUSBBuffer</name>
         <load_address>0x10c46</load_address>
         <run_address>0x10c46</run_address>
         <size>0xe0</size>
         <input_file_ref idref="fl-8"/>
      </object_component>
      <object_component id="oc-585">
         <name>.text:mpu6050_read_accelerometer</name>
         <load_address>0x10d26</load_address>
         <run_address>0x10d26</run_address>
         <size>0xa6</size>
         <input_file_ref idref="fl-6"/>
      </object_component>
      <object_component id="oc-58b">
         <name>.text:mpu6050_read_gyroscope</name>
         <load_address>0x10dcc</load_address>
         <run_address>0x10dcc</run_address>
         <size>0xa6</size>
         <input_file_ref idref="fl-6"/>
      </object_component>
      <object_component id="oc-6da">
         <name>.text:usbGetEndpointStatus</name>
         <load_address>0x10e72</load_address>
         <run_address>0x10e72</run_address>
         <size>0xa6</size>
         <input_file_ref idref="fl-9"/>
      </object_component>
      <object_component id="oc-692">
         <name>.text:usbGetLineCoding</name>
         <load_address>0x10f18</load_address>
         <run_address>0x10f18</run_address>
         <size>0x9c</size>
         <input_file_ref idref="fl-8"/>
      </object_component>
      <object_component id="oc-430">
         <name>.text:PWRVBUSoffHandler</name>
         <load_address>0x10fb4</load_address>
         <run_address>0x10fb4</run_address>
         <size>0x82</size>
         <input_file_ref idref="fl-13"/>
      </object_component>
      <object_component id="oc-514">
         <name>.text:usbSendNextPacketOnIEP0</name>
         <load_address>0x11036</load_address>
         <run_address>0x11036</run_address>
         <size>0x80</size>
         <input_file_ref idref="fl-9"/>
      </object_component>
      <object_component id="oc-521">
         <name>.text:Handler_SetLineCoding</name>
         <load_address>0x110b6</load_address>
         <run_address>0x110b6</run_address>
         <size>0x78</size>
         <input_file_ref idref="fl-8"/>
      </object_component>
      <object_component id="oc-424">
         <name>.text:PWRVBUSonHandler</name>
         <load_address>0x1112e</load_address>
         <run_address>0x1112e</run_address>
         <size>0x76</size>
         <input_file_ref idref="fl-13"/>
      </object_component>
      <object_component id="oc-6d">
         <name>.text:decompress:lzss:__TI_decompress_lzss</name>
         <load_address>0x111a4</load_address>
         <run_address>0x111a4</run_address>
         <size>0x76</size>
         <input_file_ref idref="fl-86"/>
      </object_component>
      <object_component id="oc-6c2">
         <name>.text:usbGetStringDescriptor</name>
         <load_address>0x1121a</load_address>
         <run_address>0x1121a</run_address>
         <size>0x74</size>
         <input_file_ref idref="fl-9"/>
      </object_component>
      <object_component id="oc-51b">
         <name>.text:usbReceiveNextPacketOnOEP0</name>
         <load_address>0x1128e</load_address>
         <run_address>0x1128e</run_address>
         <size>0x6a</size>
         <input_file_ref idref="fl-9"/>
      </object_component>
      <object_component id="oc-415">
         <name>.text:SetupPacketInterruptHandler</name>
         <load_address>0x112f8</load_address>
         <run_address>0x112f8</run_address>
         <size>0x5c</size>
         <input_file_ref idref="fl-13"/>
      </object_component>
      <object_component id="oc-64f">
         <name>.text:mpu6050_read_register</name>
         <load_address>0x11354</load_address>
         <run_address>0x11354</run_address>
         <size>0x56</size>
         <input_file_ref idref="fl-6"/>
      </object_component>
      <object_component id="oc-6f2">
         <name>.text:usbSetEndpointFeature</name>
         <load_address>0x113aa</load_address>
         <run_address>0x113aa</run_address>
         <size>0x56</size>
         <input_file_ref idref="fl-9"/>
      </object_component>
      <object_component id="oc-5f8">
         <name>.text:UCS_turnOnXT2WithTimeout</name>
         <load_address>0x11400</load_address>
         <run_address>0x11400</run_address>
         <size>0x54</size>
         <input_file_ref idref="fl-34"/>
      </object_component>
      <object_component id="oc-5bb">
         <name>.text:__TI_auto_init_nobinit_nopinit_hold_wdt:__TI_auto_init_nobinit_nopinit_hold_wdt</name>
         <load_address>0x11454</load_address>
         <run_address>0x11454</run_address>
         <size>0x54</size>
         <input_file_ref idref="fl-80"/>
      </object_component>
      <object_component id="oc-6aa">
         <name>.text:usbClearEndpointFeature</name>
         <load_address>0x114a8</load_address>
         <run_address>0x114a8</run_address>
         <size>0x54</size>
         <input_file_ref idref="fl-9"/>
      </object_component>
      <object_component id="oc-5f2">
         <name>.text:GPIO_setAsPeripheralModuleFunctionOutputPin</name>
         <load_address>0x114fc</load_address>
         <run_address>0x114fc</run_address>
         <size>0x4e</size>
         <input_file_ref idref="fl-22"/>
      </object_component>
      <object_component id="oc-530">
         <name>.text:CdcResetData</name>
         <load_address>0x1154a</load_address>
         <run_address>0x1154a</run_address>
         <size>0x4a</size>
         <input_file_ref idref="fl-8"/>
      </object_component>
      <object_component id="oc-57f">
         <name>.text:mpu6050_init</name>
         <load_address>0x11594</load_address>
         <run_address>0x11594</run_address>
         <size>0x4a</size>
         <input_file_ref idref="fl-6"/>
      </object_component>
      <object_component id="oc-733">
         <name>.text:i2c_master_receiver_mode_init</name>
         <load_address>0x115de</load_address>
         <run_address>0x115de</run_address>
         <size>0x40</size>
         <input_file_ref idref="fl-4"/>
      </object_component>
      <object_component id="oc-721">
         <name>.text:i2c_master_transmitter_mode_init</name>
         <load_address>0x1161e</load_address>
         <run_address>0x1161e</run_address>
         <size>0x40</size>
         <input_file_ref idref="fl-4"/>
      </object_component>
      <object_component id="oc-612">
         <name>.text:l_lsl_const</name>
         <load_address>0x1165e</load_address>
         <run_address>0x1165e</run_address>
         <size>0x3e</size>
         <input_file_ref idref="fl-75"/>
      </object_component>
      <object_component id="oc-442">
         <name>.text:OEP0InterruptHandler</name>
         <load_address>0x1169c</load_address>
         <run_address>0x1169c</run_address>
         <size>0x3c</size>
         <input_file_ref idref="fl-13"/>
      </object_component>
      <object_component id="oc-73c">
         <name>.text:i2c_receive_data</name>
         <load_address>0x116d8</load_address>
         <run_address>0x116d8</run_address>
         <size>0x3c</size>
         <input_file_ref idref="fl-4"/>
      </object_component>
      <object_component id="oc-72d">
         <name>.text:i2c_transmit_data</name>
         <load_address>0x11714</load_address>
         <run_address>0x11714</run_address>
         <size>0x3c</size>
         <input_file_ref idref="fl-4"/>
      </object_component>
      <object_component id="oc-655">
         <name>.text:mpu6050_write_register</name>
         <load_address>0x11750</load_address>
         <run_address>0x11750</run_address>
         <size>0x3a</size>
         <input_file_ref idref="fl-6"/>
      </object_component>
      <object_component id="oc-76e">
         <name>.text:usbSendDataPacketOnEP0</name>
         <load_address>0x1178a</load_address>
         <run_address>0x1178a</run_address>
         <size>0x38</size>
         <input_file_ref idref="fl-9"/>
      </object_component>
      <object_component id="oc-559">
         <name>.text:usbDisableOutEndpointInterrupt</name>
         <load_address>0x117c2</load_address>
         <run_address>0x117c2</run_address>
         <size>0x36</size>
         <input_file_ref idref="fl-9"/>
      </object_component>
      <object_component id="oc-4a2">
         <name>.text:main</name>
         <load_address>0x117f8</load_address>
         <run_address>0x117f8</run_address>
         <size>0x34</size>
         <input_file_ref idref="fl-5"/>
      </object_component>
      <object_component id="oc-6ce">
         <name>.text:usbGetDeviceStatus</name>
         <load_address>0x1182c</load_address>
         <run_address>0x1182c</run_address>
         <size>0x32</size>
         <input_file_ref idref="fl-9"/>
      </object_component>
      <object_component id="oc-6e6">
         <name>.text:usbSetConfiguration</name>
         <load_address>0x1185e</load_address>
         <run_address>0x1185e</run_address>
         <size>0x32</size>
         <input_file_ref idref="fl-9"/>
      </object_component>
      <object_component id="oc-454">
         <name>.text:USB_suspend</name>
         <load_address>0x11890</load_address>
         <run_address>0x11890</run_address>
         <size>0x30</size>
         <input_file_ref idref="fl-9"/>
      </object_component>
      <object_component id="oc-3c0">
         <name>.text:decompress:ZI:__TI_zero_init_nomemset:__TI_zero_init_nomemset</name>
         <load_address>0x118c0</load_address>
         <run_address>0x118c0</run_address>
         <size>0x24</size>
         <input_file_ref idref="fl-81"/>
      </object_component>
      <object_component id="oc-775">
         <name>.text:usbReceiveDataPacketOnEP0</name>
         <load_address>0x118e4</load_address>
         <run_address>0x118e4</run_address>
         <size>0x24</size>
         <input_file_ref idref="fl-9"/>
      </object_component>
      <object_component id="oc-472">
         <name>.text:CdcIsReceiveInProgress</name>
         <load_address>0x11908</load_address>
         <run_address>0x11908</run_address>
         <size>0x22</size>
         <input_file_ref idref="fl-8"/>
      </object_component>
      <object_component id="oc-6e0">
         <name>.text:usbSetAddress</name>
         <load_address>0x1192a</load_address>
         <run_address>0x1192a</run_address>
         <size>0x20</size>
         <input_file_ref idref="fl-9"/>
      </object_component>
      <object_component id="oc-6c8">
         <name>.text:usbGetInterface</name>
         <load_address>0x1194a</load_address>
         <run_address>0x1194a</run_address>
         <size>0x1e</size>
         <input_file_ref idref="fl-9"/>
      </object_component>
      <object_component id="oc-6d4">
         <name>.text:usbGetInterfaceStatus</name>
         <load_address>0x11968</load_address>
         <run_address>0x11968</run_address>
         <size>0x1e</size>
         <input_file_ref idref="fl-9"/>
      </object_component>
      <object_component id="oc-43c">
         <name>.text:IEP0InterruptHandler</name>
         <load_address>0x11986</load_address>
         <run_address>0x11986</run_address>
         <size>0x1c</size>
         <input_file_ref idref="fl-13"/>
      </object_component>
      <object_component id="oc-508">
         <name>.text:USB_connect</name>
         <load_address>0x119a2</load_address>
         <run_address>0x119a2</run_address>
         <size>0x1a</size>
         <input_file_ref idref="fl-9"/>
      </object_component>
      <object_component id="oc-61a">
         <name>.text:USBCDC_handleSetLineCoding</name>
         <load_address>0x119bc</load_address>
         <run_address>0x119bc</run_address>
         <size>0x18</size>
         <input_file_ref idref="fl-12"/>
      </object_component>
      <object_component id="oc-460">
         <name>.text:USB_resume</name>
         <load_address>0x119d4</load_address>
         <run_address>0x119d4</run_address>
         <size>0x18</size>
         <input_file_ref idref="fl-9"/>
      </object_component>
      <object_component id="oc-542">
         <name>.text</name>
         <load_address>0x119ec</load_address>
         <run_address>0x119ec</run_address>
         <size>0x18</size>
         <input_file_ref idref="fl-79"/>
      </object_component>
      <object_component id="oc-6a4">
         <name>.text:usbClearDeviceFeature</name>
         <load_address>0x11a04</load_address>
         <run_address>0x11a04</run_address>
         <size>0x18</size>
         <input_file_ref idref="fl-9"/>
      </object_component>
      <object_component id="oc-6ec">
         <name>.text:usbSetDeviceFeature</name>
         <load_address>0x11a1c</load_address>
         <run_address>0x11a1c</run_address>
         <size>0x18</size>
         <input_file_ref idref="fl-9"/>
      </object_component>
      <object_component id="oc-626">
         <name>.text:memset</name>
         <load_address>0x11a34</load_address>
         <run_address>0x11a34</run_address>
         <size>0x16</size>
         <input_file_ref idref="fl-8b"/>
      </object_component>
      <object_component id="oc-5e5">
         <name>.text</name>
         <load_address>0x11a4a</load_address>
         <run_address>0x11a4a</run_address>
         <size>0x16</size>
         <input_file_ref idref="fl-5d"/>
      </object_component>
      <object_component id="oc-6bc">
         <name>.text:usbGetConfigurationDescriptor</name>
         <load_address>0x11a60</load_address>
         <run_address>0x11a60</run_address>
         <size>0x16</size>
         <input_file_ref idref="fl-9"/>
      </object_component>
      <object_component id="oc-6b6">
         <name>.text:usbGetDeviceDescriptor</name>
         <load_address>0x11a76</load_address>
         <run_address>0x11a76</run_address>
         <size>0x16</size>
         <input_file_ref idref="fl-9"/>
      </object_component>
      <object_component id="oc-42a">
         <name>.text:USB_handleVbusOnEvent</name>
         <load_address>0x11a8c</load_address>
         <run_address>0x11a8c</run_address>
         <size>0x14</size>
         <input_file_ref idref="fl-12"/>
      </object_component>
      <object_component id="oc-39c">
         <name>.text:memcpy</name>
         <load_address>0x11aa0</load_address>
         <run_address>0x11aa0</run_address>
         <size>0x14</size>
         <input_file_ref idref="fl-8a"/>
      </object_component>
      <object_component id="oc-6b0">
         <name>.text:usbGetConfiguration</name>
         <load_address>0x11ab4</load_address>
         <run_address>0x11ab4</run_address>
         <size>0x14</size>
         <input_file_ref idref="fl-9"/>
      </object_component>
      <object_component id="oc-69e">
         <name>.text:usbSetControlLineState</name>
         <load_address>0x11ac8</load_address>
         <run_address>0x11ac8</run_address>
         <size>0x14</size>
         <input_file_ref idref="fl-8"/>
      </object_component>
      <object_component id="oc-73">
         <name>.text:decompress:none:__TI_decompress_none</name>
         <load_address>0x11adc</load_address>
         <run_address>0x11adc</run_address>
         <size>0x12</size>
         <input_file_ref idref="fl-85"/>
      </object_component>
      <object_component id="oc-6f8">
         <name>.text:usbSetInterface</name>
         <load_address>0x11aee</load_address>
         <run_address>0x11aee</run_address>
         <size>0x12</size>
         <input_file_ref idref="fl-9"/>
      </object_component>
      <object_component id="oc-77c">
         <name>.text:USBCDC_handleSetControlLineState</name>
         <load_address>0x11b00</load_address>
         <run_address>0x11b00</run_address>
         <size>0x10</size>
         <input_file_ref idref="fl-12"/>
      </object_component>
      <object_component id="oc-649">
         <name>.text:mpu6050_set_device_address</name>
         <load_address>0x11b10</load_address>
         <run_address>0x11b10</run_address>
         <size>0xe</size>
         <input_file_ref idref="fl-6"/>
      </object_component>
      <object_component id="oc-6fe">
         <name>.text:usbInvalidRequest</name>
         <load_address>0x11b1e</load_address>
         <run_address>0x11b1e</run_address>
         <size>0xe</size>
         <input_file_ref idref="fl-9"/>
      </object_component>
      <object_component id="oc-55f">
         <name>.text:usbRestoreOutEndpointInterrupt</name>
         <load_address>0x11b2c</load_address>
         <run_address>0x11b2c</run_address>
         <size>0xe</size>
         <input_file_ref idref="fl-9"/>
      </object_component>
      <object_component id="oc-782">
         <name>.text:usbSendZeroLengthPacketOnIEP0</name>
         <load_address>0x11b3a</load_address>
         <run_address>0x11b3a</run_address>
         <size>0xe</size>
         <input_file_ref idref="fl-9"/>
      </object_component>
      <object_component id="oc-47e">
         <name>.text:USBCDC_handleDataReceived</name>
         <load_address>0x11b48</load_address>
         <run_address>0x11b48</run_address>
         <size>0xc</size>
         <input_file_ref idref="fl-12"/>
      </object_component>
      <object_component id="oc-56d">
         <name>.text:USBCDC_handleReceiveCompleted</name>
         <load_address>0x11b54</load_address>
         <run_address>0x11b54</run_address>
         <size>0xc</size>
         <input_file_ref idref="fl-12"/>
      </object_component>
      <object_component id="oc-54a">
         <name>.text:USBCDC_handleSendCompleted</name>
         <load_address>0x11b60</load_address>
         <run_address>0x11b60</run_address>
         <size>0xc</size>
         <input_file_ref idref="fl-12"/>
      </object_component>
      <object_component id="oc-698">
         <name>.text:usbSetLineCoding</name>
         <load_address>0x11b6c</load_address>
         <run_address>0x11b6c</run_address>
         <size>0xc</size>
         <input_file_ref idref="fl-8"/>
      </object_component>
      <object_component id="oc-49c">
         <name>.text:_system_pre_init</name>
         <load_address>0x11b78</load_address>
         <run_address>0x11b78</run_address>
         <size>0xa</size>
         <input_file_ref idref="fl-7"/>
      </object_component>
      <object_component id="oc-727">
         <name>.text:i2c_notready</name>
         <load_address>0x11b82</load_address>
         <run_address>0x11b82</run_address>
         <size>0xa</size>
         <input_file_ref idref="fl-4"/>
      </object_component>
      <object_component id="oc-5e0">
         <name>.text</name>
         <load_address>0x11b8c</load_address>
         <run_address>0x11b8c</run_address>
         <size>0xa</size>
         <input_file_ref idref="fl-74"/>
      </object_component>
      <object_component id="oc-5ea">
         <name>.text</name>
         <load_address>0x11b96</load_address>
         <run_address>0x11b96</run_address>
         <size>0xa</size>
         <input_file_ref idref="fl-76"/>
      </object_component>
      <object_component id="oc-789">
         <name>.text:usbStallEndpoint0</name>
         <load_address>0x11ba0</load_address>
         <run_address>0x11ba0</run_address>
         <size>0xa</size>
         <input_file_ref idref="fl-9"/>
      </object_component>
      <object_component id="oc-538">
         <name>.text:UCS_turnOffXT2</name>
         <load_address>0x11baa</load_address>
         <run_address>0x11baa</run_address>
         <size>0x8</size>
         <input_file_ref idref="fl-34"/>
      </object_component>
      <object_component id="oc-597">
         <name>.text:abort</name>
         <load_address>0x11bb2</load_address>
         <run_address>0x11bb2</run_address>
         <size>0x6</size>
         <input_file_ref idref="fl-87"/>
      </object_component>
      <object_component id="oc-604">
         <name>.text:usbClearOEP0ByteCount</name>
         <load_address>0x11bb8</load_address>
         <run_address>0x11bb8</run_address>
         <size>0x6</size>
         <input_file_ref idref="fl-9"/>
      </object_component>
      <object_component id="oc-60a">
         <name>.text:usbStallOEP0</name>
         <load_address>0x11bbe</load_address>
         <run_address>0x11bbe</run_address>
         <size>0x6</size>
         <input_file_ref idref="fl-9"/>
      </object_component>
      <object_component id="oc-41e">
         <name>.text:USB_handleClockEvent</name>
         <load_address>0x11bc4</load_address>
         <run_address>0x11bc4</run_address>
         <size>0x4</size>
         <input_file_ref idref="fl-12"/>
      </object_component>
      <object_component id="oc-7a4">
         <name>.text:USB_handleEnumerationCompleteEvent</name>
         <load_address>0x11bc8</load_address>
         <run_address>0x11bc8</run_address>
         <size>0x4</size>
         <input_file_ref idref="fl-12"/>
      </object_component>
      <object_component id="oc-44e">
         <name>.text:USB_handleResetEvent</name>
         <load_address>0x11bcc</load_address>
         <run_address>0x11bcc</run_address>
         <size>0x4</size>
         <input_file_ref idref="fl-12"/>
      </object_component>
      <object_component id="oc-466">
         <name>.text:USB_handleResumeEvent</name>
         <load_address>0x11bd0</load_address>
         <run_address>0x11bd0</run_address>
         <size>0x4</size>
         <input_file_ref idref="fl-12"/>
      </object_component>
      <object_component id="oc-45a">
         <name>.text:USB_handleSuspendEvent</name>
         <load_address>0x11bd4</load_address>
         <run_address>0x11bd4</run_address>
         <size>0x4</size>
         <input_file_ref idref="fl-12"/>
      </object_component>
      <object_component id="oc-436">
         <name>.text:USB_handleVbusOffEvent</name>
         <load_address>0x11bd8</load_address>
         <run_address>0x11bd8</run_address>
         <size>0x4</size>
         <input_file_ref idref="fl-12"/>
      </object_component>
      <object_component id="oc-671">
         <name>.text:_system_post_cinit</name>
         <load_address>0x11bdc</load_address>
         <run_address>0x11bdc</run_address>
         <size>0x2</size>
         <input_file_ref idref="fl-84"/>
      </object_component>
      <object_component id="oc-3b4">
         <name>.text:_isr:iUsbInterruptHandler</name>
         <load_address>0x4400</load_address>
         <run_address>0x4400</run_address>
         <size>0x1b0</size>
         <input_file_ref idref="fl-13"/>
      </object_component>
      <object_component id="oc-3ba">
         <name>.text:_isr:USCI_B0_ISR</name>
         <load_address>0x45b0</load_address>
         <run_address>0x45b0</run_address>
         <size>0x84</size>
         <input_file_ref idref="fl-4"/>
      </object_component>
      <object_component id="oc-3ae">
         <name>.text:_isr:bcUartISR</name>
         <load_address>0x4634</load_address>
         <run_address>0x4634</run_address>
         <size>0x28</size>
         <input_file_ref idref="fl-2"/>
      </object_component>
      <object_component id="oc-3d2">
         <name>.text:_isr:_c_int00_noargs</name>
         <load_address>0x465c</load_address>
         <run_address>0x465c</run_address>
         <size>0x1c</size>
         <input_file_ref idref="fl-7f"/>
      </object_component>
      <object_component id="oc-3a9">
         <name>.text:_isr:__TI_ISR_TRAP</name>
         <load_address>0x4678</load_address>
         <run_address>0x4678</run_address>
         <size>0x8</size>
         <input_file_ref idref="fl-73"/>
      </object_component>
      <object_component id="oc-84b">
         <name>.cinit..data.load</name>
         <load_address>0x48d6</load_address>
         <run_address>0x48d6</run_address>
         <size>0xc</size>
      </object_component>
      <object_component id="oc-848">
         <name>__TI_handler_table</name>
         <load_address>0x48e2</load_address>
         <run_address>0x48e2</run_address>
         <size>0xc</size>
      </object_component>
      <object_component id="oc-84a">
         <name>.cinit..bss.load</name>
         <load_address>0x48ee</load_address>
         <run_address>0x48ee</run_address>
         <size>0x6</size>
      </object_component>
      <object_component id="oc-849">
         <name>__TI_cinit_table</name>
         <load_address>0x48f4</load_address>
         <run_address>0x48f4</run_address>
         <size>0x10</size>
      </object_component>
      <object_component id="oc-5d6">
         <name>.const:tUsbRequestList</name>
         <load_address>0x4680</load_address>
         <run_address>0x4680</run_address>
         <size>0x10a</size>
         <input_file_ref idref="fl-14"/>
      </object_component>
      <object_component id="oc-79b">
         <name>.const:.string:abromStringDescriptor</name>
         <load_address>0x478a</load_address>
         <run_address>0x478a</run_address>
         <size>0xb6</size>
         <input_file_ref idref="fl-14"/>
      </object_component>
      <object_component id="oc-796">
         <name>.const:abromConfigurationDescriptorGroup</name>
         <load_address>0x4840</load_address>
         <run_address>0x4840</run_address>
         <size>0x43</size>
         <input_file_ref idref="fl-14"/>
      </object_component>
      <object_component id="oc-70b">
         <name>.const:GPIO_PORT_TO_BASE</name>
         <load_address>0x4884</load_address>
         <run_address>0x4884</run_address>
         <size>0x1c</size>
         <input_file_ref idref="fl-22"/>
      </object_component>
      <object_component id="oc-600">
         <name>.const:.string</name>
         <load_address>0x48a0</load_address>
         <run_address>0x48a0</run_address>
         <size>0x14</size>
         <input_file_ref idref="fl-9"/>
      </object_component>
      <object_component id="oc-792">
         <name>.const:.string:abromDeviceDescriptor</name>
         <load_address>0x48b4</load_address>
         <run_address>0x48b4</run_address>
         <size>0x12</size>
         <input_file_ref idref="fl-14"/>
      </object_component>
      <object_component id="oc-52d">
         <name>.const:stUsbHandle</name>
         <load_address>0x48c6</load_address>
         <run_address>0x48c6</run_address>
         <size>0x10</size>
         <input_file_ref idref="fl-14"/>
      </object_component>
      <object_component id="oc-7da">
         <name>.binit</name>
         <load_address>0x4400</load_address>
         <run_address>0x4400</run_address>
         <size>0x0</size>
      </object_component>
      <object_component id="oc-79">
         <name>.int41</name>
         <load_address>0xffd2</load_address>
         <run_address>0xffd2</run_address>
         <size>0x2</size>
         <input_file_ref idref="fl-60"/>
      </object_component>
      <object_component id="oc-7a">
         <name>.int42</name>
         <load_address>0xffd4</load_address>
         <run_address>0xffd4</run_address>
         <size>0x2</size>
         <input_file_ref idref="fl-61"/>
      </object_component>
      <object_component id="oc-7b">
         <name>.int43</name>
         <load_address>0xffd6</load_address>
         <run_address>0xffd6</run_address>
         <size>0x2</size>
         <input_file_ref idref="fl-62"/>
      </object_component>
      <object_component id="oc-7c">
         <name>.int44</name>
         <load_address>0xffd8</load_address>
         <run_address>0xffd8</run_address>
         <size>0x2</size>
         <input_file_ref idref="fl-63"/>
      </object_component>
      <object_component id="oc-7d">
         <name>.int45</name>
         <load_address>0xffda</load_address>
         <run_address>0xffda</run_address>
         <size>0x2</size>
         <input_file_ref idref="fl-64"/>
      </object_component>
      <object_component id="oc-7e">
         <name>.int46</name>
         <load_address>0xffdc</load_address>
         <run_address>0xffdc</run_address>
         <size>0x2</size>
         <input_file_ref idref="fl-2"/>
      </object_component>
      <object_component id="oc-7f">
         <name>.int47</name>
         <load_address>0xffde</load_address>
         <run_address>0xffde</run_address>
         <size>0x2</size>
         <input_file_ref idref="fl-65"/>
      </object_component>
      <object_component id="oc-80">
         <name>.int48</name>
         <load_address>0xffe0</load_address>
         <run_address>0xffe0</run_address>
         <size>0x2</size>
         <input_file_ref idref="fl-66"/>
      </object_component>
      <object_component id="oc-81">
         <name>.int49</name>
         <load_address>0xffe2</load_address>
         <run_address>0xffe2</run_address>
         <size>0x2</size>
         <input_file_ref idref="fl-67"/>
      </object_component>
      <object_component id="oc-82">
         <name>.int50</name>
         <load_address>0xffe4</load_address>
         <run_address>0xffe4</run_address>
         <size>0x2</size>
         <input_file_ref idref="fl-68"/>
      </object_component>
      <object_component id="oc-83">
         <name>.int51</name>
         <load_address>0xffe6</load_address>
         <run_address>0xffe6</run_address>
         <size>0x2</size>
         <input_file_ref idref="fl-13"/>
      </object_component>
      <object_component id="oc-84">
         <name>.int52</name>
         <load_address>0xffe8</load_address>
         <run_address>0xffe8</run_address>
         <size>0x2</size>
         <input_file_ref idref="fl-69"/>
      </object_component>
      <object_component id="oc-85">
         <name>.int53</name>
         <load_address>0xffea</load_address>
         <run_address>0xffea</run_address>
         <size>0x2</size>
         <input_file_ref idref="fl-6a"/>
      </object_component>
      <object_component id="oc-86">
         <name>.int54</name>
         <load_address>0xffec</load_address>
         <run_address>0xffec</run_address>
         <size>0x2</size>
         <input_file_ref idref="fl-6b"/>
      </object_component>
      <object_component id="oc-87">
         <name>.int55</name>
         <load_address>0xffee</load_address>
         <run_address>0xffee</run_address>
         <size>0x2</size>
         <input_file_ref idref="fl-4"/>
      </object_component>
      <object_component id="oc-88">
         <name>.int56</name>
         <load_address>0xfff0</load_address>
         <run_address>0xfff0</run_address>
         <size>0x2</size>
         <input_file_ref idref="fl-6c"/>
      </object_component>
      <object_component id="oc-89">
         <name>.int57</name>
         <load_address>0xfff2</load_address>
         <run_address>0xfff2</run_address>
         <size>0x2</size>
         <input_file_ref idref="fl-6d"/>
      </object_component>
      <object_component id="oc-8a">
         <name>.int58</name>
         <load_address>0xfff4</load_address>
         <run_address>0xfff4</run_address>
         <size>0x2</size>
         <input_file_ref idref="fl-6e"/>
      </object_component>
      <object_component id="oc-8b">
         <name>.int59</name>
         <load_address>0xfff6</load_address>
         <run_address>0xfff6</run_address>
         <size>0x2</size>
         <input_file_ref idref="fl-6f"/>
      </object_component>
      <object_component id="oc-8c">
         <name>.int60</name>
         <load_address>0xfff8</load_address>
         <run_address>0xfff8</run_address>
         <size>0x2</size>
         <input_file_ref idref="fl-70"/>
      </object_component>
      <object_component id="oc-8d">
         <name>.int61</name>
         <load_address>0xfffa</load_address>
         <run_address>0xfffa</run_address>
         <size>0x2</size>
         <input_file_ref idref="fl-71"/>
      </object_component>
      <object_component id="oc-8e">
         <name>.int62</name>
         <load_address>0xfffc</load_address>
         <run_address>0xfffc</run_address>
         <size>0x2</size>
         <input_file_ref idref="fl-72"/>
      </object_component>
      <object_component id="oc-390">
         <name>.reset</name>
         <load_address>0xfffe</load_address>
         <run_address>0xfffe</run_address>
         <size>0x2</size>
         <input_file_ref idref="fl-7f"/>
      </object_component>
      <object_component id="oc-412">
         <name>.debug_info</name>
         <load_address>0x0</load_address>
         <run_address>0x0</run_address>
         <size>0x2c6</size>
         <input_file_ref idref="fl-2"/>
      </object_component>
      <object_component id="oc-40f">
         <name>.debug_info</name>
         <load_address>0x2c6</load_address>
         <run_address>0x2c6</run_address>
         <size>0x12b</size>
         <input_file_ref idref="fl-2"/>
      </object_component>
      <object_component id="oc-3b1">
         <name>.debug_info</name>
         <load_address>0x3f1</load_address>
         <run_address>0x3f1</run_address>
         <size>0x10f</size>
         <input_file_ref idref="fl-2"/>
      </object_component>
      <object_component id="oc-4cb">
         <name>.debug_info</name>
         <load_address>0x500</load_address>
         <run_address>0x500</run_address>
         <size>0x26b</size>
         <input_file_ref idref="fl-2"/>
      </object_component>
      <object_component id="oc-397">
         <name>.debug_info</name>
         <load_address>0x76b</load_address>
         <run_address>0x76b</run_address>
         <size>0x84</size>
         <input_file_ref idref="fl-2"/>
      </object_component>
      <object_component id="oc-574">
         <name>.debug_info</name>
         <load_address>0x7ef</load_address>
         <run_address>0x7ef</run_address>
         <size>0x275</size>
         <input_file_ref idref="fl-2"/>
      </object_component>
      <object_component id="oc-48b">
         <name>.debug_info</name>
         <load_address>0xa64</load_address>
         <run_address>0xa64</run_address>
         <size>0xbb</size>
         <input_file_ref idref="fl-2"/>
      </object_component>
      <object_component id="oc-5df">
         <name>.debug_info</name>
         <load_address>0xb1f</load_address>
         <run_address>0xb1f</run_address>
         <size>0x402</size>
         <input_file_ref idref="fl-3"/>
      </object_component>
      <object_component id="oc-4e5">
         <name>.debug_info</name>
         <load_address>0xf21</load_address>
         <run_address>0xf21</run_address>
         <size>0x1da</size>
         <input_file_ref idref="fl-3"/>
      </object_component>
      <object_component id="oc-4f5">
         <name>.debug_info</name>
         <load_address>0x10fb</load_address>
         <run_address>0x10fb</run_address>
         <size>0x105</size>
         <input_file_ref idref="fl-3"/>
      </object_component>
      <object_component id="oc-4ef">
         <name>.debug_info</name>
         <load_address>0x1200</load_address>
         <run_address>0x1200</run_address>
         <size>0xb30</size>
         <input_file_ref idref="fl-3"/>
      </object_component>
      <object_component id="oc-57b">
         <name>.debug_info</name>
         <load_address>0x1d30</load_address>
         <run_address>0x1d30</run_address>
         <size>0x2e9</size>
         <input_file_ref idref="fl-4"/>
      </object_component>
      <object_component id="oc-491">
         <name>.debug_info</name>
         <load_address>0x2019</load_address>
         <run_address>0x2019</run_address>
         <size>0x142</size>
         <input_file_ref idref="fl-4"/>
      </object_component>
      <object_component id="oc-728">
         <name>.debug_info</name>
         <load_address>0x215b</load_address>
         <run_address>0x215b</run_address>
         <size>0x133</size>
         <input_file_ref idref="fl-4"/>
      </object_component>
      <object_component id="oc-735">
         <name>.debug_info</name>
         <load_address>0x228e</load_address>
         <run_address>0x228e</run_address>
         <size>0x174</size>
         <input_file_ref idref="fl-4"/>
      </object_component>
      <object_component id="oc-723">
         <name>.debug_info</name>
         <load_address>0x2402</load_address>
         <run_address>0x2402</run_address>
         <size>0x17a</size>
         <input_file_ref idref="fl-4"/>
      </object_component>
      <object_component id="oc-73d">
         <name>.debug_info</name>
         <load_address>0x257c</load_address>
         <run_address>0x257c</run_address>
         <size>0x185</size>
         <input_file_ref idref="fl-4"/>
      </object_component>
      <object_component id="oc-731">
         <name>.debug_info</name>
         <load_address>0x2701</load_address>
         <run_address>0x2701</run_address>
         <size>0x187</size>
         <input_file_ref idref="fl-4"/>
      </object_component>
      <object_component id="oc-3bc">
         <name>.debug_info</name>
         <load_address>0x2888</load_address>
         <run_address>0x2888</run_address>
         <size>0x12e</size>
         <input_file_ref idref="fl-4"/>
      </object_component>
      <object_component id="oc-4a3">
         <name>.debug_info</name>
         <load_address>0x29b6</load_address>
         <run_address>0x29b6</run_address>
         <size>0x177</size>
         <input_file_ref idref="fl-5"/>
      </object_component>
      <object_component id="oc-592">
         <name>.debug_info</name>
         <load_address>0x2b2d</load_address>
         <run_address>0x2b2d</run_address>
         <size>0xc5</size>
         <input_file_ref idref="fl-5"/>
      </object_component>
      <object_component id="oc-65d">
         <name>.debug_info</name>
         <load_address>0x2bf2</load_address>
         <run_address>0x2bf2</run_address>
         <size>0x282</size>
         <input_file_ref idref="fl-6"/>
      </object_component>
      <object_component id="oc-71f">
         <name>.debug_info</name>
         <load_address>0x2e74</load_address>
         <run_address>0x2e74</run_address>
         <size>0xe0</size>
         <input_file_ref idref="fl-6"/>
      </object_component>
      <object_component id="oc-73a">
         <name>.debug_info</name>
         <load_address>0x2f54</load_address>
         <run_address>0x2f54</run_address>
         <size>0xe0</size>
         <input_file_ref idref="fl-6"/>
      </object_component>
      <object_component id="oc-71b">
         <name>.debug_info</name>
         <load_address>0x3034</load_address>
         <run_address>0x3034</run_address>
         <size>0xe4</size>
         <input_file_ref idref="fl-6"/>
      </object_component>
      <object_component id="oc-64a">
         <name>.debug_info</name>
         <load_address>0x3118</load_address>
         <run_address>0x3118</run_address>
         <size>0x156</size>
         <input_file_ref idref="fl-6"/>
      </object_component>
      <object_component id="oc-651">
         <name>.debug_info</name>
         <load_address>0x326e</load_address>
         <run_address>0x326e</run_address>
         <size>0x226</size>
         <input_file_ref idref="fl-6"/>
      </object_component>
      <object_component id="oc-656">
         <name>.debug_info</name>
         <load_address>0x3494</load_address>
         <run_address>0x3494</run_address>
         <size>0x1d6</size>
         <input_file_ref idref="fl-6"/>
      </object_component>
      <object_component id="oc-586">
         <name>.debug_info</name>
         <load_address>0x366a</load_address>
         <run_address>0x366a</run_address>
         <size>0x216</size>
         <input_file_ref idref="fl-6"/>
      </object_component>
      <object_component id="oc-58c">
         <name>.debug_info</name>
         <load_address>0x3880</load_address>
         <run_address>0x3880</run_address>
         <size>0x20e</size>
         <input_file_ref idref="fl-6"/>
      </object_component>
      <object_component id="oc-580">
         <name>.debug_info</name>
         <load_address>0x3a8e</load_address>
         <run_address>0x3a8e</run_address>
         <size>0x1d8</size>
         <input_file_ref idref="fl-6"/>
      </object_component>
      <object_component id="oc-49f">
         <name>.debug_info</name>
         <load_address>0x3c66</load_address>
         <run_address>0x3c66</run_address>
         <size>0x13b</size>
         <input_file_ref idref="fl-7"/>
      </object_component>
      <object_component id="oc-554">
         <name>.debug_info</name>
         <load_address>0x3da1</load_address>
         <run_address>0x3da1</run_address>
         <size>0x892</size>
         <input_file_ref idref="fl-8"/>
      </object_component>
      <object_component id="oc-618">
         <name>.debug_info</name>
         <load_address>0x4633</load_address>
         <run_address>0x4633</run_address>
         <size>0xf5</size>
         <input_file_ref idref="fl-8"/>
      </object_component>
      <object_component id="oc-548">
         <name>.debug_info</name>
         <load_address>0x4728</load_address>
         <run_address>0x4728</run_address>
         <size>0xf9</size>
         <input_file_ref idref="fl-8"/>
      </object_component>
      <object_component id="oc-556">
         <name>.debug_info</name>
         <load_address>0x4821</load_address>
         <run_address>0x4821</run_address>
         <size>0xf7</size>
         <input_file_ref idref="fl-8"/>
      </object_component>
      <object_component id="oc-531">
         <name>.debug_info</name>
         <load_address>0x4918</load_address>
         <run_address>0x4918</run_address>
         <size>0x183</size>
         <input_file_ref idref="fl-8"/>
      </object_component>
      <object_component id="oc-46d">
         <name>.debug_info</name>
         <load_address>0x4a9b</load_address>
         <run_address>0x4a9b</run_address>
         <size>0x489</size>
         <input_file_ref idref="fl-8"/>
      </object_component>
      <object_component id="oc-568">
         <name>.debug_info</name>
         <load_address>0x4f24</load_address>
         <run_address>0x4f24</run_address>
         <size>0x2e3</size>
         <input_file_ref idref="fl-8"/>
      </object_component>
      <object_component id="oc-485">
         <name>.debug_info</name>
         <load_address>0x5207</load_address>
         <run_address>0x5207</run_address>
         <size>0x410</size>
         <input_file_ref idref="fl-8"/>
      </object_component>
      <object_component id="oc-473">
         <name>.debug_info</name>
         <load_address>0x5617</load_address>
         <run_address>0x5617</run_address>
         <size>0x1ae</size>
         <input_file_ref idref="fl-8"/>
      </object_component>
      <object_component id="oc-479">
         <name>.debug_info</name>
         <load_address>0x57c5</load_address>
         <run_address>0x57c5</run_address>
         <size>0x2a3</size>
         <input_file_ref idref="fl-8"/>
      </object_component>
      <object_component id="oc-693">
         <name>.debug_info</name>
         <load_address>0x5a68</load_address>
         <run_address>0x5a68</run_address>
         <size>0x196</size>
         <input_file_ref idref="fl-8"/>
      </object_component>
      <object_component id="oc-699">
         <name>.debug_info</name>
         <load_address>0x5bfe</load_address>
         <run_address>0x5bfe</run_address>
         <size>0x17f</size>
         <input_file_ref idref="fl-8"/>
      </object_component>
      <object_component id="oc-69f">
         <name>.debug_info</name>
         <load_address>0x5d7d</load_address>
         <run_address>0x5d7d</run_address>
         <size>0x1b6</size>
         <input_file_ref idref="fl-8"/>
      </object_component>
      <object_component id="oc-522">
         <name>.debug_info</name>
         <load_address>0x5f33</load_address>
         <run_address>0x5f33</run_address>
         <size>0x1d2</size>
         <input_file_ref idref="fl-8"/>
      </object_component>
      <object_component id="oc-63b">
         <name>.debug_info</name>
         <load_address>0x6105</load_address>
         <run_address>0x6105</run_address>
         <size>0x1c5</size>
         <input_file_ref idref="fl-8"/>
      </object_component>
      <object_component id="oc-406">
         <name>.debug_info</name>
         <load_address>0x62ca</load_address>
         <run_address>0x62ca</run_address>
         <size>0x2c</size>
         <input_file_ref idref="fl-8"/>
      </object_component>
      <object_component id="oc-4ea">
         <name>.debug_info</name>
         <load_address>0x62f6</load_address>
         <run_address>0x62f6</run_address>
         <size>0x15f</size>
         <input_file_ref idref="fl-8"/>
      </object_component>
      <object_component id="oc-41c">
         <name>.debug_info</name>
         <load_address>0x6455</load_address>
         <run_address>0x6455</run_address>
         <size>0xaba</size>
         <input_file_ref idref="fl-9"/>
      </object_component>
      <object_component id="oc-529">
         <name>.debug_info</name>
         <load_address>0x6f0f</load_address>
         <run_address>0x6f0f</run_address>
         <size>0x1af</size>
         <input_file_ref idref="fl-9"/>
      </object_component>
      <object_component id="oc-510">
         <name>.debug_info</name>
         <load_address>0x70be</load_address>
         <run_address>0x70be</run_address>
         <size>0x1a1</size>
         <input_file_ref idref="fl-9"/>
      </object_component>
      <object_component id="oc-504">
         <name>.debug_info</name>
         <load_address>0x725f</load_address>
         <run_address>0x725f</run_address>
         <size>0x266</size>
         <input_file_ref idref="fl-9"/>
      </object_component>
      <object_component id="oc-44a">
         <name>.debug_info</name>
         <load_address>0x74c5</load_address>
         <run_address>0x74c5</run_address>
         <size>0x18c</size>
         <input_file_ref idref="fl-9"/>
      </object_component>
      <object_component id="oc-50a">
         <name>.debug_info</name>
         <load_address>0x7651</load_address>
         <run_address>0x7651</run_address>
         <size>0x149</size>
         <input_file_ref idref="fl-9"/>
      </object_component>
      <object_component id="oc-456">
         <name>.debug_info</name>
         <load_address>0x779a</load_address>
         <run_address>0x779a</run_address>
         <size>0x15e</size>
         <input_file_ref idref="fl-9"/>
      </object_component>
      <object_component id="oc-462">
         <name>.debug_info</name>
         <load_address>0x78f8</load_address>
         <run_address>0x78f8</run_address>
         <size>0x158</size>
         <input_file_ref idref="fl-9"/>
      </object_component>
      <object_component id="oc-78b">
         <name>.debug_info</name>
         <load_address>0x7a50</load_address>
         <run_address>0x7a50</run_address>
         <size>0x151</size>
         <input_file_ref idref="fl-9"/>
      </object_component>
      <object_component id="oc-606">
         <name>.debug_info</name>
         <load_address>0x7ba1</load_address>
         <run_address>0x7ba1</run_address>
         <size>0x159</size>
         <input_file_ref idref="fl-9"/>
      </object_component>
      <object_component id="oc-60c">
         <name>.debug_info</name>
         <load_address>0x7cfa</load_address>
         <run_address>0x7cfa</run_address>
         <size>0x147</size>
         <input_file_ref idref="fl-9"/>
      </object_component>
      <object_component id="oc-516">
[...]
         <value>0x24ec</value>
      </symbol>
      <symbol id="sm-657">
         <name>abramSerialStringDescriptor</name>
         <value>0x2480</value>
      </symbol>
      <symbol id="sm-658">
         <name>bStatusAction</name>
         <value>0x24d3</value>
      </symbol>
      <symbol id="sm-659">
         <name>wUsbEventMask</name>
         <value>0x2508</value>
      </symbol>
      <symbol id="sm-65a">
         <name>usbReceiveDataPacketOnEP0</name>
         <value>0x118e4</value>
         <object_component_ref idref="oc-775"/>
      </symbol>
      <symbol id="sm-65b">
         <name>usbGetInterface</name>
         <value>0x1194a</value>
         <object_component_ref idref="oc-6c8"/>
      </symbol>
      <symbol id="sm-65c">
         <name>usbSetEndpointFeature</name>
         <value>0x113aa</value>
         <object_component_ref idref="oc-6f2"/>
      </symbol>
      <symbol id="sm-65d">
         <name>usbGetInterfaceStatus</name>
         <value>0x11968</value>
         <object_component_ref idref="oc-6d4"/>
      </symbol>
      <symbol id="sm-65e">
         <name>USB_enable</name>
         <value>0x10b4c</value>
         <object_component_ref idref="oc-502"/>
      </symbol>
      <symbol id="sm-65f">
         <name>usbDisableOutEndpointInterrupt</name>
         <value>0x117c2</value>
         <object_component_ref idref="oc-559"/>
      </symbol>
      <symbol id="sm-660">
         <name>usbSetAddress</name>
         <value>0x1192a</value>
         <object_component_ref idref="oc-6e0"/>
      </symbol>
      <symbol id="sm-661">
         <name>usbGetEndpointStatus</name>
         <value>0x10e72</value>
         <object_component_ref idref="oc-6da"/>
      </symbol>
      <symbol id="sm-662">
         <name>usbGetDeviceDescriptor</name>
         <value>0x11a76</value>
         <object_component_ref idref="oc-6b6"/>
      </symbol>
      <symbol id="sm-663">
         <name>usbRestoreOutEndpointInterrupt</name>
         <value>0x11b2c</value>
         <object_component_ref idref="oc-55f"/>
      </symbol>
      <symbol id="sm-664">
         <name>usbSetInterface</name>
         <value>0x11aee</value>
         <object_component_ref idref="oc-6f8"/>
      </symbol>
      <symbol id="sm-665">
         <name>usbReceiveNextPacketOnOEP0</name>
         <value>0x1128e</value>
         <object_component_ref idref="oc-51b"/>
      </symbol>
      <symbol id="sm-666">
         <name>USB_suspend</name>
         <value>0x11890</value>
         <object_component_ref idref="oc-454"/>
      </symbol>
      <symbol id="sm-667">
         <name>usbSendNextPacketOnIEP0</name>
         <value>0x11036</value>
         <object_component_ref idref="oc-514"/>
      </symbol>
      <symbol id="sm-668">
         <name>usbGetStringDescriptor</name>
         <value>0x1121a</value>
         <object_component_ref idref="oc-6c2"/>
      </symbol>
      <symbol id="sm-669">
         <name>USB_determineFreq</name>
         <value>0x107e2</value>
         <object_component_ref idref="oc-4fa"/>
      </symbol>
      <symbol id="sm-66a">
         <name>usbSendZeroLengthPacketOnIEP0</name>
         <value>0x11b3a</value>
         <object_component_ref idref="oc-782"/>
      </symbol>
      <symbol id="sm-66b">
         <name>usbClearDeviceFeature</name>
         <value>0x11a04</value>
         <object_component_ref idref="oc-6a4"/>
      </symbol>
      <symbol id="sm-66c">
         <name>usbSetConfiguration</name>
         <value>0x1185e</value>
         <object_component_ref idref="oc-6e6"/>
      </symbol>
      <symbol id="sm-66d">
         <name>USB_resume</name>
         <value>0x119d4</value>
         <object_component_ref idref="oc-460"/>
      </symbol>
      <symbol id="sm-66e">
         <name>usbSendDataPacketOnEP0</name>
         <value>0x1178a</value>
         <object_component_ref idref="oc-76e"/>
      </symbol>
      <symbol id="sm-66f">
         <name>usbGetConfiguration</name>
         <value>0x11ab4</value>
         <object_component_ref idref="oc-6b0"/>
      </symbol>
      <symbol id="sm-670">
         <name>usbStallOEP0</name>
         <value>0x11bbe</value>
         <object_component_ref idref="oc-60a"/>
      </symbol>
      <symbol id="sm-671">
         <name>usbGetConfigurationDescriptor</name>
         <value>0x11a60</value>
         <object_component_ref idref="oc-6bc"/>
      </symbol>
      <symbol id="sm-672">
         <name>usbClearEndpointFeature</name>
         <value>0x114a8</value>
         <object_component_ref idref="oc-6aa"/>
      </symbol>
      <symbol id="sm-673">
         <name>bFunctionSuspended</name>
         <value>0x2517</value>
         <object_component_ref idref="oc-50f"/>
      </symbol>
      <symbol id="sm-674">
         <name>VERSION</name>
         <value>0x251a</value>
         <object_component_ref idref="oc-50f"/>
      </symbol>
      <symbol id="sm-675">
         <name>usbDecodeAndProcessUsbRequest</name>
         <value>0x10a50</value>
         <object_component_ref idref="oc-4d2"/>
      </symbol>
      <symbol id="sm-676">
         <name>bEnumerationStatus</name>
         <value>0x2518</value>
         <object_component_ref idref="oc-50f"/>
      </symbol>
      <symbol id="sm-677">
         <name>usbClearOEP0ByteCount</name>
         <value>0x11bb8</value>
         <object_component_ref idref="oc-604"/>
      </symbol>
      <symbol id="sm-678">
         <name>usbSetDeviceFeature</name>
         <value>0x11a1c</value>
         <object_component_ref idref="oc-6ec"/>
      </symbol>
      <symbol id="sm-679">
         <name>usbInvalidRequest</name>
         <value>0x11b1e</value>
         <object_component_ref idref="oc-6fe"/>
      </symbol>
      <symbol id="sm-67a">
         <name>USB_reset</name>
         <value>0x1060a</value>
         <object_component_ref idref="oc-448"/>
      </symbol>
      <symbol id="sm-67b">
         <name>usbStallEndpoint0</name>
         <value>0x11ba0</value>
         <object_component_ref idref="oc-789"/>
      </symbol>
      <symbol id="sm-67c">
         <name>USB_connect</name>
         <value>0x119a2</value>
         <object_component_ref idref="oc-508"/>
      </symbol>
      <symbol id="sm-67d">
         <name>usbGetDeviceStatus</name>
         <value>0x1182c</value>
         <object_component_ref idref="oc-6ce"/>
      </symbol>
      <symbol id="sm-683">
         <name>USB_TX_memcpy</name>
         <value>0x2500</value>
      </symbol>
      <symbol id="sm-684">
         <name>USB_RX_memcpy</name>
         <value>0x24fc</value>
      </symbol>
      <symbol id="sm-6e2">
         <name>USBCDC_handleSetControlLineState</name>
         <value>0x11b00</value>
         <object_component_ref idref="oc-77c"/>
      </symbol>
      <symbol id="sm-6e3">
         <name>USB_handleSuspendEvent</name>
         <value>0x11bd4</value>
         <object_component_ref idref="oc-45a"/>
      </symbol>
      <symbol id="sm-6e4">
         <name>USB_handleVbusOnEvent</name>
         <value>0x11a8c</value>
         <object_component_ref idref="oc-42a"/>
      </symbol>
      <symbol id="sm-6e5">
         <name>USBCDC_handleDataReceived</name>
         <value>0x11b48</value>
         <object_component_ref idref="oc-47e"/>
      </symbol>
      <symbol id="sm-6e6">
         <name>USBCDC_handleReceiveCompleted</name>
         <value>0x11b54</value>
         <object_component_ref idref="oc-56d"/>
      </symbol>
      <symbol id="sm-6e7">
         <name>USB_handleEnumerationCompleteEvent</name>
         <value>0x11bc8</value>
         <object_component_ref idref="oc-7a4"/>
      </symbol>
      <symbol id="sm-6e8">
         <name>USB_handleResetEvent</name>
         <value>0x11bcc</value>
         <object_component_ref idref="oc-44e"/>
      </symbol>
      <symbol id="sm-6e9">
         <name>USBCDC_handleSendCompleted</name>
         <value>0x11b60</value>
         <object_component_ref idref="oc-54a"/>
      </symbol>
      <symbol id="sm-6ea">
         <name>USB_handleVbusOffEvent</name>
         <value>0x11bd8</value>
         <object_component_ref idref="oc-436"/>
      </symbol>
      <symbol id="sm-6eb">
         <name>USBCDC_handleSetLineCoding</name>
         <value>0x119bc</value>
         <object_component_ref idref="oc-61a"/>
      </symbol>
      <symbol id="sm-6ec">
         <name>USB_handleResumeEvent</name>
         <value>0x11bd0</value>
         <object_component_ref idref="oc-466"/>
      </symbol>
      <symbol id="sm-6ed">
         <name>USB_handleClockEvent</name>
         <value>0x11bc4</value>
         <object_component_ref idref="oc-41e"/>
      </symbol>
      <symbol id="sm-745">
         <name>IEP0InterruptHandler</name>
         <value>0x11986</value>
         <object_component_ref idref="oc-43c"/>
      </symbol>
      <symbol id="sm-746">
         <name>OEP0InterruptHandler</name>
         <value>0x1169c</value>
         <object_component_ref idref="oc-442"/>
      </symbol>
      <symbol id="sm-747">
         <name>__TI_int51</name>
         <value>0xffe6</value>
         <object_component_ref idref="oc-83"/>
      </symbol>
      <symbol id="sm-748">
         <name>PWRVBUSonHandler</name>
         <value>0x1112e</value>
         <object_component_ref idref="oc-424"/>
      </symbol>
      <symbol id="sm-749">
         <name>SetupPacketInterruptHandler</name>
         <value>0x112f8</value>
         <object_component_ref idref="oc-415"/>
      </symbol>
      <symbol id="sm-74a">
         <name>PWRVBUSoffHandler</name>
         <value>0x10fb4</value>
         <object_component_ref idref="oc-430"/>
      </symbol>
      <symbol id="sm-74b">
         <name>iUsbInterruptHandler</name>
         <value>0x4400</value>
         <object_component_ref idref="oc-3b4"/>
      </symbol>
      <symbol id="sm-769">
         <name>abromConfigurationDescriptorGroup</name>
         <value>0x4840</value>
         <object_component_ref idref="oc-796"/>
      </symbol>
      <symbol id="sm-76a">
         <name>tUsbRequestList</name>
         <value>0x4680</value>
         <object_component_ref idref="oc-5d6"/>
      </symbol>
      <symbol id="sm-76b">
         <name>abromDeviceDescriptor</name>
         <value>0x48b4</value>
         <object_component_ref idref="oc-792"/>
      </symbol>
      <symbol id="sm-76c">
         <name>abromStringDescriptor</name>
         <value>0x478a</value>
         <object_component_ref idref="oc-79b"/>
      </symbol>
      <symbol id="sm-76d">
         <name>stUsbHandle</name>
         <value>0x48c6</value>
         <object_component_ref idref="oc-52d"/>
      </symbol>
      <symbol id="sm-78d">
         <name>GPIO_setAsPeripheralModuleFunctionOutputPin</name>
         <value>0x114fc</value>
         <object_component_ref idref="oc-5f2"/>
      </symbol>
      <symbol id="sm-7b3">
         <name>UCS_turnOffXT2</name>
         <value>0x11baa</value>
         <object_component_ref idref="oc-538"/>
      </symbol>
      <symbol id="sm-7b4">
         <name>UCS_turnOnXT2WithTimeout</name>
         <value>0x11400</value>
         <object_component_ref idref="oc-5f8"/>
      </symbol>
      <symbol id="sm-7c4">
         <name>__mspabi_remu</name>
         <value>0x11a4a</value>
         <object_component_ref idref="oc-5e5"/>
      </symbol>
      <symbol id="sm-7c5">
         <name>__mspabi_divu</name>
         <value>0x11a4a</value>
         <object_component_ref idref="oc-5e5"/>
      </symbol>
      <symbol id="sm-7ca">
         <name>__TI_int41</name>
         <value>0xffd2</value>
         <object_component_ref idref="oc-79"/>
      </symbol>
      <symbol id="sm-7cd">
         <name>__TI_int42</name>
         <value>0xffd4</value>
         <object_component_ref idref="oc-7a"/>
      </symbol>
      <symbol id="sm-7d0">
         <name>__TI_int43</name>
         <value>0xffd6</value>
         <object_component_ref idref="oc-7b"/>
      </symbol>
      <symbol id="sm-7d3">
         <name>__TI_int44</name>
         <value>0xffd8</value>
         <object_component_ref idref="oc-7c"/>
      </symbol>
      <symbol id="sm-7d6">
         <name>__TI_int45</name>
         <value>0xffda</value>
         <object_component_ref idref="oc-7d"/>
      </symbol>
      <symbol id="sm-7d9">
         <name>__TI_int47</name>
         <value>0xffde</value>
         <object_component_ref idref="oc-7f"/>
      </symbol>
      <symbol id="sm-7dc">
         <name>__TI_int48</name>
         <value>0xffe0</value>
         <object_component_ref idref="oc-80"/>
      </symbol>
      <symbol id="sm-7df">
         <name>__TI_int49</name>
         <value>0xffe2</value>
         <object_component_ref idref="oc-81"/>
      </symbol>
      <symbol id="sm-7e2">
         <name>__TI_int50</name>
         <value>0xffe4</value>
         <object_component_ref idref="oc-82"/>
      </symbol>
      <symbol id="sm-7e5">
         <name>__TI_int52</name>
         <value>0xffe8</value>
         <object_component_ref idref="oc-84"/>
      </symbol>
      <symbol id="sm-7e8">
         <name>__TI_int53</name>
         <value>0xffea</value>
         <object_component_ref idref="oc-85"/>
      </symbol>
      <symbol id="sm-7eb">
         <name>__TI_int54</name>
         <value>0xffec</value>
         <object_component_ref idref="oc-86"/>
      </symbol>
      <symbol id="sm-7ee">
         <name>__TI_int56</name>
         <value>0xfff0</value>
         <object_component_ref idref="oc-88"/>
      </symbol>
      <symbol id="sm-7f1">
         <name>__TI_int57</name>
         <value>0xfff2</value>
         <object_component_ref idref="oc-89"/>
      </symbol>
      <symbol id="sm-7f4">
         <name>__TI_int58</name>
         <value>0xfff4</value>
         <object_component_ref idref="oc-8a"/>
      </symbol>
      <symbol id="sm-7f7">
         <name>__TI_int59</name>
         <value>0xfff6</value>
         <object_component_ref idref="oc-8b"/>
      </symbol>
      <symbol id="sm-7fa">
         <name>__TI_int60</name>
         <value>0xfff8</value>
         <object_component_ref idref="oc-8c"/>
      </symbol>
      <symbol id="sm-7fd">
         <name>__TI_int61</name>
         <value>0xfffa</value>
         <object_component_ref idref="oc-8d"/>
      </symbol>
      <symbol id="sm-800">
         <name>__TI_int62</name>
         <value>0xfffc</value>
         <object_component_ref idref="oc-8e"/>
      </symbol>
      <symbol id="sm-808">
         <name>__TI_ISR_TRAP</name>
         <value>0x4678</value>
         <object_component_ref idref="oc-3a9"/>
      </symbol>
      <symbol id="sm-811">
         <name>__mspabi_slli</name>
         <value>0x11b8c</value>
         <object_component_ref idref="oc-5e0"/>
      </symbol>
      <symbol id="sm-819">
         <name>__mspabi_slll_9</name>
         <value>0x11676</value>
         <object_component_ref idref="oc-612"/>
      </symbol>
      <symbol id="sm-81a">
         <name>__mspabi_slll_8</name>
         <value>0x1167a</value>
         <object_component_ref idref="oc-612"/>
      </symbol>
      <symbol id="sm-81b">
         <name>__mspabi_slll_7</name>
         <value>0x1167e</value>
         <object_component_ref idref="oc-612"/>
      </symbol>
      <symbol id="sm-81c">
         <name>__mspabi_slll_6</name>
         <value>0x11682</value>
         <object_component_ref idref="oc-612"/>
      </symbol>
      <symbol id="sm-81d">
         <name>__mspabi_slll_5</name>
         <value>0x11686</value>
         <object_component_ref idref="oc-612"/>
      </symbol>
      <symbol id="sm-81e">
         <name>__mspabi_slll_4</name>
         <value>0x1168a</value>
         <object_component_ref idref="oc-612"/>
      </symbol>
      <symbol id="sm-81f">
         <name>__mspabi_slll_3</name>
         <value>0x1168e</value>
         <object_component_ref idref="oc-612"/>
      </symbol>
      <symbol id="sm-820">
         <name>__mspabi_slll_2</name>
         <value>0x11692</value>
         <object_component_ref idref="oc-612"/>
      </symbol>
      <symbol id="sm-821">
         <name>__mspabi_slll_1</name>
         <value>0x11696</value>
         <object_component_ref idref="oc-612"/>
      </symbol>
      <symbol id="sm-822">
         <name>__mspabi_slll_15</name>
         <value>0x1165e</value>
         <object_component_ref idref="oc-612"/>
      </symbol>
      <symbol id="sm-823">
         <name>__mspabi_slll_14</name>
         <value>0x11662</value>
         <object_component_ref idref="oc-612"/>
      </symbol>
      <symbol id="sm-824">
         <name>__mspabi_slll_13</name>
         <value>0x11666</value>
         <object_component_ref idref="oc-612"/>
      </symbol>
      <symbol id="sm-825">
         <name>__mspabi_slll_12</name>
         <value>0x1166a</value>
         <object_component_ref idref="oc-612"/>
      </symbol>
      <symbol id="sm-826">
         <name>__mspabi_slll_11</name>
         <value>0x1166e</value>
         <object_component_ref idref="oc-612"/>
      </symbol>
      <symbol id="sm-827">
         <name>__mspabi_slll_10</name>
         <value>0x11672</value>
         <object_component_ref idref="oc-612"/>
      </symbol>
      <symbol id="sm-830">
         <name>__mspabi_srli</name>
         <value>0x11b96</value>
         <object_component_ref idref="oc-5ea"/>
      </symbol>
      <symbol id="sm-83a">
         <name>__mspabi_mpyi_f5hw</name>
         <value>0x119ec</value>
         <object_component_ref idref="oc-542"/>
      </symbol>
      <symbol id="sm-84f">
         <name>_stack</name>
         <value>0x4360</value>
         <object_component_ref idref="oc-38d"/>
      </symbol>
      <symbol id="sm-850">
         <name>_c_int00_noargs</name>
         <value>0x465c</value>
         <object_component_ref idref="oc-3d2"/>
      </symbol>
      <symbol id="sm-851">
         <name>_reset_vector</name>
         <value>0xfffe</value>
         <object_component_ref idref="oc-390"/>
      </symbol>
      <symbol id="sm-874">
         <name>__TI_auto_init_nobinit_nopinit_hold_wdt</name>
         <value>0x11454</value>
         <object_component_ref idref="oc-5bb"/>
      </symbol>
      <symbol id="sm-887">
         <name>__TI_zero_init_nomemset</name>
         <value>0x118c0</value>
         <object_component_ref idref="oc-3c0"/>
      </symbol>
      <symbol id="sm-892">
         <name>_system_post_cinit</name>
         <value>0x11bdc</value>
         <object_component_ref idref="oc-671"/>
      </symbol>
      <symbol id="sm-8a3">
         <name>__TI_decompress_none</name>
         <value>0x11adc</value>
         <object_component_ref idref="oc-73"/>
      </symbol>
      <symbol id="sm-8c6">
         <name>__TI_decompress_lzss</name>
         <value>0x111a4</value>
         <object_component_ref idref="oc-6d"/>
      </symbol>
      <symbol id="sm-8d0">
         <name>C$$EXIT</name>
         <value>0x11bb2</value>
         <object_component_ref idref="oc-597"/>
      </symbol>
      <symbol id="sm-8d1">
         <name>abort</name>
         <value>0x11bb2</value>
         <object_component_ref idref="oc-597"/>
      </symbol>
      <symbol id="sm-8e1">
         <name>memcpy</name>
         <value>0x11aa0</value>
         <object_component_ref idref="oc-39c"/>
      </symbol>
      <symbol id="sm-8ef">
         <name>memset</name>
         <value>0x11a34</value>
         <object_component_ref idref="oc-626"/>
      </symbol>
   </symbol_table>
   <title>Link successful</title>
</link_info>
