<?xml version="1.0" encoding="ISO-8859-1" ?>
<link_info>
   <banner>MSP430 Linker PC v18.12.2.LTS</banner>
   <copyright>Copyright (c) 2003-2018 Texas Instruments Incorporated</copyright>
   <link_time>0x5d6cb2d3</link_time>
   <link_errors>0x0</link_errors>
   <output_file>SimpleUsbBackchannel.out</output_file>
   <entry_point>
      <name>_c_int00_noargs</name>
      <address>0x462e</address>
   </entry_point>
   <input_file_list>
      <input_file id="fl-2">
         <path>.\</path>
         <kind>object</kind>
         <file>BCUart.obj</file>
         <name>BCUart.obj</name>
      </input_file>
      <input_file id="fl-3">
         <path>.\</path>
         <kind>object</kind>
         <file>hal.obj</file>
         <name>hal.obj</name>
      </input_file>
      <input_file id="fl-4">
         <path>.\</path>
         <kind>object</kind>
         <file>main.obj</file>
         <name>main.obj</name>
      </input_file>
      <input_file id="fl-5">
         <path>.\</path>
         <kind>object</kind>
         <file>system_pre_init.obj</file>
         <name>system_pre_init.obj</name>
      </input_file>
      <input_file id="fl-6">
         <path>.\USB_API\USB_CDC_API\</path>
         <kind>object</kind>
         <file>UsbCdc.obj</file>
         <name>UsbCdc.obj</name>
      </input_file>
      <input_file id="fl-7">
         <path>.\USB_API\USB_Common\</path>
         <kind>object</kind>
         <file>usb.obj</file>
         <name>usb.obj</name>
      </input_file>
      <input_file id="fl-8">
         <path>.\USB_API\USB_Common\</path>
         <kind>object</kind>
         <file>usbdma.obj</file>
         <name>usbdma.obj</name>
      </input_file>
      <input_file id="fl-9">
         <path>.\USB_API\USB_HID_API\</path>
         <kind>object</kind>
         <file>UsbHid.obj</file>
         <name>UsbHid.obj</name>
      </input_file>
      <input_file id="fl-a">
         <path>.\USB_API\USB_HID_API\</path>
         <kind>object</kind>
         <file>UsbHidReq.obj</file>
         <name>UsbHidReq.obj</name>
      </input_file>
      <input_file id="fl-b">
         <path>.\USB_API\USB_MSC_API\</path>
         <kind>object</kind>
         <file>UsbMscReq.obj</file>
         <name>UsbMscReq.obj</name>
      </input_file>
      <input_file id="fl-c">
         <path>.\USB_API\USB_MSC_API\</path>
         <kind>object</kind>
         <file>UsbMscScsi.obj</file>
         <name>UsbMscScsi.obj</name>
      </input_file>
      <input_file id="fl-d">
         <path>.\USB_API\USB_MSC_API\</path>
         <kind>object</kind>
         <file>UsbMscStateMachine.obj</file>
         <name>UsbMscStateMachine.obj</name>
      </input_file>
      <input_file id="fl-e">
         <path>.\USB_API\USB_PHDC_API\</path>
         <kind>object</kind>
         <file>UsbPHDC.obj</file>
         <name>UsbPHDC.obj</name>
      </input_file>
      <input_file id="fl-f">
         <path>.\USB_app\</path>
         <kind>object</kind>
         <file>usbConstructs.obj</file>
         <name>usbConstructs.obj</name>
      </input_file>
      <input_file id="fl-10">
         <path>.\USB_app\</path>
         <kind>object</kind>
         <file>usbEventHandling.obj</file>
         <name>usbEventHandling.obj</name>
      </input_file>
      <input_file id="fl-11">
         <path>.\USB_config\</path>
         <kind>object</kind>
         <file>UsbIsr.obj</file>
         <name>UsbIsr.obj</name>
      </input_file>
      <input_file id="fl-12">
         <path>.\USB_config\</path>
         <kind>object</kind>
         <file>descriptors.obj</file>
         <name>descriptors.obj</name>
      </input_file>
      <input_file id="fl-13">
         <path>.\driverlib\MSP430F5xx_6xx\</path>
         <kind>object</kind>
         <file>adc10_a.obj</file>
         <name>adc10_a.obj</name>
      </input_file>
      <input_file id="fl-14">
         <path>.\driverlib\MSP430F5xx_6xx\</path>
         <kind>object</kind>
         <file>adc12_a.obj</file>
         <name>adc12_a.obj</name>
      </input_file>
      <input_file id="fl-15">
         <path>.\driverlib\MSP430F5xx_6xx\</path>
         <kind>object</kind>
         <file>aes.obj</file>
         <name>aes.obj</name>
      </input_file>
      <input_file id="fl-16">
         <path>.\driverlib\MSP430F5xx_6xx\</path>
         <kind>object</kind>
         <file>battbak.obj</file>
         <name>battbak.obj</name>
      </input_file>
      <input_file id="fl-17">
         <path>.\driverlib\MSP430F5xx_6xx\</path>
         <kind>object</kind>
         <file>comp_b.obj</file>
         <name>comp_b.obj</name>
      </input_file>
      <input_file id="fl-18">
         <path>.\driverlib\MSP430F5xx_6xx\</path>
         <kind>object</kind>
         <file>crc.obj</file>
         <name>crc.obj</name>
      </input_file>
      <input_file id="fl-19">
         <path>.\driverlib\MSP430F5xx_6xx\</path>
         <kind>object</kind>
         <file>dac12_a.obj</file>
         <name>dac12_a.obj</name>
      </input_file>
      <input_file id="fl-1a">
         <path>.\driverlib\MSP430F5xx_6xx\</path>
         <kind>object</kind>
         <file>dma.obj</file>
         <name>dma.obj</name>
      </input_file>
      <input_file id="fl-1b">
         <path>.\driverlib\MSP430F5xx_6xx\</path>
         <kind>object</kind>
         <file>eusci_a_spi.obj</file>
         <name>eusci_a_spi.obj</name>
      </input_file>
      <input_file id="fl-1c">
         <path>.\driverlib\MSP430F5xx_6xx\</path>
         <kind>object</kind>
         <file>eusci_a_uart.obj</file>
         <name>eusci_a_uart.obj</name>
      </input_file>
      <input_file id="fl-1d">
         <path>.\driverlib\MSP430F5xx_6xx\</path>
         <kind>object</kind>
         <file>eusci_b_i2c.obj</file>
         <name>eusci_b_i2c.obj</name>
      </input_file>
      <input_file id="fl-1e">
         <path>.\driverlib\MSP430F5xx_6xx\</path>
         <kind>object</kind>
         <file>eusci_b_spi.obj</file>
         <name>eusci_b_spi.obj</name>
      </input_file>
      <input_file id="fl-1f">
         <path>.\driverlib\MSP430F5xx_6xx\</path>
         <kind>object</kind>
         <file>flashctl.obj</file>
         <name>flashctl.obj</name>
      </input_file>
      <input_file id="fl-20">
         <path>.\driverlib\MSP430F5xx_6xx\</path>
         <kind>object</kind>
         <file>gpio.obj</file>
         <name>gpio.obj</name>
      </input_file>
      <input_file id="fl-21">
         <path>.\driverlib\MSP430F5xx_6xx\</path>
         <kind>object</kind>
         <file>ldopwr.obj</file>
         <name>ldopwr.obj</name>
      </input_file>
      <input_file id="fl-22">
         <path>.\driverlib\MSP430F5xx_6xx\</path>
         <kind>object</kind>
         <file>mpy32.obj</file>
         <name>mpy32.obj</name>
      </input_file>
      <input_file id="fl-23">
         <path>.\driverlib\MSP430F5xx_6xx\</path>
         <kind>object</kind>
         <file>pmap.obj</file>
         <name>pmap.obj</name>
      </input_file>
      <input_file id="fl-24">
         <path>.\driverlib\MSP430F5xx_6xx\</path>
         <kind>object</kind>
         <file>pmm.obj</file>
         <name>pmm.obj</name>
      </input_file>
      <input_file id="fl-25">
         <path>.\driverlib\MSP430F5xx_6xx\</path>
         <kind>object</kind>
         <file>ram.obj</file>
         <name>ram.obj</name>
      </input_file>
      <input_file id="fl-26">
         <path>.\driverlib\MSP430F5xx_6xx\</path>
         <kind>object</kind>
         <file>ref.obj</file>
         <name>ref.obj</name>
      </input_file>
      <input_file id="fl-27">
         <path>.\driverlib\MSP430F5xx_6xx\</path>
         <kind>object</kind>
         <file>rtc_a.obj</file>
         <name>rtc_a.obj</name>
      </input_file>
      <input_file id="fl-28">
         <path>.\driverlib\MSP430F5xx_6xx\</path>
         <kind>object</kind>
         <file>rtc_b.obj</file>
         <name>rtc_b.obj</name>
      </input_file>
      <input_file id="fl-29">
         <path>.\driverlib\MSP430F5xx_6xx\</path>
         <kind>object</kind>
         <file>rtc_c.obj</file>
         <name>rtc_c.obj</name>
      </input_file>
      <input_file id="fl-2a">
         <path>.\driverlib\MSP430F5xx_6xx\</path>
         <kind>object</kind>
         <file>sd24_b.obj</file>
         <name>sd24_b.obj</name>
      </input_file>
      <input_file id="fl-2b">
         <path>.\driverlib\MSP430F5xx_6xx\</path>
         <kind>object</kind>
         <file>sfr.obj</file>
         <name>sfr.obj</name>
      </input_file>
      <input_file id="fl-2c">
         <path>.\driverlib\MSP430F5xx_6xx\</path>
         <kind>object</kind>
         <file>sysctl.obj</file>
         <name>sysctl.obj</name>
      </input_file>
      <input_file id="fl-2d">
         <path>.\driverlib\MSP430F5xx_6xx\</path>
         <kind>object</kind>
         <file>tec.obj</file>
         <name>tec.obj</name>
      </input_file>
      <input_file id="fl-2e">
         <path>.\driverlib\MSP430F5xx_6xx\</path>
         <kind>object</kind>
         <file>timer_a.obj</file>
         <name>timer_a.obj</name>
      </input_file>
      <input_file id="fl-2f">
         <path>.\driverlib\MSP430F5xx_6xx\</path>
         <kind>object</kind>
         <file>timer_b.obj</file>
         <name>timer_b.obj</name>
      </input_file>
      <input_file id="fl-30">
         <path>.\driverlib\MSP430F5xx_6xx\</path>
         <kind>object</kind>
         <file>timer_d.obj</file>
         <name>timer_d.obj</name>
      </input_file>
      <input_file id="fl-31">
         <path>.\driverlib\MSP430F5xx_6xx\</path>
         <kind>object</kind>
         <file>tlv.obj</file>
         <name>tlv.obj</name>
      </input_file>
      <input_file id="fl-32">
         <path>.\driverlib\MSP430F5xx_6xx\</path>
         <kind>object</kind>
         <file>ucs.obj</file>
         <name>ucs.obj</name>
      </input_file>
      <input_file id="fl-33">
         <path>.\driverlib\MSP430F5xx_6xx\</path>
         <kind>object</kind>
         <file>usci_a_spi.obj</file>
         <name>usci_a_spi.obj</name>
      </input_file>
      <input_file id="fl-34">
         <path>.\driverlib\MSP430F5xx_6xx\</path>
         <kind>object</kind>
         <file>usci_a_uart.obj</file>
         <name>usci_a_uart.obj</name>
      </input_file>
      <input_file id="fl-35">
         <path>.\driverlib\MSP430F5xx_6xx\</path>
         <kind>object</kind>
         <file>usci_b_i2c.obj</file>
         <name>usci_b_i2c.obj</name>
      </input_file>
      <input_file id="fl-36">
         <path>.\driverlib\MSP430F5xx_6xx\</path>
         <kind>object</kind>
         <file>usci_b_spi.obj</file>
         <name>usci_b_spi.obj</name>
      </input_file>
      <input_file id="fl-37">
         <path>.\driverlib\MSP430F5xx_6xx\</path>
         <kind>object</kind>
         <file>wdt_a.obj</file>
         <name>wdt_a.obj</name>
      </input_file>
      <input_file id="fl-3f">
         <kind>object</kind>
         <file>&lt;internal&gt;</file>
         <name>&lt;internal&gt;</name>
      </input_file>
      <input_file id="fl-5a">
         <path>E:\ti\ccs910\ccs\tools\compiler\ti-cgt-msp430_18.12.2.LTS\lib\</path>
         <kind>archive</kind>
         <file>rts430x_lc_rd_eabi.lib</file>
         <name>sprintf.c.obj</name>
      </input_file>
      <input_file id="fl-5b">
         <path>E:\ti\ccs910\ccs\tools\compiler\ti-cgt-msp430_18.12.2.LTS\lib\</path>
         <kind>archive</kind>
         <file>rts430x_lc_rd_eabi.lib</file>
         <name>div16s.asm.obj</name>
      </input_file>
      <input_file id="fl-5c">
         <path>E:\ti\ccs910\ccs\tools\compiler\ti-cgt-msp430_18.12.2.LTS\lib\</path>
         <kind>archive</kind>
         <file>rts430x_lc_rd_eabi.lib</file>
         <name>div16u.asm.obj</name>
      </input_file>
      <input_file id="fl-5d">
         <path>E:\ti\ccs910\ccs\tools\compiler\ti-cgt-msp430_18.12.2.LTS\lib\</path>
         <kind>archive</kind>
         <file>rts430x_lc_rd_eabi.lib</file>
         <name>div32s.asm.obj</name>
      </input_file>
      <input_file id="fl-5e">
         <path>E:\ti\ccs910\ccs\tools\compiler\ti-cgt-msp430_18.12.2.LTS\lib\</path>
         <kind>archive</kind>
         <file>rts430x_lc_rd_eabi.lib</file>
         <name>div32u.asm.obj</name>
      </input_file>
      <input_file id="fl-5f">
         <path>E:\ti\ccs910\ccs\tools\compiler\ti-cgt-msp430_18.12.2.LTS\lib\</path>
         <kind>archive</kind>
         <file>rts430x_lc_rd_eabi.lib</file>
         <name>int41.asm.obj</name>
      </input_file>
      <input_file id="fl-60">
         <path>E:\ti\ccs910\ccs\tools\compiler\ti-cgt-msp430_18.12.2.LTS\lib\</path>
         <kind>archive</kind>
         <file>rts430x_lc_rd_eabi.lib</file>
         <name>int43.asm.obj</name>
      </input_file>
      <input_file id="fl-61">
         <path>E:\ti\ccs910\ccs\tools\compiler\ti-cgt-msp430_18.12.2.LTS\lib\</path>
         <kind>archive</kind>
         <file>rts430x_lc_rd_eabi.lib</file>
         <name>int44.asm.obj</name>
      </input_file>
      <input_file id="fl-62">
         <path>E:\ti\ccs910\ccs\tools\compiler\ti-cgt-msp430_18.12.2.LTS\lib\</path>
         <kind>archive</kind>
         <file>rts430x_lc_rd_eabi.lib</file>
         <name>int45.asm.obj</name>
      </input_file>
      <input_file id="fl-63">
         <path>E:\ti\ccs910\ccs\tools\compiler\ti-cgt-msp430_18.12.2.LTS\lib\</path>
         <kind>archive</kind>
         <file>rts430x_lc_rd_eabi.lib</file>
         <name>int47.asm.obj</name>
      </input_file>
      <input_file id="fl-64">
         <path>E:\ti\ccs910\ccs\tools\compiler\ti-cgt-msp430_18.12.2.LTS\lib\</path>
         <kind>archive</kind>
         <file>rts430x_lc_rd_eabi.lib</file>
         <name>int48.asm.obj</name>
      </input_file>
      <input_file id="fl-65">
         <path>E:\ti\ccs910\ccs\tools\compiler\ti-cgt-msp430_18.12.2.LTS\lib\</path>
         <kind>archive</kind>
         <file>rts430x_lc_rd_eabi.lib</file>
         <name>int49.asm.obj</name>
      </input_file>
      <input_file id="fl-66">
         <path>E:\ti\ccs910\ccs\tools\compiler\ti-cgt-msp430_18.12.2.LTS\lib\</path>
         <kind>archive</kind>
         <file>rts430x_lc_rd_eabi.lib</file>
         <name>int50.asm.obj</name>
      </input_file>
      <input_file id="fl-67">
         <path>E:\ti\ccs910\ccs\tools\compiler\ti-cgt-msp430_18.12.2.LTS\lib\</path>
         <kind>archive</kind>
         <file>rts430x_lc_rd_eabi.lib</file>
         <name>int52.asm.obj</name>
      </input_file>
      <input_file id="fl-68">
         <path>E:\ti\ccs910\ccs\tools\compiler\ti-cgt-msp430_18.12.2.LTS\lib\</path>
         <kind>archive</kind>
         <file>rts430x_lc_rd_eabi.lib</file>
         <name>int54.asm.obj</name>
      </input_file>
      <input_file id="fl-69">
         <path>E:\ti\ccs910\ccs\tools\compiler\ti-cgt-msp430_18.12.2.LTS\lib\</path>
         <kind>archive</kind>
         <file>rts430x_lc_rd_eabi.lib</file>
         <name>int55.asm.obj</name>
      </input_file>
      <input_file id="fl-6a">
         <path>E:\ti\ccs910\ccs\tools\compiler\ti-cgt-msp430_18.12.2.LTS\lib\</path>
         <kind>archive</kind>
         <file>rts430x_lc_rd_eabi.lib</file>
         <name>int56.asm.obj</name>
      </input_file>
      <input_file id="fl-6b">
         <path>E:\ti\ccs910\ccs\tools\compiler\ti-cgt-msp430_18.12.2.LTS\lib\</path>
         <kind>archive</kind>
         <file>rts430x_lc_rd_eabi.lib</file>
         <name>int57.asm.obj</name>
      </input_file>
      <input_file id="fl-6c">
         <path>E:\ti\ccs910\ccs\tools\compiler\ti-cgt-msp430_18.12.2.LTS\lib\</path>
         <kind>archive</kind>
         <file>rts430x_lc_rd_eabi.lib</file>
         <name>int58.asm.obj</name>
      </input_file>
      <input_file id="fl-6d">
         <path>E:\ti\ccs910\ccs\tools\compiler\ti-cgt-msp430_18.12.2.LTS\lib\</path>
         <kind>archive</kind>
         <file>rts430x_lc_rd_eabi.lib</file>
         <name>int59.asm.obj</name>
      </input_file>
      <input_file id="fl-6e">
         <path>E:\ti\ccs910\ccs\tools\compiler\ti-cgt-msp430_18.12.2.LTS\lib\</path>
         <kind>archive</kind>
         <file>rts430x_lc_rd_eabi.lib</file>
         <name>int60.asm.obj</name>
      </input_file>
      <input_file id="fl-6f">
         <path>E:\ti\ccs910\ccs\tools\compiler\ti-cgt-msp430_18.12.2.LTS\lib\</path>
         <kind>archive</kind>
         <file>rts430x_lc_rd_eabi.lib</file>
         <name>int61.asm.obj</name>
      </input_file>
      <input_file id="fl-70">
         <path>E:\ti\ccs910\ccs\tools\compiler\ti-cgt-msp430_18.12.2.LTS\lib\</path>
         <kind>archive</kind>
         <file>rts430x_lc_rd_eabi.lib</file>
         <name>int62.asm.obj</name>
      </input_file>
      <input_file id="fl-71">
         <path>E:\ti\ccs910\ccs\tools\compiler\ti-cgt-msp430_18.12.2.LTS\lib\</path>
         <kind>archive</kind>
         <file>rts430x_lc_rd_eabi.lib</file>
         <name>isr_trap.asm.obj</name>
      </input_file>
      <input_file id="fl-72">
         <path>E:\ti\ccs910\ccs\tools\compiler\ti-cgt-msp430_18.12.2.LTS\lib\</path>
         <kind>archive</kind>
         <file>rts430x_lc_rd_eabi.lib</file>
         <name>lsl16.asm.obj</name>
      </input_file>
      <input_file id="fl-73">
         <path>E:\ti\ccs910\ccs\tools\compiler\ti-cgt-msp430_18.12.2.LTS\lib\</path>
         <kind>archive</kind>
         <file>rts430x_lc_rd_eabi.lib</file>
         <name>lsl32.asm.obj</name>
      </input_file>
      <input_file id="fl-74">
         <path>E:\ti\ccs910\ccs\tools\compiler\ti-cgt-msp430_18.12.2.LTS\lib\</path>
         <kind>archive</kind>
         <file>rts430x_lc_rd_eabi.lib</file>
         <name>lsr16.asm.obj</name>
      </input_file>
      <input_file id="fl-75">
         <path>E:\ti\ccs910\ccs\tools\compiler\ti-cgt-msp430_18.12.2.LTS\lib\</path>
         <kind>archive</kind>
         <file>rts430x_lc_rd_eabi.lib</file>
         <name>lsr32.asm.obj</name>
      </input_file>
      <input_file id="fl-76">
         <path>E:\ti\ccs910\ccs\tools\compiler\ti-cgt-msp430_18.12.2.LTS\lib\</path>
         <kind>archive</kind>
         <file>rts430x_lc_rd_eabi.lib</file>
         <name>mult16.asm.obj</name>
      </input_file>
      <input_file id="fl-77">
         <path>E:\ti\ccs910\ccs\tools\compiler\ti-cgt-msp430_18.12.2.LTS\lib\</path>
         <kind>archive</kind>
         <file>rts430x_lc_rd_eabi.lib</file>
         <name>mult16_f5hw.asm.obj</name>
      </input_file>
      <input_file id="fl-78">
         <path>E:\ti\ccs910\ccs\tools\compiler\ti-cgt-msp430_18.12.2.LTS\lib\</path>
         <kind>archive</kind>
         <file>rts430x_lc_rd_eabi.lib</file>
         <name>mult1632_f5hw.asm.obj</name>
      </input_file>
      <input_file id="fl-79">
         <path>E:\ti\ccs910\ccs\tools\compiler\ti-cgt-msp430_18.12.2.LTS\lib\</path>
         <kind>archive</kind>
         <file>rts430x_lc_rd_eabi.lib</file>
         <name>mult32.asm.obj</name>
      </input_file>
      <input_file id="fl-7a">
         <path>E:\ti\ccs910\ccs\tools\compiler\ti-cgt-msp430_18.12.2.LTS\lib\</path>
         <kind>archive</kind>
         <file>rts430x_lc_rd_eabi.lib</file>
         <name>mult32_f5hw.asm.obj</name>
      </input_file>
      <input_file id="fl-7b">
         <path>E:\ti\ccs910\ccs\tools\compiler\ti-cgt-msp430_18.12.2.LTS\lib\</path>
         <kind>archive</kind>
         <file>rts430x_lc_rd_eabi.lib</file>
         <name>mult3264_f5hw.asm.obj</name>
      </input_file>
      <input_file id="fl-7c">
         <path>E:\ti\ccs910\ccs\tools\compiler\ti-cgt-msp430_18.12.2.LTS\lib\</path>
         <kind>archive</kind>
         <file>rts430x_lc_rd_eabi.lib</file>
         <name>mult64_f5hw.asm.obj</name>
      </input_file>
      <input_file id="fl-7d">
         <path>E:\ti\ccs910\ccs\tools\compiler\ti-cgt-msp430_18.12.2.LTS\lib\</path>
         <kind>archive</kind>
         <file>rts430x_lc_rd_eabi.lib</file>
         <name>boot.c.obj</name>
      </input_file>
      <input_file id="fl-7e">
         <path>E:\ti\ccs910\ccs\tools\compiler\ti-cgt-msp430_18.12.2.LTS\lib\</path>
         <kind>archive</kind>
         <file>rts430x_lc_rd_eabi.lib</file>
         <name>autoinit.c.obj</name>
      </input_file>
      <input_file id="fl-7f">
         <path>E:\ti\ccs910\ccs\tools\compiler\ti-cgt-msp430_18.12.2.LTS\lib\</path>
         <kind>archive</kind>
         <file>rts430x_lc_rd_eabi.lib</file>
         <name>copy_zero_init.c.obj</name>
      </input_file>
      <input_file id="fl-80">
         <path>E:\ti\ccs910\ccs\tools\compiler\ti-cgt-msp430_18.12.2.LTS\lib\</path>
         <kind>archive</kind>
         <file>rts430x_lc_rd_eabi.lib</file>
         <name>cpy_tbl.c.obj</name>
      </input_file>
      <input_file id="fl-81">
         <path>E:\ti\ccs910\ccs\tools\compiler\ti-cgt-msp430_18.12.2.LTS\lib\</path>
         <kind>archive</kind>
         <file>rts430x_lc_rd_eabi.lib</file>
         <name>mpu_init.c.obj</name>
      </input_file>
      <input_file id="fl-82">
         <path>E:\ti\ccs910\ccs\tools\compiler\ti-cgt-msp430_18.12.2.LTS\lib\</path>
         <kind>archive</kind>
         <file>rts430x_lc_rd_eabi.lib</file>
         <name>startup.c.obj</name>
      </input_file>
      <input_file id="fl-83">
         <path>E:\ti\ccs910\ccs\tools\compiler\ti-cgt-msp430_18.12.2.LTS\lib\</path>
         <kind>archive</kind>
         <file>rts430x_lc_rd_eabi.lib</file>
         <name>copy_decompress_none.c.obj</name>
      </input_file>
      <input_file id="fl-84">
         <path>E:\ti\ccs910\ccs\tools\compiler\ti-cgt-msp430_18.12.2.LTS\lib\</path>
         <kind>archive</kind>
         <file>rts430x_lc_rd_eabi.lib</file>
         <name>copy_decompress_lzss.c.obj</name>
      </input_file>
      <input_file id="fl-85">
         <path>E:\ti\ccs910\ccs\tools\compiler\ti-cgt-msp430_18.12.2.LTS\lib\</path>
         <kind>archive</kind>
         <file>rts430x_lc_rd_eabi.lib</file>
         <name>exit.c.obj</name>
      </input_file>
      <input_file id="fl-86">
         <path>E:\ti\ccs910\ccs\tools\compiler\ti-cgt-msp430_18.12.2.LTS\lib\</path>
         <kind>archive</kind>
         <file>rts430x_lc_rd_eabi.lib</file>
         <name>_lock.c.obj</name>
      </input_file>
      <input_file id="fl-87">
         <path>E:\ti\ccs910\ccs\tools\compiler\ti-cgt-msp430_18.12.2.LTS\lib\</path>
         <kind>archive</kind>
         <file>rts430x_lc_rd_eabi.lib</file>
         <name>args_main.c.obj</name>
      </input_file>
      <input_file id="fl-88">
         <path>E:\ti\ccs910\ccs\tools\compiler\ti-cgt-msp430_18.12.2.LTS\lib\</path>
         <kind>archive</kind>
         <file>rts430x_lc_rd_eabi.lib</file>
         <name>memcpy.c.obj</name>
      </input_file>
      <input_file id="fl-89">
         <path>E:\ti\ccs910\ccs\tools\compiler\ti-cgt-msp430_18.12.2.LTS\lib\</path>
         <kind>archive</kind>
         <file>rts430x_lc_rd_eabi.lib</file>
         <name>memset.c.obj</name>
      </input_file>
      <input_file id="fl-8a">
         <path>E:\ti\ccs910\ccs\tools\compiler\ti-cgt-msp430_18.12.2.LTS\lib\</path>
         <kind>archive</kind>
         <file>rts430x_lc_rd_eabi.lib</file>
         <name>_printfi_min.c.obj</name>
      </input_file>
      <input_file id="fl-8b">
         <path>E:\ti\ccs910\ccs\tools\compiler\ti-cgt-msp430_18.12.2.LTS\lib\</path>
         <kind>archive</kind>
         <file>rts430x_lc_rd_eabi.lib</file>
         <name>exit_gvars.c.obj</name>
      </input_file>
      <input_file id="fl-8c">
         <path>E:\ti\ccs910\ccs\tools\compiler\ti-cgt-msp430_18.12.2.LTS\lib\</path>
         <kind>archive</kind>
         <file>rts430x_lc_rd_eabi.lib</file>
         <name>lsr64.c.obj</name>
      </input_file>
      <input_file id="fl-8d">
         <path>E:\ti\ccs910\ccs\tools\compiler\ti-cgt-msp430_18.12.2.LTS\lib\</path>
         <kind>archive</kind>
         <file>rts430x_lc_rd_eabi.lib</file>
         <name>memccpy.c.obj</name>
      </input_file>
      <input_file id="fl-8e">
         <path>E:\ti\ccs910\ccs\tools\compiler\ti-cgt-msp430_18.12.2.LTS\lib\</path>
         <kind>archive</kind>
         <file>rts430x_lc_rd_eabi.lib</file>
         <name>strlen.c.obj</name>
      </input_file>
   </input_file_list>
   <object_component_list>
      <object_component id="oc-630">
         <name>.bss:CdcControl</name>
         <uninitialized>true</uninitialized>
         <run_address>0x2554</run_address>
         <size>0x8</size>
         <input_file_ref idref="fl-6"/>
      </object_component>
      <object_component id="oc-54c">
         <name>.bss:CdcWriteCtrl</name>
         <uninitialized>true</uninitialized>
         <run_address>0x253c</run_address>
         <size>0xc</size>
         <input_file_ref idref="fl-6"/>
      </object_component>
      <object_component id="oc-55a">
         <name>.bss:CdcReadCtrl</name>
         <uninitialized>true</uninitialized>
         <run_address>0x2522</run_address>
         <size>0x1a</size>
         <input_file_ref idref="fl-6"/>
      </object_component>
      <object_component id="oc-52d">
         <name>.bss</name>
         <uninitialized>true</uninitialized>
         <run_address>0x2548</run_address>
         <size>0xb</size>
         <input_file_ref idref="fl-7"/>
      </object_component>
      <object_component id="oc-41e">
         <name>.common:bcUartRcvBuf</name>
         <uninitialized>true</uninitialized>
         <run_address>0x2400</run_address>
         <size>0x80</size>
      </object_component>
      <object_component id="oc-5a0">
         <name>.common:buf_usbToBcuart</name>
         <uninitialized>true</uninitialized>
         <run_address>0x2480</run_address>
         <size>0x80</size>
      </object_component>
      <object_component id="oc-530">
         <name>.common:wBytesRemainingOnIEP0</name>
         <uninitialized>true</uninitialized>
         <run_address>0x2574</run_address>
         <size>0x2</size>
      </object_component>
      <object_component id="oc-531">
         <name>.common:wBytesRemainingOnOEP0</name>
         <uninitialized>true</uninitialized>
         <run_address>0x2576</run_address>
         <size>0x2</size>
      </object_component>
      <object_component id="oc-4db">
         <name>.common:abUsbRequestReturnData</name>
         <uninitialized>true</uninitialized>
         <run_address>0x2564</run_address>
         <size>0x8</size>
      </object_component>
      <object_component id="oc-62a">
         <name>.common:abUsbRequestIncomingData</name>
         <uninitialized>true</uninitialized>
         <run_address>0x255c</run_address>
         <size>0x8</size>
      </object_component>
      <object_component id="oc-803">
         <name>.common:abramSerialStringDescriptor</name>
         <uninitialized>true</uninitialized>
         <run_address>0x2500</run_address>
         <size>0x22</size>
      </object_component>
      <object_component id="oc-4da">
         <name>.common:bStatusAction</name>
         <uninitialized>true</uninitialized>
         <run_address>0x2553</run_address>
         <size>0x1</size>
      </object_component>
      <object_component id="oc-428">
         <name>.common:wUsbEventMask</name>
         <uninitialized>true</uninitialized>
         <run_address>0x2578</run_address>
         <size>0x2</size>
      </object_component>
      <object_component id="oc-555">
         <name>.common:USB_TX_memcpy</name>
         <uninitialized>true</uninitialized>
         <run_address>0x2570</run_address>
         <size>0x4</size>
      </object_component>
      <object_component id="oc-65d">
         <name>.common:USB_RX_memcpy</name>
         <uninitialized>true</uninitialized>
         <run_address>0x256c</run_address>
         <size>0x4</size>
      </object_component>
      <object_component id="oc-41b">
         <name>.data</name>
         <load_address>0x2582</load_address>
         <run_address>0x2582</run_address>
         <size>0x3</size>
         <input_file_ref idref="fl-2"/>
      </object_component>
      <object_component id="oc-414">
         <name>.data</name>
         <load_address>0x2586</load_address>
         <run_address>0x2586</run_address>
         <size>0x2</size>
         <input_file_ref idref="fl-4"/>
      </object_component>
      <object_component id="oc-514">
         <name>.data</name>
         <load_address>0x257a</load_address>
         <run_address>0x257a</run_address>
         <size>0x8</size>
         <input_file_ref idref="fl-7"/>
      </object_component>
      <object_component id="oc-38d">
         <name>.stack</name>
         <uninitialized>true</uninitialized>
         <run_address>0x4360</run_address>
         <size>0x4</size>
         <input_file_ref idref="fl-7d"/>
      </object_component>
      <object_component id="oc-93a">
         <name>.stack</name>
         <uninitialized>true</uninitialized>
         <run_address>0x4360</run_address>
         <size>0x0</size>
      </object_component>
      <object_component id="oc-479">
         <name>.text:CdcToHostFromBuffer</name>
         <load_address>0x10000</load_address>
         <run_address>0x10000</run_address>
         <size>0x364</size>
         <input_file_ref idref="fl-6"/>
      </object_component>
      <object_component id="oc-491">
         <name>.text:CdcToBufferFromHost</name>
         <load_address>0x10364</load_address>
         <run_address>0x10364</run_address>
         <size>0x2a6</size>
         <input_file_ref idref="fl-6"/>
      </object_component>
      <object_component id="oc-455">
         <name>.text:USB_reset</name>
         <load_address>0x1060a</load_address>
         <run_address>0x1060a</run_address>
         <size>0x1d8</size>
         <input_file_ref idref="fl-7"/>
      </object_component>
      <object_component id="oc-77e">
         <name>.text:USB_InitSerialStringDescriptor</name>
         <load_address>0x107e2</load_address>
         <run_address>0x107e2</run_address>
         <size>0x142</size>
         <input_file_ref idref="fl-7"/>
      </object_component>
      <object_component id="oc-4ff">
         <name>.text:USB_determineFreq</name>
         <load_address>0x10924</load_address>
         <run_address>0x10924</run_address>
         <size>0x138</size>
         <input_file_ref idref="fl-7"/>
      </object_component>
      <object_component id="oc-56c">
         <name>.text:CopyUsbToBuff</name>
         <load_address>0x10a5c</load_address>
         <run_address>0x10a5c</run_address>
         <size>0x136</size>
         <input_file_ref idref="fl-6"/>
      </object_component>
      <object_component id="oc-795">
         <name>.text:_setfield</name>
         <load_address>0x10b92</load_address>
         <run_address>0x10b92</run_address>
         <size>0x132</size>
         <input_file_ref idref="fl-8a"/>
      </object_component>
      <object_component id="oc-770">
         <name>.text:UCS_initFLL</name>
         <load_address>0x10cc4</load_address>
         <run_address>0x10cc4</run_address>
         <size>0x12e</size>
         <input_file_ref idref="fl-32"/>
      </object_component>
      <object_component id="oc-660">
         <name>.text:PMM_setVCoreUp</name>
         <load_address>0x10df2</load_address>
         <run_address>0x10df2</run_address>
         <size>0x10e</size>
         <input_file_ref idref="fl-24"/>
      </object_component>
      <object_component id="oc-4dc">
         <name>.text:usbDecodeAndProcessUsbRequest</name>
         <load_address>0x10f00</load_address>
         <run_address>0x10f00</run_address>
         <size>0xfc</size>
         <input_file_ref idref="fl-7"/>
      </object_component>
      <object_component id="oc-507">
         <name>.text:USB_enable</name>
         <load_address>0x10ffc</load_address>
         <run_address>0x10ffc</run_address>
         <size>0xfa</size>
         <input_file_ref idref="fl-7"/>
      </object_component>
      <object_component id="oc-485">
         <name>.text:USBCDC_getBytesInUSBBuffer</name>
         <load_address>0x110f6</load_address>
         <run_address>0x110f6</run_address>
         <size>0xe0</size>
         <input_file_ref idref="fl-6"/>
      </object_component>
      <object_component id="oc-6a7">
         <name>.text:__TI_printfi_minimal</name>
         <load_address>0x111d6</load_address>
         <run_address>0x111d6</run_address>
         <size>0xdc</size>
         <input_file_ref idref="fl-8a"/>
      </object_component>
      <object_component id="oc-841">
         <name>.text:_pproc_diouxp</name>
         <load_address>0x112b2</load_address>
         <run_address>0x112b2</run_address>
         <size>0xda</size>
         <input_file_ref idref="fl-8a"/>
      </object_component>
      <object_component id="oc-4ac">
         <name>.text:main</name>
         <load_address>0x1138c</load_address>
         <run_address>0x1138c</run_address>
         <size>0xce</size>
         <input_file_ref idref="fl-4"/>
      </object_component>
      <object_component id="oc-66e">
         <name>.text:UCS_initClockSignal</name>
         <load_address>0x1145a</load_address>
         <run_address>0x1145a</run_address>
         <size>0xca</size>
         <input_file_ref idref="fl-32"/>
      </object_component>
      <object_component id="oc-666">
         <name>.text:PMM_setVCoreDown</name>
         <load_address>0x11524</load_address>
         <run_address>0x11524</run_address>
         <size>0xc8</size>
         <input_file_ref idref="fl-24"/>
      </object_component>
      <object_component id="oc-686">
         <name>.text:USB_init</name>
         <load_address>0x115ec</load_address>
         <run_address>0x115ec</run_address>
         <size>0xac</size>
         <input_file_ref idref="fl-7"/>
      </object_component>
      <object_component id="oc-831">
         <name>.text:DMA_init</name>
         <load_address>0x11698</load_address>
         <run_address>0x11698</run_address>
         <size>0xa6</size>
         <input_file_ref idref="fl-1a"/>
      </object_component>
      <object_component id="oc-72b">
         <name>.text:usbGetEndpointStatus</name>
         <load_address>0x1173e</load_address>
         <run_address>0x1173e</run_address>
         <size>0xa6</size>
         <input_file_ref idref="fl-7"/>
      </object_component>
      <object_component id="oc-6e3">
         <name>.text:usbGetLineCoding</name>
         <load_address>0x117e4</load_address>
         <run_address>0x117e4</run_address>
         <size>0x9c</size>
         <input_file_ref idref="fl-6"/>
      </object_component>
      <object_component id="oc-821">
         <name>.text:TLV_getInfo</name>
         <load_address>0x11880</load_address>
         <run_address>0x11880</run_address>
         <size>0x90</size>
         <input_file_ref idref="fl-31"/>
      </object_component>
      <object_component id="oc-43d">
         <name>.text:PWRVBUSoffHandler</name>
         <load_address>0x11910</load_address>
         <run_address>0x11910</run_address>
         <size>0x82</size>
         <input_file_ref idref="fl-11"/>
      </object_component>
      <object_component id="oc-519">
         <name>.text:usbSendNextPacketOnIEP0</name>
         <load_address>0x11992</load_address>
         <run_address>0x11992</run_address>
         <size>0x80</size>
         <input_file_ref idref="fl-7"/>
      </object_component>
      <object_component id="oc-837">
         <name>.text:memcpyDMA</name>
         <load_address>0x11a12</load_address>
         <run_address>0x11a12</run_address>
         <size>0x7a</size>
         <input_file_ref idref="fl-8"/>
      </object_component>
      <object_component id="oc-526">
         <name>.text:Handler_SetLineCoding</name>
         <load_address>0x11a8c</load_address>
         <run_address>0x11a8c</run_address>
         <size>0x78</size>
         <input_file_ref idref="fl-6"/>
      </object_component>
      <object_component id="oc-431">
         <name>.text:PWRVBUSonHandler</name>
         <load_address>0x11b04</load_address>
         <run_address>0x11b04</run_address>
         <size>0x76</size>
         <input_file_ref idref="fl-11"/>
      </object_component>
      <object_component id="oc-6d">
         <name>.text:decompress:lzss:__TI_decompress_lzss</name>
         <load_address>0x11b7a</load_address>
         <run_address>0x11b7a</run_address>
         <size>0x76</size>
         <input_file_ref idref="fl-84"/>
      </object_component>
      <object_component id="oc-713">
         <name>.text:usbGetStringDescriptor</name>
         <load_address>0x11bf0</load_address>
         <run_address>0x11bf0</run_address>
         <size>0x74</size>
         <input_file_ref idref="fl-7"/>
      </object_component>
      <object_component id="oc-581">
         <name>.text:PMM_setVCore</name>
         <load_address>0x11c64</load_address>
         <run_address>0x11c64</run_address>
         <size>0x70</size>
         <input_file_ref idref="fl-24"/>
      </object_component>
      <object_component id="oc-58d">
         <name>.text:initClocks</name>
         <load_address>0x11cd4</load_address>
         <run_address>0x11cd4</run_address>
         <size>0x6a</size>
         <input_file_ref idref="fl-3"/>
      </object_component>
      <object_component id="oc-520">
         <name>.text:usbReceiveNextPacketOnOEP0</name>
         <load_address>0x11d3e</load_address>
         <run_address>0x11d3e</run_address>
         <size>0x6a</size>
         <input_file_ref idref="fl-7"/>
      </object_component>
      <object_component id="oc-422">
         <name>.text:SetupPacketInterruptHandler</name>
         <load_address>0x11da8</load_address>
         <run_address>0x11da8</run_address>
         <size>0x5c</size>
         <input_file_ref idref="fl-11"/>
      </object_component>
      <object_component id="oc-784">
         <name>.text:USB_initMemcpy</name>
         <load_address>0x11e04</load_address>
         <run_address>0x11e04</run_address>
         <size>0x5c</size>
         <input_file_ref idref="fl-8"/>
      </object_component>
      <object_component id="oc-674">
         <name>.text</name>
         <load_address>0x11e60</load_address>
         <run_address>0x11e60</run_address>
         <size>0x58</size>
         <input_file_ref idref="fl-5e"/>
      </object_component>
      <object_component id="oc-743">
         <name>.text:usbSetEndpointFeature</name>
         <load_address>0x11eb8</load_address>
         <run_address>0x11eb8</run_address>
         <size>0x56</size>
         <input_file_ref idref="fl-7"/>
      </object_component>
      <object_component id="oc-611">
         <name>.text:UCS_turnOnXT2WithTimeout</name>
         <load_address>0x11f0e</load_address>
         <run_address>0x11f0e</run_address>
         <size>0x54</size>
         <input_file_ref idref="fl-32"/>
      </object_component>
      <object_component id="oc-5d4">
         <name>.text:__TI_auto_init_nobinit_nopinit_hold_wdt:__TI_auto_init_nobinit_nopinit_hold_wdt</name>
         <load_address>0x11f62</load_address>
         <run_address>0x11f62</run_address>
         <size>0x54</size>
         <input_file_ref idref="fl-7e"/>
      </object_component>
      <object_component id="oc-6fb">
         <name>.text:usbClearEndpointFeature</name>
         <load_address>0x11fb6</load_address>
         <run_address>0x11fb6</run_address>
         <size>0x54</size>
         <input_file_ref idref="fl-7"/>
      </object_component>
      <object_component id="oc-883">
         <name>.text:DMA_setDstAddress</name>
         <load_address>0x1200a</load_address>
         <run_address>0x1200a</run_address>
         <size>0x52</size>
         <input_file_ref idref="fl-1a"/>
      </object_component>
      <object_component id="oc-82b">
         <name>.text:memcpyV</name>
         <load_address>0x1205c</load_address>
         <run_address>0x1205c</run_address>
         <size>0x50</size>
         <input_file_ref idref="fl-8"/>
      </object_component>
      <object_component id="oc-87d">
         <name>.text:DMA_setSrcAddress</name>
         <load_address>0x120ac</load_address>
         <run_address>0x120ac</run_address>
         <size>0x4e</size>
         <input_file_ref idref="fl-1a"/>
      </object_component>
      <object_component id="oc-60b">
         <name>.text:GPIO_setAsPeripheralModuleFunctionOutputPin</name>
         <load_address>0x120fa</load_address>
         <run_address>0x120fa</run_address>
         <size>0x4e</size>
         <input_file_ref idref="fl-20"/>
      </object_component>
      <object_component id="oc-67e">
         <name>.text:UCS_initFLLSettle</name>
         <load_address>0x12148</load_address>
         <run_address>0x12148</run_address>
         <size>0x4e</size>
         <input_file_ref idref="fl-32"/>
      </object_component>
      <object_component id="oc-5a9">
         <name>.text:bcUartSend</name>
         <load_address>0x12196</load_address>
         <run_address>0x12196</run_address>
         <size>0x4c</size>
         <input_file_ref idref="fl-2"/>
      </object_component>
      <object_component id="oc-535">
         <name>.text:CdcResetData</name>
         <load_address>0x121e2</load_address>
         <run_address>0x121e2</run_address>
         <size>0x4a</size>
         <input_file_ref idref="fl-6"/>
      </object_component>
      <object_component id="oc-599">
         <name>.text:USB_setup</name>
         <load_address>0x1222c</load_address>
         <run_address>0x1222c</run_address>
         <size>0x4a</size>
         <input_file_ref idref="fl-7"/>
      </object_component>
      <object_component id="oc-79b">
         <name>.text:_pproc_str</name>
         <load_address>0x12276</load_address>
         <run_address>0x12276</run_address>
         <size>0x48</size>
         <input_file_ref idref="fl-8a"/>
      </object_component>
      <object_component id="oc-5a3">
         <name>.text:sprintf</name>
         <load_address>0x122be</load_address>
         <run_address>0x122be</run_address>
         <size>0x44</size>
         <input_file_ref idref="fl-5a"/>
      </object_component>
      <object_component id="oc-587">
         <name>.text:initPorts</name>
         <load_address>0x12302</load_address>
         <run_address>0x12302</run_address>
         <size>0x42</size>
         <input_file_ref idref="fl-3"/>
      </object_component>
      <object_component id="oc-692">
         <name>.text:USB_getConnectionInformation</name>
         <load_address>0x12344</load_address>
         <run_address>0x12344</run_address>
         <size>0x40</size>
         <input_file_ref idref="fl-7"/>
      </object_component>
      <object_component id="oc-62b">
         <name>.text:l_lsl_const</name>
         <load_address>0x12384</load_address>
         <run_address>0x12384</run_address>
         <size>0x3e</size>
         <input_file_ref idref="fl-73"/>
      </object_component>
      <object_component id="oc-679">
         <name>.text:l_lsr_const</name>
         <load_address>0x123c2</load_address>
         <run_address>0x123c2</run_address>
         <size>0x3e</size>
         <input_file_ref idref="fl-75"/>
      </object_component>
      <object_component id="oc-44f">
         <name>.text:OEP0InterruptHandler</name>
         <load_address>0x12400</load_address>
         <run_address>0x12400</run_address>
         <size>0x3c</size>
         <input_file_ref idref="fl-11"/>
      </object_component>
      <object_component id="oc-7d7">
         <name>.text:usbSendDataPacketOnEP0</name>
         <load_address>0x1243c</load_address>
         <run_address>0x1243c</run_address>
         <size>0x38</size>
         <input_file_ref idref="fl-7"/>
      </object_component>
      <object_component id="oc-55e">
         <name>.text:usbDisableOutEndpointInterrupt</name>
         <load_address>0x12474</load_address>
         <run_address>0x12474</run_address>
         <size>0x36</size>
         <input_file_ref idref="fl-7"/>
      </object_component>
      <object_component id="oc-71f">
         <name>.text:usbGetDeviceStatus</name>
         <load_address>0x124aa</load_address>
         <run_address>0x124aa</run_address>
         <size>0x32</size>
         <input_file_ref idref="fl-7"/>
      </object_component>
      <object_component id="oc-737">
         <name>.text:usbSetConfiguration</name>
         <load_address>0x124dc</load_address>
         <run_address>0x124dc</run_address>
         <size>0x32</size>
         <input_file_ref idref="fl-7"/>
      </object_component>
      <object_component id="oc-461">
         <name>.text:USB_suspend</name>
         <load_address>0x1250e</load_address>
         <run_address>0x1250e</run_address>
         <size>0x30</size>
         <input_file_ref idref="fl-7"/>
      </object_component>
      <object_component id="oc-593">
         <name>.text:bcUartInit</name>
         <load_address>0x1253e</load_address>
         <run_address>0x1253e</run_address>
         <size>0x2a</size>
         <input_file_ref idref="fl-2"/>
      </object_component>
      <object_component id="oc-3c6">
         <name>.text:decompress:ZI:__TI_zero_init_nomemset:__TI_zero_init_nomemset</name>
         <load_address>0x12568</load_address>
         <run_address>0x12568</run_address>
         <size>0x24</size>
         <input_file_ref idref="fl-7f"/>
      </object_component>
      <object_component id="oc-7de">
         <name>.text:usbReceiveDataPacketOnEP0</name>
         <load_address>0x1258c</load_address>
         <run_address>0x1258c</run_address>
         <size>0x24</size>
         <input_file_ref idref="fl-7"/>
      </object_component>
      <object_component id="oc-47f">
         <name>.text:CdcIsReceiveInProgress</name>
         <load_address>0x125b0</load_address>
         <run_address>0x125b0</run_address>
         <size>0x22</size>
         <input_file_ref idref="fl-6"/>
      </object_component>
      <object_component id="oc-69b">
         <name>.text:_outs</name>
         <load_address>0x125d2</load_address>
         <run_address>0x125d2</run_address>
         <size>0x20</size>
         <input_file_ref idref="fl-5a"/>
      </object_component>
      <object_component id="oc-731">
         <name>.text:usbSetAddress</name>
         <load_address>0x125f2</load_address>
         <run_address>0x125f2</run_address>
         <size>0x20</size>
         <input_file_ref idref="fl-7"/>
      </object_component>
      <object_component id="oc-88f">
         <name>.text:DMA_setTransferSize</name>
         <load_address>0x12612</load_address>
         <run_address>0x12612</run_address>
         <size>0x1e</size>
         <input_file_ref idref="fl-1a"/>
      </object_component>
      <object_component id="oc-847">
         <name>.text:memccpy</name>
         <load_address>0x12630</load_address>
         <run_address>0x12630</run_address>
         <size>0x1e</size>
         <input_file_ref idref="fl-8d"/>
      </object_component>
      <object_component id="oc-719">
         <name>.text:usbGetInterface</name>
         <load_address>0x1264e</load_address>
         <run_address>0x1264e</run_address>
         <size>0x1e</size>
         <input_file_ref idref="fl-7"/>
      </object_component>
      <object_component id="oc-725">
         <name>.text:usbGetInterfaceStatus</name>
         <load_address>0x1266c</load_address>
         <run_address>0x1266c</run_address>
         <size>0x1e</size>
         <input_file_ref idref="fl-7"/>
      </object_component>
      <object_component id="oc-449">
         <name>.text:IEP0InterruptHandler</name>
         <load_address>0x1268a</load_address>
         <run_address>0x1268a</run_address>
         <size>0x1c</size>
         <input_file_ref idref="fl-11"/>
      </object_component>
      <object_component id="oc-50d">
         <name>.text:USB_connect</name>
         <load_address>0x126a6</load_address>
         <run_address>0x126a6</run_address>
         <size>0x1a</size>
         <input_file_ref idref="fl-7"/>
      </object_component>
      <object_component id="oc-8a7">
         <name>.text:DMA_disableTransfers</name>
         <load_address>0x126c0</load_address>
         <run_address>0x126c0</run_address>
         <size>0x18</size>
         <input_file_ref idref="fl-1a"/>
      </object_component>
      <object_component id="oc-895">
         <name>.text:DMA_enableTransfers</name>
         <load_address>0x126d8</load_address>
         <run_address>0x126d8</run_address>
         <size>0x18</size>
         <input_file_ref idref="fl-1a"/>
      </object_component>
      <object_component id="oc-633">
         <name>.text:USBCDC_handleSetLineCoding</name>
         <load_address>0x126f0</load_address>
         <run_address>0x126f0</run_address>
         <size>0x18</size>
         <input_file_ref idref="fl-10"/>
      </object_component>
      <object_component id="oc-46d">
         <name>.text:USB_resume</name>
         <load_address>0x12708</load_address>
         <run_address>0x12708</run_address>
         <size>0x18</size>
         <input_file_ref idref="fl-7"/>
      </object_component>
      <object_component id="oc-547">
         <name>.text</name>
         <load_address>0x12720</load_address>
         <run_address>0x12720</run_address>
         <size>0x18</size>
         <input_file_ref idref="fl-77"/>
      </object_component>
      <object_component id="oc-6f5">
         <name>.text:usbClearDeviceFeature</name>
         <load_address>0x12738</load_address>
         <run_address>0x12738</run_address>
         <size>0x18</size>
         <input_file_ref idref="fl-7"/>
      </object_component>
      <object_component id="oc-73d">
         <name>.text:usbSetDeviceFeature</name>
         <load_address>0x12750</load_address>
         <run_address>0x12750</run_address>
         <size>0x18</size>
         <input_file_ref idref="fl-7"/>
      </object_component>
      <object_component id="oc-89b">
         <name>.text:DMA_startTransfer</name>
         <load_address>0x12768</load_address>
         <run_address>0x12768</run_address>
         <size>0x16</size>
         <input_file_ref idref="fl-1a"/>
      </object_component>
      <object_component id="oc-63f">
         <name>.text:memset</name>
         <load_address>0x1277e</load_address>
         <run_address>0x1277e</run_address>
         <size>0x16</size>
         <input_file_ref idref="fl-89"/>
      </object_component>
      <object_component id="oc-5fe">
         <name>.text</name>
         <load_address>0x12794</load_address>
         <run_address>0x12794</run_address>
         <size>0x16</size>
         <input_file_ref idref="fl-5c"/>
      </object_component>
      <object_component id="oc-70d">
         <name>.text:usbGetConfigurationDescriptor</name>
         <load_address>0x127aa</load_address>
         <run_address>0x127aa</run_address>
         <size>0x16</size>
         <input_file_ref idref="fl-7"/>
      </object_component>
      <object_component id="oc-707">
         <name>.text:usbGetDeviceDescriptor</name>
         <load_address>0x127c0</load_address>
         <run_address>0x127c0</run_address>
         <size>0x16</size>
         <input_file_ref idref="fl-7"/>
      </object_component>
      <object_component id="oc-8a1">
         <name>.text:DMA_getInterruptStatus</name>
         <load_address>0x127d6</load_address>
         <run_address>0x127d6</run_address>
         <size>0x14</size>
         <input_file_ref idref="fl-1a"/>
      </object_component>
      <object_component id="oc-437">
         <name>.text:USB_handleVbusOnEvent</name>
         <load_address>0x127ea</load_address>
         <run_address>0x127ea</run_address>
         <size>0x14</size>
         <input_file_ref idref="fl-10"/>
      </object_component>
      <object_component id="oc-6a1">
         <name>.text:_outc</name>
         <load_address>0x127fe</load_address>
         <run_address>0x127fe</run_address>
         <size>0x14</size>
         <input_file_ref idref="fl-5a"/>
      </object_component>
      <object_component id="oc-39c">
         <name>.text:memcpy</name>
         <load_address>0x12812</load_address>
         <run_address>0x12812</run_address>
         <size>0x14</size>
         <input_file_ref idref="fl-88"/>
      </object_component>
      <object_component id="oc-701">
         <name>.text:usbGetConfiguration</name>
         <load_address>0x12826</load_address>
         <run_address>0x12826</run_address>
         <size>0x14</size>
         <input_file_ref idref="fl-7"/>
      </object_component>
      <object_component id="oc-6ef">
         <name>.text:usbSetControlLineState</name>
         <load_address>0x1283a</load_address>
         <run_address>0x1283a</run_address>
         <size>0x14</size>
         <input_file_ref idref="fl-6"/>
      </object_component>
      <object_component id="oc-73">
         <name>.text:decompress:none:__TI_decompress_none</name>
         <load_address>0x1284e</load_address>
         <run_address>0x1284e</run_address>
         <size>0x12</size>
         <input_file_ref idref="fl-83"/>
      </object_component>
      <object_component id="oc-749">
         <name>.text:usbSetInterface</name>
         <load_address>0x12860</load_address>
         <run_address>0x12860</run_address>
         <size>0x12</size>
         <input_file_ref idref="fl-7"/>
      </object_component>
      <object_component id="oc-7e5">
         <name>.text:USBCDC_handleSetControlLineState</name>
         <load_address>0x12872</load_address>
         <run_address>0x12872</run_address>
         <size>0x10</size>
         <input_file_ref idref="fl-10"/>
      </object_component>
      <object_component id="oc-68c">
         <name>.text:USB_setEnabledEvents</name>
         <load_address>0x12882</load_address>
         <run_address>0x12882</run_address>
         <size>0x10</size>
         <input_file_ref idref="fl-7"/>
      </object_component>
      <object_component id="oc-78f">
         <name>.text:strlen</name>
         <load_address>0x12892</load_address>
         <run_address>0x12892</run_address>
         <size>0xe</size>
         <input_file_ref idref="fl-8e"/>
      </object_component>
      <object_component id="oc-74f">
         <name>.text:usbInvalidRequest</name>
         <load_address>0x128a0</load_address>
         <run_address>0x128a0</run_address>
         <size>0xe</size>
         <input_file_ref idref="fl-7"/>
      </object_component>
      <object_component id="oc-564">
         <name>.text:usbRestoreOutEndpointInterrupt</name>
         <load_address>0x128ae</load_address>
         <run_address>0x128ae</run_address>
         <size>0xe</size>
         <input_file_ref idref="fl-7"/>
      </object_component>
      <object_component id="oc-7eb">
         <name>.text:usbSendZeroLengthPacketOnIEP0</name>
         <load_address>0x128bc</load_address>
         <run_address>0x128bc</run_address>
         <size>0xe</size>
         <input_file_ref idref="fl-7"/>
      </object_component>
      <object_component id="oc-48b">
         <name>.text:USBCDC_handleDataReceived</name>
         <load_address>0x128ca</load_address>
         <run_address>0x128ca</run_address>
         <size>0xc</size>
         <input_file_ref idref="fl-10"/>
      </object_component>
      <object_component id="oc-572">
         <name>.text:USBCDC_handleReceiveCompleted</name>
         <load_address>0x128d6</load_address>
         <run_address>0x128d6</run_address>
         <size>0xc</size>
         <input_file_ref idref="fl-10"/>
      </object_component>
      <object_component id="oc-54f">
         <name>.text:USBCDC_handleSendCompleted</name>
         <load_address>0x128e2</load_address>
         <run_address>0x128e2</run_address>
         <size>0xc</size>
         <input_file_ref idref="fl-10"/>
      </object_component>
      <object_component id="oc-6e9">
         <name>.text:usbSetLineCoding</name>
         <load_address>0x128ee</load_address>
         <run_address>0x128ee</run_address>
         <size>0xc</size>
         <input_file_ref idref="fl-6"/>
      </object_component>
      <object_component id="oc-4a6">
         <name>.text:_system_pre_init</name>
         <load_address>0x128fa</load_address>
         <run_address>0x128fa</run_address>
         <size>0xa</size>
         <input_file_ref idref="fl-5"/>
      </object_component>
      <object_component id="oc-5f9">
         <name>.text</name>
         <load_address>0x12904</load_address>
         <run_address>0x12904</run_address>
         <size>0xa</size>
         <input_file_ref idref="fl-72"/>
      </object_component>
      <object_component id="oc-603">
         <name>.text</name>
         <load_address>0x1290e</load_address>
         <run_address>0x1290e</run_address>
         <size>0xa</size>
         <input_file_ref idref="fl-74"/>
      </object_component>
      <object_component id="oc-7f2">
         <name>.text:usbStallEndpoint0</name>
         <load_address>0x12918</load_address>
         <run_address>0x12918</run_address>
         <size>0xa</size>
         <input_file_ref idref="fl-7"/>
      </object_component>
      <object_component id="oc-53d">
         <name>.text:UCS_turnOffXT2</name>
         <load_address>0x12922</load_address>
         <run_address>0x12922</run_address>
         <size>0x8</size>
         <input_file_ref idref="fl-32"/>
      </object_component>
      <object_component id="oc-877">
         <name>.text:DMA_disableTransferDuringReadModifyWrite</name>
         <load_address>0x1292a</load_address>
         <run_address>0x1292a</run_address>
         <size>0x6</size>
         <input_file_ref idref="fl-1a"/>
      </object_component>
      <object_component id="oc-889">
         <name>.text:DMA_enableTransferDuringReadModifyWrite</name>
         <load_address>0x12930</load_address>
         <run_address>0x12930</run_address>
         <size>0x6</size>
         <input_file_ref idref="fl-1a"/>
      </object_component>
      <object_component id="oc-778">
         <name>.text:USB_getVersion</name>
         <load_address>0x12936</load_address>
         <run_address>0x12936</run_address>
         <size>0x6</size>
         <input_file_ref idref="fl-7"/>
      </object_component>
      <object_component id="oc-5b0">
         <name>.text:abort</name>
         <load_address>0x1293c</load_address>
         <run_address>0x1293c</run_address>
         <size>0x6</size>
         <input_file_ref idref="fl-85"/>
      </object_component>
      <object_component id="oc-61d">
         <name>.text:usbClearOEP0ByteCount</name>
         <load_address>0x12942</load_address>
         <run_address>0x12942</run_address>
         <size>0x6</size>
         <input_file_ref idref="fl-7"/>
      </object_component>
      <object_component id="oc-623">
         <name>.text:usbStallOEP0</name>
         <load_address>0x12948</load_address>
         <run_address>0x12948</run_address>
         <size>0x6</size>
         <input_file_ref idref="fl-7"/>
      </object_component>
      <object_component id="oc-42b">
         <name>.text:USB_handleClockEvent</name>
         <load_address>0x1294e</load_address>
         <run_address>0x1294e</run_address>
         <size>0x4</size>
         <input_file_ref idref="fl-10"/>
      </object_component>
      <object_component id="oc-80d">
         <name>.text:USB_handleEnumerationCompleteEvent</name>
         <load_address>0x12952</load_address>
         <run_address>0x12952</run_address>
         <size>0x4</size>
         <input_file_ref idref="fl-10"/>
      </object_component>
      <object_component id="oc-45b">
         <name>.text:USB_handleResetEvent</name>
         <load_address>0x12956</load_address>
         <run_address>0x12956</run_address>
         <size>0x4</size>
         <input_file_ref idref="fl-10"/>
      </object_component>
      <object_component id="oc-473">
         <name>.text:USB_handleResumeEvent</name>
         <load_address>0x1295a</load_address>
         <run_address>0x1295a</run_address>
         <size>0x4</size>
         <input_file_ref idref="fl-10"/>
      </object_component>
      <object_component id="oc-467">
         <name>.text:USB_handleSuspendEvent</name>
         <load_address>0x1295e</load_address>
         <run_address>0x1295e</run_address>
         <size>0x4</size>
         <input_file_ref idref="fl-10"/>
      </object_component>
      <object_component id="oc-443">
         <name>.text:USB_handleVbusOffEvent</name>
         <load_address>0x12962</load_address>
         <run_address>0x12962</run_address>
         <size>0x4</size>
         <input_file_ref idref="fl-10"/>
      </object_component>
      <object_component id="oc-6c2">
         <name>.text:_system_post_cinit</name>
         <load_address>0x12966</load_address>
         <run_address>0x12966</run_address>
         <size>0x2</size>
         <input_file_ref idref="fl-82"/>
      </object_component>
      <object_component id="oc-3ba">
         <name>.text:_isr:iUsbInterruptHandler</name>
         <load_address>0x4400</load_address>
         <run_address>0x4400</run_address>
         <size>0x1b0</size>
         <input_file_ref idref="fl-11"/>
      </object_component>
      <object_component id="oc-3ae">
         <name>.text:_isr:Port_2</name>
         <load_address>0x45b0</load_address>
         <run_address>0x45b0</run_address>
         <size>0x56</size>
         <input_file_ref idref="fl-4"/>
      </object_component>
      <object_component id="oc-3b4">
         <name>.text:_isr:bcUartISR</name>
         <load_address>0x4606</load_address>
         <run_address>0x4606</run_address>
         <size>0x28</size>
         <input_file_ref idref="fl-2"/>
      </object_component>
      <object_component id="oc-3d8">
         <name>.text:_isr:_c_int00_noargs</name>
         <load_address>0x462e</load_address>
         <run_address>0x462e</run_address>
         <size>0x1c</size>
         <input_file_ref idref="fl-7d"/>
      </object_component>
      <object_component id="oc-3a9">
         <name>.text:_isr:__TI_ISR_TRAP</name>
         <load_address>0x464a</load_address>
         <run_address>0x464a</run_address>
         <size>0x8</size>
         <input_file_ref idref="fl-71"/>
      </object_component>
      <object_component id="oc-3c0">
         <name>.text:_isr:Timer_A0</name>
         <load_address>0x4652</load_address>
         <run_address>0x4652</run_address>
         <size>0x6</size>
         <input_file_ref idref="fl-4"/>
      </object_component>
      <object_component id="oc-939">
         <name>.cinit..data.load</name>
         <load_address>0x48d8</load_address>
         <run_address>0x48d8</run_address>
         <size>0xd</size>
      </object_component>
      <object_component id="oc-936">
         <name>__TI_handler_table</name>
         <load_address>0x48e6</load_address>
         <run_address>0x48e6</run_address>
         <size>0xc</size>
      </object_component>
      <object_component id="oc-938">
         <name>.cinit..bss.load</name>
         <load_address>0x48f2</load_address>
         <run_address>0x48f2</run_address>
         <size>0x6</size>
      </object_component>
      <object_component id="oc-937">
         <name>__TI_cinit_table</name>
         <load_address>0x48f8</load_address>
         <run_address>0x48f8</run_address>
         <size>0x10</size>
      </object_component>
      <object_component id="oc-5ef">
         <name>.const:tUsbRequestList</name>
         <load_address>0x4658</load_address>
         <run_address>0x4658</run_address>
         <size>0x10a</size>
         <input_file_ref idref="fl-12"/>
      </object_component>
      <object_component id="oc-804">
         <name>.const:.string:abromStringDescriptor</name>
         <load_address>0x4762</load_address>
         <run_address>0x4762</run_address>
         <size>0xb6</size>
         <input_file_ref idref="fl-12"/>
      </object_component>
      <object_component id="oc-7ff">
         <name>.const:abromConfigurationDescriptorGroup</name>
         <load_address>0x4818</load_address>
         <run_address>0x4818</run_address>
         <size>0x43</size>
         <input_file_ref idref="fl-12"/>
      </object_component>
      <object_component id="oc-75c">
         <name>.const:GPIO_PORT_TO_BASE</name>
         <load_address>0x485c</load_address>
         <run_address>0x485c</run_address>
         <size>0x1c</size>
         <input_file_ref idref="fl-20"/>
      </object_component>
      <object_component id="oc-840">
         <name>.const:.string</name>
         <load_address>0x4878</load_address>
         <run_address>0x4878</run_address>
         <size>0x14</size>
         <input_file_ref idref="fl-8a"/>
      </object_component>
      <object_component id="oc-619">
         <name>.const:.string</name>
         <load_address>0x488c</load_address>
         <run_address>0x488c</run_address>
         <size>0x14</size>
         <input_file_ref idref="fl-7"/>
      </object_component>
      <object_component id="oc-7fb">
         <name>.const:.string:abromDeviceDescriptor</name>
         <load_address>0x48a0</load_address>
         <run_address>0x48a0</run_address>
         <size>0x12</size>
         <input_file_ref idref="fl-12"/>
      </object_component>
      <object_component id="oc-532">
         <name>.const:stUsbHandle</name>
         <load_address>0x48b2</load_address>
         <run_address>0x48b2</run_address>
         <size>0x10</size>
         <input_file_ref idref="fl-12"/>
      </object_component>
      <object_component id="oc-59f">
         <name>.const:.string</name>
         <load_address>0x48c2</load_address>
         <run_address>0x48c2</run_address>
         <size>0xc</size>
         <input_file_ref idref="fl-4"/>
      </object_component>
      <object_component id="oc-828">
         <name>.const:$P$T0$1</name>
         <load_address>0x48ce</load_address>
         <run_address>0x48ce</run_address>
         <size>0xa</size>
         <input_file_ref idref="fl-8"/>
      </object_component>
      <object_component id="oc-8c8">
         <name>.binit</name>
         <load_address>0x4400</load_address>
         <run_address>0x4400</run_address>
         <size>0x0</size>
      </object_component>
      <object_component id="oc-79">
         <name>.int41</name>
         <load_address>0xffd2</load_address>
         <run_address>0xffd2</run_address>
         <size>0x2</size>
         <input_file_ref idref="fl-5f"/>
      </object_component>
      <object_component id="oc-7a">
         <name>.int42</name>
         <load_address>0xffd4</load_address>
         <run_address>0xffd4</run_address>
         <size>0x2</size>
         <input_file_ref idref="fl-4"/>
      </object_component>
      <object_component id="oc-7b">
         <name>.int43</name>
         <load_address>0xffd6</load_address>
         <run_address>0xffd6</run_address>
         <size>0x2</size>
         <input_file_ref idref="fl-60"/>
      </object_component>
      <object_component id="oc-7c">
         <name>.int44</name>
         <load_address>0xffd8</load_address>
         <run_address>0xffd8</run_address>
         <size>0x2</size>
         <input_file_ref idref="fl-61"/>
      </object_component>
      <object_component id="oc-7d">
         <name>.int45</name>
         <load_address>0xffda</load_address>
         <run_address>0xffda</run_address>
         <size>0x2</size>
         <input_file_ref idref="fl-62"/>
      </object_component>
      <object_component id="oc-7e">
         <name>.int46</name>
         <load_address>0xffdc</load_address>
         <run_address>0xffdc</run_address>
         <size>0x2</size>
         <input_file_ref idref="fl-2"/>
      </object_component>
      <object_component id="oc-7f">
         <name>.int47</name>
         <load_address>0xffde</load_address>
         <run_address>0xffde</run_address>
         <size>0x2</size>
         <input_file_ref idref="fl-63"/>
      </object_component>
      <object_component id="oc-80">
         <name>.int48</name>
         <load_address>0xffe0</load_address>
         <run_address>0xffe0</run_address>
         <size>0x2</size>
         <input_file_ref idref="fl-64"/>
      </object_component>
      <object_component id="oc-81">
         <name>.int49</name>
         <load_address>0xffe2</load_address>
         <run_address>0xffe2</run_address>
         <size>0x2</size>
         <input_file_ref idref="fl-65"/>
      </object_component>
      <object_component id="oc-82">
         <name>.int50</name>
         <load_address>0xffe4</load_address>
         <run_address>0xffe4</run_address>
         <size>0x2</size>
         <input_file_ref idref="fl-66"/>
      </object_component>
      <object_component id="oc-83">
         <name>.int51</name>
         <load_address>0xffe6</load_address>
         <run_address>0xffe6</run_address>
         <size>0x2</size>
         <input_file_ref idref="fl-11"/>
      </object_component>
      <object_component id="oc-84">
         <name>.int52</name>
         <load_address>0xffe8</load_address>
         <run_address>0xffe8</run_address>
         <size>0x2</size>
         <input_file_ref idref="fl-67"/>
      </object_component>
      <object_component id="oc-85">
         <name>.int53</name>
         <load_address>0xffea</load_address>
         <run_address>0xffea</run_address>
         <size>0x2</size>
         <input_file_ref idref="fl-4"/>
      </object_component>
      <object_component id="oc-86">
         <name>.int54</name>
         <load_address>0xffec</load_address>
         <run_address>0xffec</run_address>
         <size>0x2</size>
         <input_file_ref idref="fl-68"/>
      </object_component>
      <object_component id="oc-87">
         <name>.int55</name>
         <load_address>0xffee</load_address>
         <run_address>0xffee</run_address>
         <size>0x2</size>
         <input_file_ref idref="fl-69"/>
      </object_component>
      <object_component id="oc-88">
         <name>.int56</name>
         <load_address>0xfff0</load_address>
         <run_address>0xfff0</run_address>
         <size>0x2</size>
         <input_file_ref idref="fl-6a"/>
      </object_component>
      <object_component id="oc-89">
         <name>.int57</name>
         <load_address>0xfff2</load_address>
         <run_address>0xfff2</run_address>
         <size>0x2</size>
         <input_file_ref idref="fl-6b"/>
      </object_component>
      <object_component id="oc-8a">
         <name>.int58</name>
         <load_address>0xfff4</load_address>
         <run_address>0xfff4</run_address>
         <size>0x2</size>
         <input_file_ref idref="fl-6c"/>
      </object_component>
      <object_component id="oc-8b">
         <name>.int59</name>
         <load_address>0xfff6</load_address>
         <run_address>0xfff6</run_address>
         <size>0x2</size>
         <input_file_ref idref="fl-6d"/>
      </object_component>
      <object_component id="oc-8c">
         <name>.int60</name>
         <load_address>0xfff8</load_address>
         <run_address>0xfff8</run_address>
         <size>0x2</size>
         <input_file_ref idref="fl-6e"/>
      </object_component>
      <object_component id="oc-8d">
         <name>.int61</name>
         <load_address>0xfffa</load_address>
         <run_address>0xfffa</run_address>
         <size>0x2</size>
         <input_file_ref idref="fl-6f"/>
      </object_component>
      <object_component id="oc-8e">
         <name>.int62</name>
         <load_address>0xfffc</load_address>
         <run_address>0xfffc</run_address>
         <size>0x2</size>
         <input_file_ref idref="fl-70"/>
      </object_component>
      <object_component id="oc-390">
         <name>.reset</name>
         <load_address>0xfffe</load_address>
         <run_address>0xfffe</run_address>
         <size>0x2</size>
         <input_file_ref idref="fl-7d"/>
      </object_component>
      <object_component id="oc-41f">
         <name>.debug_info</name>
         <load_address>0x0</load_address>
         <run_address>0x0</run_address>
         <size>0x2c8</size>
         <input_file_ref idref="fl-2"/>
      </object_component>
      <object_component id="oc-41c">
         <name>.debug_info</name>
         <load_address>0x2c8</load_address>
         <run_address>0x2c8</run_address>
         <size>0x12d</size>
         <input_file_ref idref="fl-2"/>
      </object_component>
      <object_component id="oc-596">
         <name>.debug_info</name>
         <load_address>0x3f5</load_address>
         <run_address>0x3f5</run_address>
         <size>0x112</size>
         <input_file_ref idref="fl-2"/>
      </object_component>
      <object_component id="oc-5aa">
         <name>.debug_info</name>
         <load_address>0x507</load_address>
         <run_address>0x507</run_address>
         <size>0x15c</size>
         <input_file_ref idref="fl-2"/>
      </object_component>
      <object_component id="oc-3b7">
         <name>.debug_info</name>
         <load_address>0x663</load_address>
         <run_address>0x663</run_address>
         <size>0x111</size>
         <input_file_ref idref="fl-2"/>
      </object_component>
      <object_component id="oc-4d5">
         <name>.debug_info</name>
         <load_address>0x774</load_address>
         <run_address>0x774</run_address>
         <size>0x26b</size>
         <input_file_ref idref="fl-2"/>
      </object_component>
      <object_component id="oc-397">
         <name>.debug_info</name>
         <load_address>0x9df</load_address>
         <run_address>0x9df</run_address>
         <size>0x84</size>
         <input_file_ref idref="fl-2"/>
      </object_component>
      <object_component id="oc-579">
         <name>.debug_info</name>
         <load_address>0xa63</load_address>
         <run_address>0xa63</run_address>
         <size>0x275</size>
         <input_file_ref idref="fl-2"/>
      </object_component>
      <object_component id="oc-498">
         <name>.debug_info</name>
         <load_address>0xcd8</load_address>
         <run_address>0xcd8</run_address>
         <size>0xbb</size>
         <input_file_ref idref="fl-2"/>
      </object_component>
      <object_component id="oc-5f8">
         <name>.debug_info</name>
         <load_address>0xd93</load_address>
         <run_address>0xd93</run_address>
         <size>0x404</size>
         <input_file_ref idref="fl-3"/>
      </object_component>
      <object_component id="oc-58a">
         <name>.debug_info</name>
         <load_address>0x1197</load_address>
         <run_address>0x1197</run_address>
         <size>0x107</size>
         <input_file_ref idref="fl-3"/>
      </object_component>
      <object_component id="oc-590">
         <name>.debug_info</name>
         <load_address>0x129e</load_address>
         <run_address>0x129e</run_address>
         <size>0x1b9</size>
         <input_file_ref idref="fl-3"/>
      </object_component>
      <object_component id="oc-4ea">
         <name>.debug_info</name>
         <load_address>0x1457</load_address>
         <run_address>0x1457</run_address>
         <size>0x1da</size>
         <input_file_ref idref="fl-3"/>
      </object_component>
      <object_component id="oc-4fa">
         <name>.debug_info</name>
         <load_address>0x1631</load_address>
         <run_address>0x1631</run_address>
         <size>0x105</size>
         <input_file_ref idref="fl-3"/>
      </object_component>
      <object_component id="oc-4f4">
         <name>.debug_info</name>
         <load_address>0x1736</load_address>
         <run_address>0x1736</run_address>
         <size>0xb30</size>
         <input_file_ref idref="fl-3"/>
      </object_component>
      <object_component id="oc-5a1">
         <name>.debug_info</name>
         <load_address>0x2266</load_address>
         <run_address>0x2266</run_address>
         <size>0x54a</size>
         <input_file_ref idref="fl-4"/>
      </object_component>
      <object_component id="oc-4af">
         <name>.debug_info</name>
         <load_address>0x27b0</load_address>
         <run_address>0x27b0</run_address>
         <size>0x16e</size>
         <input_file_ref idref="fl-4"/>
      </object_component>
      <object_component id="oc-3c3">
         <name>.debug_info</name>
         <load_address>0x291e</load_address>
         <run_address>0x291e</run_address>
         <size>0x109</size>
         <input_file_ref idref="fl-4"/>
      </object_component>
      <object_component id="oc-3b1">
         <name>.debug_info</name>
         <load_address>0x2a27</load_address>
         <run_address>0x2a27</run_address>
         <size>0x124</size>
         <input_file_ref idref="fl-4"/>
      </object_component>
      <object_component id="oc-416">
         <name>.debug_info</name>
         <load_address>0x2b4b</load_address>
         <run_address>0x2b4b</run_address>
         <size>0x8b</size>
         <input_file_ref idref="fl-4"/>
      </object_component>
      <object_component id="oc-7a3">
         <name>.debug_info</name>
         <load_address>0x2bd6</load_address>
         <run_address>0x2bd6</run_address>
         <size>0x2c</size>
         <input_file_ref idref="fl-4"/>
      </object_component>
      <object_component id="oc-4aa">
         <name>.debug_info</name>
         <load_address>0x2c02</load_address>
         <run_address>0x2c02</run_address>
         <size>0x13d</size>
         <input_file_ref idref="fl-5"/>
      </object_component>
      <object_component id="oc-559">
         <name>.debug_info</name>
         <load_address>0x2d3f</load_address>
         <run_address>0x2d3f</run_address>
         <size>0x894</size>
         <input_file_ref idref="fl-6"/>
      </object_component>
      <object_component id="oc-631">
         <name>.debug_info</name>
         <load_address>0x35d3</load_address>
         <run_address>0x35d3</run_address>
         <size>0xf7</size>
         <input_file_ref idref="fl-6"/>
      </object_component>
      <object_component id="oc-54d">
         <name>.debug_info</name>
         <load_address>0x36ca</load_address>
         <run_address>0x36ca</run_address>
         <size>0xfb</size>
[...]
         <value>0x256c</value>
      </symbol>
      <symbol id="sm-695">
         <name>USB_initMemcpy</name>
         <value>0x11e04</value>
         <object_component_ref idref="oc-784"/>
      </symbol>
      <symbol id="sm-696">
         <name>memcpyDMA</name>
         <value>0x11a12</value>
         <object_component_ref idref="oc-837"/>
      </symbol>
      <symbol id="sm-697">
         <name>memcpyV</name>
         <value>0x1205c</value>
         <object_component_ref idref="oc-82b"/>
      </symbol>
      <symbol id="sm-6f5">
         <name>USBCDC_handleSetControlLineState</name>
         <value>0x12872</value>
         <object_component_ref idref="oc-7e5"/>
      </symbol>
      <symbol id="sm-6f6">
         <name>USB_handleSuspendEvent</name>
         <value>0x1295e</value>
         <object_component_ref idref="oc-467"/>
      </symbol>
      <symbol id="sm-6f7">
         <name>USB_handleVbusOnEvent</name>
         <value>0x127ea</value>
         <object_component_ref idref="oc-437"/>
      </symbol>
      <symbol id="sm-6f8">
         <name>USBCDC_handleDataReceived</name>
         <value>0x128ca</value>
         <object_component_ref idref="oc-48b"/>
      </symbol>
      <symbol id="sm-6f9">
         <name>USBCDC_handleReceiveCompleted</name>
         <value>0x128d6</value>
         <object_component_ref idref="oc-572"/>
      </symbol>
      <symbol id="sm-6fa">
         <name>USB_handleEnumerationCompleteEvent</name>
         <value>0x12952</value>
         <object_component_ref idref="oc-80d"/>
      </symbol>
      <symbol id="sm-6fb">
         <name>USB_handleResetEvent</name>
         <value>0x12956</value>
         <object_component_ref idref="oc-45b"/>
      </symbol>
      <symbol id="sm-6fc">
         <name>USBCDC_handleSendCompleted</name>
         <value>0x128e2</value>
         <object_component_ref idref="oc-54f"/>
      </symbol>
      <symbol id="sm-6fd">
         <name>USB_handleVbusOffEvent</name>
         <value>0x12962</value>
         <object_component_ref idref="oc-443"/>
      </symbol>
      <symbol id="sm-6fe">
         <name>USBCDC_handleSetLineCoding</name>
         <value>0x126f0</value>
         <object_component_ref idref="oc-633"/>
      </symbol>
      <symbol id="sm-6ff">
         <name>USB_handleResumeEvent</name>
         <value>0x1295a</value>
         <object_component_ref idref="oc-473"/>
      </symbol>
      <symbol id="sm-700">
         <name>USB_handleClockEvent</name>
         <value>0x1294e</value>
         <object_component_ref idref="oc-42b"/>
      </symbol>
      <symbol id="sm-758">
         <name>IEP0InterruptHandler</name>
         <value>0x1268a</value>
         <object_component_ref idref="oc-449"/>
      </symbol>
      <symbol id="sm-759">
         <name>OEP0InterruptHandler</name>
         <value>0x12400</value>
         <object_component_ref idref="oc-44f"/>
      </symbol>
      <symbol id="sm-75a">
         <name>__TI_int51</name>
         <value>0xffe6</value>
         <object_component_ref idref="oc-83"/>
      </symbol>
      <symbol id="sm-75b">
         <name>PWRVBUSonHandler</name>
         <value>0x11b04</value>
         <object_component_ref idref="oc-431"/>
      </symbol>
      <symbol id="sm-75c">
         <name>SetupPacketInterruptHandler</name>
         <value>0x11da8</value>
         <object_component_ref idref="oc-422"/>
      </symbol>
      <symbol id="sm-75d">
         <name>PWRVBUSoffHandler</name>
         <value>0x11910</value>
         <object_component_ref idref="oc-43d"/>
      </symbol>
      <symbol id="sm-75e">
         <name>iUsbInterruptHandler</name>
         <value>0x4400</value>
         <object_component_ref idref="oc-3ba"/>
      </symbol>
      <symbol id="sm-77c">
         <name>abromConfigurationDescriptorGroup</name>
         <value>0x4818</value>
         <object_component_ref idref="oc-7ff"/>
      </symbol>
      <symbol id="sm-77d">
         <name>tUsbRequestList</name>
         <value>0x4658</value>
         <object_component_ref idref="oc-5ef"/>
      </symbol>
      <symbol id="sm-77e">
         <name>abromDeviceDescriptor</name>
         <value>0x48a0</value>
         <object_component_ref idref="oc-7fb"/>
      </symbol>
      <symbol id="sm-77f">
         <name>abromStringDescriptor</name>
         <value>0x4762</value>
         <object_component_ref idref="oc-804"/>
      </symbol>
      <symbol id="sm-780">
         <name>stUsbHandle</name>
         <value>0x48b2</value>
         <object_component_ref idref="oc-532"/>
      </symbol>
      <symbol id="sm-7d4">
         <name>DMA_setSrcAddress</name>
         <value>0x120ac</value>
         <object_component_ref idref="oc-87d"/>
      </symbol>
      <symbol id="sm-7d5">
         <name>DMA_disableTransferDuringReadModifyWrite</name>
         <value>0x1292a</value>
         <object_component_ref idref="oc-877"/>
      </symbol>
      <symbol id="sm-7d6">
         <name>DMA_setDstAddress</name>
         <value>0x1200a</value>
         <object_component_ref idref="oc-883"/>
      </symbol>
      <symbol id="sm-7d7">
         <name>DMA_enableTransfers</name>
         <value>0x126d8</value>
         <object_component_ref idref="oc-895"/>
      </symbol>
      <symbol id="sm-7d8">
         <name>DMA_disableTransfers</name>
         <value>0x126c0</value>
         <object_component_ref idref="oc-8a7"/>
      </symbol>
      <symbol id="sm-7d9">
         <name>DMA_startTransfer</name>
         <value>0x12768</value>
         <object_component_ref idref="oc-89b"/>
      </symbol>
      <symbol id="sm-7da">
         <name>DMA_setTransferSize</name>
         <value>0x12612</value>
         <object_component_ref idref="oc-88f"/>
      </symbol>
      <symbol id="sm-7db">
         <name>DMA_getInterruptStatus</name>
         <value>0x127d6</value>
         <object_component_ref idref="oc-8a1"/>
      </symbol>
      <symbol id="sm-7dc">
         <name>DMA_enableTransferDuringReadModifyWrite</name>
         <value>0x12930</value>
         <object_component_ref idref="oc-889"/>
      </symbol>
      <symbol id="sm-7dd">
         <name>DMA_init</name>
         <value>0x11698</value>
         <object_component_ref idref="oc-831"/>
      </symbol>
      <symbol id="sm-7f5">
         <name>GPIO_setAsPeripheralModuleFunctionOutputPin</name>
         <value>0x120fa</value>
         <object_component_ref idref="oc-60b"/>
      </symbol>
      <symbol id="sm-81e">
         <name>PMM_setVCore</name>
         <value>0x11c64</value>
         <object_component_ref idref="oc-581"/>
      </symbol>
      <symbol id="sm-81f">
         <name>PMM_setVCoreDown</name>
         <value>0x11524</value>
         <object_component_ref idref="oc-666"/>
      </symbol>
      <symbol id="sm-820">
         <name>PMM_setVCoreUp</name>
         <value>0x10df2</value>
         <object_component_ref idref="oc-660"/>
      </symbol>
      <symbol id="sm-83f">
         <name>TLV_getInfo</name>
         <value>0x11880</value>
         <object_component_ref idref="oc-821"/>
      </symbol>
      <symbol id="sm-889">
         <name>UCS_initClockSignal</name>
         <value>0x1145a</value>
         <object_component_ref idref="oc-66e"/>
      </symbol>
      <symbol id="sm-88a">
         <name>UCS_initFLLSettle</name>
         <value>0x12148</value>
         <object_component_ref idref="oc-67e"/>
      </symbol>
      <symbol id="sm-88b">
         <name>UCS_initFLL</name>
         <value>0x10cc4</value>
         <object_component_ref idref="oc-770"/>
      </symbol>
      <symbol id="sm-88c">
         <name>UCS_turnOffXT2</name>
         <value>0x12922</value>
         <object_component_ref idref="oc-53d"/>
      </symbol>
      <symbol id="sm-88d">
         <name>UCS_turnOnXT2WithTimeout</name>
         <value>0x11f0e</value>
         <object_component_ref idref="oc-611"/>
      </symbol>
      <symbol id="sm-8b3">
         <name>sprintf</name>
         <value>0x122be</value>
         <object_component_ref idref="oc-5a3"/>
      </symbol>
      <symbol id="sm-8be">
         <name>__mspabi_remu</name>
         <value>0x12794</value>
         <object_component_ref idref="oc-5fe"/>
      </symbol>
      <symbol id="sm-8bf">
         <name>__mspabi_divu</name>
         <value>0x12794</value>
         <object_component_ref idref="oc-5fe"/>
      </symbol>
      <symbol id="sm-8ce">
         <name>__mspabi_remul</name>
         <value>0x11e60</value>
         <object_component_ref idref="oc-674"/>
      </symbol>
      <symbol id="sm-8cf">
         <name>__mspabi_divul</name>
         <value>0x11e60</value>
         <object_component_ref idref="oc-674"/>
      </symbol>
      <symbol id="sm-8d2">
         <name>__TI_int41</name>
         <value>0xffd2</value>
         <object_component_ref idref="oc-79"/>
      </symbol>
      <symbol id="sm-8d5">
         <name>__TI_int43</name>
         <value>0xffd6</value>
         <object_component_ref idref="oc-7b"/>
      </symbol>
      <symbol id="sm-8d8">
         <name>__TI_int44</name>
         <value>0xffd8</value>
         <object_component_ref idref="oc-7c"/>
      </symbol>
      <symbol id="sm-8db">
         <name>__TI_int45</name>
         <value>0xffda</value>
         <object_component_ref idref="oc-7d"/>
      </symbol>
      <symbol id="sm-8de">
         <name>__TI_int47</name>
         <value>0xffde</value>
         <object_component_ref idref="oc-7f"/>
      </symbol>
      <symbol id="sm-8e1">
         <name>__TI_int48</name>
         <value>0xffe0</value>
         <object_component_ref idref="oc-80"/>
      </symbol>
      <symbol id="sm-8e4">
         <name>__TI_int49</name>
         <value>0xffe2</value>
         <object_component_ref idref="oc-81"/>
      </symbol>
      <symbol id="sm-8e7">
         <name>__TI_int50</name>
         <value>0xffe4</value>
         <object_component_ref idref="oc-82"/>
      </symbol>
      <symbol id="sm-8ea">
         <name>__TI_int52</name>
         <value>0xffe8</value>
         <object_component_ref idref="oc-84"/>
      </symbol>
      <symbol id="sm-8ed">
         <name>__TI_int54</name>
         <value>0xffec</value>
         <object_component_ref idref="oc-86"/>
      </symbol>
      <symbol id="sm-8f0">
         <name>__TI_int55</name>
         <value>0xffee</value>
         <object_component_ref idref="oc-87"/>
      </symbol>
      <symbol id="sm-8f3">
         <name>__TI_int56</name>
         <value>0xfff0</value>
         <object_component_ref idref="oc-88"/>
      </symbol>
      <symbol id="sm-8f6">
         <name>__TI_int57</name>
         <value>0xfff2</value>
         <object_component_ref idref="oc-89"/>
      </symbol>
      <symbol id="sm-8f9">
         <name>__TI_int58</name>
         <value>0xfff4</value>
         <object_component_ref idref="oc-8a"/>
      </symbol>
      <symbol id="sm-8fc">
         <name>__TI_int59</name>
         <value>0xfff6</value>
         <object_component_ref idref="oc-8b"/>
      </symbol>
      <symbol id="sm-8ff">
         <name>__TI_int60</name>
         <value>0xfff8</value>
         <object_component_ref idref="oc-8c"/>
      </symbol>
      <symbol id="sm-902">
         <name>__TI_int61</name>
         <value>0xfffa</value>
         <object_component_ref idref="oc-8d"/>
      </symbol>
      <symbol id="sm-905">
         <name>__TI_int62</name>
         <value>0xfffc</value>
         <object_component_ref idref="oc-8e"/>
      </symbol>
      <symbol id="sm-90d">
         <name>__TI_ISR_TRAP</name>
         <value>0x464a</value>
         <object_component_ref idref="oc-3a9"/>
      </symbol>
      <symbol id="sm-916">
         <name>__mspabi_slli</name>
         <value>0x12904</value>
         <object_component_ref idref="oc-5f9"/>
      </symbol>
      <symbol id="sm-91e">
         <name>__mspabi_slll_9</name>
         <value>0x1239c</value>
         <object_component_ref idref="oc-62b"/>
      </symbol>
      <symbol id="sm-91f">
         <name>__mspabi_slll_8</name>
         <value>0x123a0</value>
         <object_component_ref idref="oc-62b"/>
      </symbol>
      <symbol id="sm-920">
         <name>__mspabi_slll_7</name>
         <value>0x123a4</value>
         <object_component_ref idref="oc-62b"/>
      </symbol>
      <symbol id="sm-921">
         <name>__mspabi_slll_6</name>
         <value>0x123a8</value>
         <object_component_ref idref="oc-62b"/>
      </symbol>
      <symbol id="sm-922">
         <name>__mspabi_slll_5</name>
         <value>0x123ac</value>
         <object_component_ref idref="oc-62b"/>
      </symbol>
      <symbol id="sm-923">
         <name>__mspabi_slll_4</name>
         <value>0x123b0</value>
         <object_component_ref idref="oc-62b"/>
      </symbol>
      <symbol id="sm-924">
         <name>__mspabi_slll_3</name>
         <value>0x123b4</value>
         <object_component_ref idref="oc-62b"/>
      </symbol>
      <symbol id="sm-925">
         <name>__mspabi_slll_2</name>
         <value>0x123b8</value>
         <object_component_ref idref="oc-62b"/>
      </symbol>
      <symbol id="sm-926">
         <name>__mspabi_slll_1</name>
         <value>0x123bc</value>
         <object_component_ref idref="oc-62b"/>
      </symbol>
      <symbol id="sm-927">
         <name>__mspabi_slll_15</name>
         <value>0x12384</value>
         <object_component_ref idref="oc-62b"/>
      </symbol>
      <symbol id="sm-928">
         <name>__mspabi_slll_14</name>
         <value>0x12388</value>
         <object_component_ref idref="oc-62b"/>
      </symbol>
      <symbol id="sm-929">
         <name>__mspabi_slll_13</name>
         <value>0x1238c</value>
         <object_component_ref idref="oc-62b"/>
      </symbol>
      <symbol id="sm-92a">
         <name>__mspabi_slll_12</name>
         <value>0x12390</value>
         <object_component_ref idref="oc-62b"/>
      </symbol>
      <symbol id="sm-92b">
         <name>__mspabi_slll_11</name>
         <value>0x12394</value>
         <object_component_ref idref="oc-62b"/>
      </symbol>
      <symbol id="sm-92c">
         <name>__mspabi_slll_10</name>
         <value>0x12398</value>
         <object_component_ref idref="oc-62b"/>
      </symbol>
      <symbol id="sm-935">
         <name>__mspabi_srli</name>
         <value>0x1290e</value>
         <object_component_ref idref="oc-603"/>
      </symbol>
      <symbol id="sm-93d">
         <name>__mspabi_srll_8</name>
         <value>0x123de</value>
         <object_component_ref idref="oc-679"/>
      </symbol>
      <symbol id="sm-93e">
         <name>__mspabi_srll_9</name>
         <value>0x123da</value>
         <object_component_ref idref="oc-679"/>
      </symbol>
      <symbol id="sm-93f">
         <name>__mspabi_srll_6</name>
         <value>0x123e6</value>
         <object_component_ref idref="oc-679"/>
      </symbol>
      <symbol id="sm-940">
         <name>__mspabi_srll_7</name>
         <value>0x123e2</value>
         <object_component_ref idref="oc-679"/>
      </symbol>
      <symbol id="sm-941">
         <name>__mspabi_srll_4</name>
         <value>0x123ee</value>
         <object_component_ref idref="oc-679"/>
      </symbol>
      <symbol id="sm-942">
         <name>__mspabi_srll_5</name>
         <value>0x123ea</value>
         <object_component_ref idref="oc-679"/>
      </symbol>
      <symbol id="sm-943">
         <name>__mspabi_srll_2</name>
         <value>0x123f6</value>
         <object_component_ref idref="oc-679"/>
      </symbol>
      <symbol id="sm-944">
         <name>__mspabi_srll_3</name>
         <value>0x123f2</value>
         <object_component_ref idref="oc-679"/>
      </symbol>
      <symbol id="sm-945">
         <name>__mspabi_srll_1</name>
         <value>0x123fa</value>
         <object_component_ref idref="oc-679"/>
      </symbol>
      <symbol id="sm-946">
         <name>__mspabi_srll_15</name>
         <value>0x123c2</value>
         <object_component_ref idref="oc-679"/>
      </symbol>
      <symbol id="sm-947">
         <name>__mspabi_srll_14</name>
         <value>0x123c6</value>
         <object_component_ref idref="oc-679"/>
      </symbol>
      <symbol id="sm-948">
         <name>__mspabi_srll_13</name>
         <value>0x123ca</value>
         <object_component_ref idref="oc-679"/>
      </symbol>
      <symbol id="sm-949">
         <name>__mspabi_srll_12</name>
         <value>0x123ce</value>
         <object_component_ref idref="oc-679"/>
      </symbol>
      <symbol id="sm-94a">
         <name>__mspabi_srll_11</name>
         <value>0x123d2</value>
         <object_component_ref idref="oc-679"/>
      </symbol>
      <symbol id="sm-94b">
         <name>__mspabi_srll_10</name>
         <value>0x123d6</value>
         <object_component_ref idref="oc-679"/>
      </symbol>
      <symbol id="sm-954">
         <name>__mspabi_mpyi_f5hw</name>
         <value>0x12720</value>
         <object_component_ref idref="oc-547"/>
      </symbol>
      <symbol id="sm-969">
         <name>_stack</name>
         <value>0x4360</value>
         <object_component_ref idref="oc-38d"/>
      </symbol>
      <symbol id="sm-96a">
         <name>_c_int00_noargs</name>
         <value>0x462e</value>
         <object_component_ref idref="oc-3d8"/>
      </symbol>
      <symbol id="sm-96b">
         <name>_reset_vector</name>
         <value>0xfffe</value>
         <object_component_ref idref="oc-390"/>
      </symbol>
      <symbol id="sm-98e">
         <name>__TI_auto_init_nobinit_nopinit_hold_wdt</name>
         <value>0x11f62</value>
         <object_component_ref idref="oc-5d4"/>
      </symbol>
      <symbol id="sm-9a1">
         <name>__TI_zero_init_nomemset</name>
         <value>0x12568</value>
         <object_component_ref idref="oc-3c6"/>
      </symbol>
      <symbol id="sm-9ac">
         <name>_system_post_cinit</name>
         <value>0x12966</value>
         <object_component_ref idref="oc-6c2"/>
      </symbol>
      <symbol id="sm-9bd">
         <name>__TI_decompress_none</name>
         <value>0x1284e</value>
         <object_component_ref idref="oc-73"/>
      </symbol>
      <symbol id="sm-9e0">
         <name>__TI_decompress_lzss</name>
         <value>0x11b7a</value>
         <object_component_ref idref="oc-6d"/>
      </symbol>
      <symbol id="sm-9ea">
         <name>C$$EXIT</name>
         <value>0x1293c</value>
         <object_component_ref idref="oc-5b0"/>
      </symbol>
      <symbol id="sm-9eb">
         <name>abort</name>
         <value>0x1293c</value>
         <object_component_ref idref="oc-5b0"/>
      </symbol>
      <symbol id="sm-9fb">
         <name>memcpy</name>
         <value>0x12812</value>
         <object_component_ref idref="oc-39c"/>
      </symbol>
      <symbol id="sm-a09">
         <name>memset</name>
         <value>0x1277e</value>
         <object_component_ref idref="oc-63f"/>
      </symbol>
      <symbol id="sm-a5d">
         <name>__TI_printfi_minimal</name>
         <value>0x111d6</value>
         <object_component_ref idref="oc-6a7"/>
      </symbol>
      <symbol id="sm-a6e">
         <name>memccpy</name>
         <value>0x12630</value>
         <object_component_ref idref="oc-847"/>
      </symbol>
      <symbol id="sm-a7b">
         <name>strlen</name>
         <value>0x12892</value>
         <object_component_ref idref="oc-78f"/>
      </symbol>
   </symbol_table>
   <title>Link successful</title>
</link_info>
